run_id=D-final-hybrid_expand-r4-v1 cases=62
{"i": 1, "n": 62, "case": "astropy__astropy-13453", "status": "ok", "MRR": 0.0, "R@20": 0.0, "lat_ms": 2993}
{"i": 2, "n": 62, "case": "astropy__astropy-14598", "status": "ok", "MRR": 0.2, "R@20": 1.0, "lat_ms": 1944}
{"i": 3, "n": 62, "case": "astropy__astropy-14995", "status": "ok", "MRR": 0.077, "R@20": 1.0, "lat_ms": 1846}
{"i": 4, "n": 62, "case": "django__django-13112", "status": "ok", "MRR": 0.0, "R@20": 0.0, "lat_ms": 2120}
{"i": 5, "n": 62, "case": "django__django-16454", "status": "ok", "MRR": 0.333, "R@20": 1.0, "lat_ms": 2349}
{"i": 6, "n": 62, "case": "django__django-14053", "status": "ok", "MRR": 0.25, "R@20": 1.0, "lat_ms": 2379}
{"i": 7, "n": 62, "case": "django__django-12754", "status": "ok", "MRR": 0.0, "R@20": 0.0, "lat_ms": 1957}
{"i": 8, "n": 62, "case": "django__django-11433", "status": "ok", "MRR": 0.2, "R@20": 1.0, "lat_ms": 1864}
{"i": 9, "n": 62, "case": "django__django-15098", "status": "ok", "MRR": 0.0, "R@20": 0.0, "lat_ms": 2291}
{"i": 10, "n": 62, "case": "django__django-15252", "status": "ok", "MRR": 0.125, "R@20": 1.0, "lat_ms": 2225}
{"i": 11, "n": 62, "case": "django__django-10999", "status": "ok", "MRR": 1.0, "R@20": 1.0, "lat_ms": 1779}
{"i": 12, "n": 62, "case": "django__django-12708", "status": "ok", "MRR": 0.143, "R@20": 1.0, "lat_ms": 2066}
{"i": 13, "n": 62, "case": "django__django-13401", "status": "ok", "MRR": 0.0, "R@20": 0.0, "lat_ms": 2101}
{"i": 14, "n": 62, "case": "django__django-12741", "status": "ok", "MRR": 1.0, "R@20": 1.0, "lat_ms": 1867}
{"i": 15, "n": 62, "case": "django__django-11333", "status": "ok", "MRR": 1.0, "R@20": 1.0, "lat_ms": 1923}
{"i": 16, "n": 62, "case": "django__django-11141", "status": "ok", "MRR": 0.25, "R@20": 1.0, "lat_ms": 1934}
{"i": 17, "n": 62, "case": "django__django-16333", "status": "ok", "MRR": 0.053, "R@20": 1.0, "lat_ms": 2145}
{"i": 18, "n": 62, "case": "django__django-15315", "status": "ok", "MRR": 0.0, "R@20": 0.0, "lat_ms": 2225}
{"i": 19, "n": 62, "case": "django__django-14170", "status": "ok", "MRR": 0.083, "R@20": 0.5, "lat_ms": 2121}
{"i": 20, "n": 62, "case": "django__django-15987", "status": "ok", "MRR": 0.5, "R@20": 1.0, "lat_ms": 2011}
{"i": 21, "n": 62, "case": "django__django-11999", "status": "ok", "MRR": 0.0, "R@20": 0.0, "lat_ms": 1849}
{"i": 22, "n": 62, "case": "django__django-13807", "status": "ok", "MRR": 0.5, "R@20": 1.0, "lat_ms": 2198}
{"i": 23, "n": 62, "case": "django__django-15741", "status": "ok", "MRR": 0.5, "R@20": 1.0, "lat_ms": 2060}
{"i": 24, "n": 62, "case": "django__django-16877", "status": "ok", "MRR": 0.25, "R@20": 1.0, "lat_ms": 2213}
{"i": 25, "n": 62, "case": "django__django-14349", "status": "ok", "MRR": 0.2, "R@20": 1.0, "lat_ms": 2247}
{"i": 26, "n": 62, "case": "django__django-14376", "status": "ok", "MRR": 1.0, "R@20": 0.5, "lat_ms": 2151}
{"i": 27, "n": 62, "case": "django__django-11451", "status": "ok", "MRR": 1.0, "R@20": 1.0, "lat_ms": 2141}
{"i": 28, "n": 62, "case": "django__django-16901", "status": "ok", "MRR": 0.0, "R@20": 0.0, "lat_ms": 2267}
{"i": 29, "n": 62, "case": "django__django-11603", "status": "ok", "MRR": 0.167, "R@20": 1.0, "lat_ms": 1898}
{"i": 30, "n": 62, "case": "django__django-7530", "status": "ok", "MRR": 1.0, "R@20": 1.0, "lat_ms": 1769}
{"i": 31, "n": 62, "case": "django__django-12663", "status": "ok", "MRR": 0.0, "R@20": 0.0, "lat_ms": 2252}
{"i": 32, "n": 62, "case": "matplotlib__matplotlib-20859", "status": "ok", "MRR": 0.25, "R@20": 1.0, "lat_ms": 1274}
{"i": 33, "n": 62, "case": "matplotlib__matplotlib-25332", "status": "ok", "MRR": 0.0, "R@20": 0.0, "lat_ms": 1161}
{"i": 34, "n": 62, "case": "matplotlib__matplotlib-22719", "status": "ok", "MRR": 0.125, "R@20": 1.0, "lat_ms": 1386}
{"i": 35, "n": 62, "case": "matplotlib__matplotlib-13989", "status": "ok", "MRR": 0.25, "R@20": 1.0, "lat_ms": 1234}
{"i": 36, "n": 62, "case": "mwaskom__seaborn-3069", "status": "ok", "MRR": 0.059, "R@20": 1.0, "lat_ms": 220}
{"i": 37, "n": 62, "case": "pallets__flask-5014", "status": "ok", "MRR": 0.125, "R@20": 1.0, "lat_ms": 90}
{"i": 38, "n": 62, "case": "psf__requests-5414", "status": "ok", "MRR": 0.167, "R@20": 1.0, "lat_ms": 43}
{"i": 39, "n": 62, "case": "pydata__xarray-7229", "status": "ok", "MRR": 0.0, "R@20": 0.0, "lat_ms": 610}
{"i": 40, "n": 62, "case": "pydata__xarray-6721", "status": "ok", "MRR": 0.0, "R@20": 0.0, "lat_ms": 583}
{"i": 41, "n": 62, "case": "pydata__xarray-4687", "status": "ok", "MRR": 0.0, "R@20": 0.0, "lat_ms": 560}
{"i": 42, "n": 62, "case": "pylint-dev__pylint-4551", "status": "ok", "MRR": 0.0, "R@20": 0.0, "lat_ms": 302}
{"i": 43, "n": 62, "case": "pytest-dev__pytest-7521", "status": "ok", "MRR": 0.2, "R@20": 1.0, "lat_ms": 374}
{"i": 44, "n": 62, "case": "pytest-dev__pytest-5631", "status": "ok", "MRR": 0.143, "R@20": 1.0, "lat_ms": 289}
{"i": 45, "n": 62, "case": "scikit-learn__scikit-learn-14629", "status": "ok", "MRR": 0.25, "R@20": 1.0, "lat_ms": 1086}
{"i": 46, "n": 62, "case": "scikit-learn__scikit-learn-14496", "status": "ok", "MRR": 1.0, "R@20": 1.0, "lat_ms": 1116}
{"i": 47, "n": 62, "case": "scikit-learn__scikit-learn-25232", "status": "ok", "MRR": 0.5, "R@20": 1.0, "lat_ms": 1351}
{"i": 48, "n": 62, "case": "scikit-learn__scikit-learn-25102", "status": "ok", "MRR": 0.143, "R@20": 0.5, "lat_ms": 1490}
{"i": 49, "n": 62, "case": "sphinx-doc__sphinx-8593", "status": "ok", "MRR": 0.067, "R@20": 0.5, "lat_ms": 548}
{"i": 50, "n": 62, "case": "sphinx-doc__sphinx-8475", "status": "ok", "MRR": 1.0, "R@20": 1.0, "lat_ms": 557}
{"i": 51, "n": 62, "case": "sphinx-doc__sphinx-8035", "status": "ok", "MRR": 0.5, "R@20": 1.0, "lat_ms": 563}
{"i": 52, "n": 62, "case": "sphinx-doc__sphinx-8265", "status": "ok", "MRR": 0.0, "R@20": 0.0, "lat_ms": 545}
{"i": 53, "n": 62, "case": "sphinx-doc__sphinx-10435", "status": "ok", "MRR": 0.071, "R@20": 1.0, "lat_ms": 578}
{"i": 54, "n": 62, "case": "sympy__sympy-13877", "status": "ok", "MRR": 1.0, "R@20": 0.5, "lat_ms": 2750}
{"i": 55, "n": 62, "case": "sympy__sympy-24539", "status": "ok", "MRR": 0.5, "R@20": 1.0, "lat_ms": 3115}
{"i": 56, "n": 62, "case": "sympy__sympy-18698", "status": "ok", "MRR": 1.0, "R@20": 1.0, "lat_ms": 3001}
{"i": 57, "n": 62, "case": "sympy__sympy-18763", "status": "ok", "MRR": 1.0, "R@20": 1.0, "lat_ms": 3016}
{"i": 58, "n": 62, "case": "sympy__sympy-13798", "status": "ok", "MRR": 0.5, "R@20": 1.0, "lat_ms": 2493}
{"i": 59, "n": 62, "case": "sympy__sympy-18211", "status": "ok", "MRR": 0.0, "R@20": 0.0, "lat_ms": 3123}
{"i": 60, "n": 62, "case": "sympy__sympy-13091", "status": "ok", "MRR": 0.25, "R@20": 0.238, "lat_ms": 2467}
{"i": 61, "n": 62, "case": "sympy__sympy-20801", "status": "ok", "MRR": 0.0, "R@20": 0.0, "lat_ms": 3473}
{"i": 62, "n": 62, "case": "sympy__sympy-17655", "status": "ok", "MRR": 0.125, "R@20": 1.0, "lat_ms": 3508}
{"run_id": "D-final-hybrid_expand-r4-v1", "MRR": 0.30733943309594963, "R@20": 0.6731950844854071, "BCY": 0.23387096774193547, "skipped": 0}
