Warning: You are sending unauthenticated requests to the HF Hub. Please set a HF_TOKEN to enable higher rate limits and faster downloads.
Loading weights:   0%|          | 0/105 [00:00<?, ?it/s]Loading weights: 100%|██████████| 105/105 [00:00<00:00, 8470.57it/s]
run_id=D-final-hybrid_rerank-r4-v1 cases=62
{"i": 1, "n": 62, "case": "astropy__astropy-13453", "status": "ok", "MRR": 0.0, "R@20": 0.0, "lat_ms": 6211}
{"i": 2, "n": 62, "case": "astropy__astropy-14598", "status": "ok", "MRR": 1.0, "R@20": 1.0, "lat_ms": 3600}
{"i": 3, "n": 62, "case": "astropy__astropy-14995", "status": "ok", "MRR": 1.0, "R@20": 1.0, "lat_ms": 3714}
{"i": 4, "n": 62, "case": "django__django-13112", "status": "ok", "MRR": 0.0, "R@20": 0.0, "lat_ms": 3610}
{"i": 5, "n": 62, "case": "django__django-16454", "status": "ok", "MRR": 1.0, "R@20": 1.0, "lat_ms": 4325}
{"i": 6, "n": 62, "case": "django__django-14053", "status": "ok", "MRR": 1.0, "R@20": 1.0, "lat_ms": 4645}
{"i": 7, "n": 62, "case": "django__django-12754", "status": "ok", "MRR": 0.0, "R@20": 0.0, "lat_ms": 3472}
{"i": 8, "n": 62, "case": "django__django-11433", "status": "ok", "MRR": 1.0, "R@20": 1.0, "lat_ms": 3321}
{"i": 9, "n": 62, "case": "django__django-15098", "status": "ok", "MRR": 0.0, "R@20": 0.0, "lat_ms": 3813}
{"i": 10, "n": 62, "case": "django__django-15252", "status": "ok", "MRR": 0.5, "R@20": 1.0, "lat_ms": 4464}
{"i": 11, "n": 62, "case": "django__django-10999", "status": "ok", "MRR": 1.0, "R@20": 1.0, "lat_ms": 3491}
{"i": 12, "n": 62, "case": "django__django-12708", "status": "ok", "MRR": 1.0, "R@20": 1.0, "lat_ms": 3688}
{"i": 13, "n": 62, "case": "django__django-13401", "status": "ok", "MRR": 0.0, "R@20": 0.0, "lat_ms": 3721}
{"i": 14, "n": 62, "case": "django__django-12741", "status": "ok", "MRR": 1.0, "R@20": 1.0, "lat_ms": 3685}
{"i": 15, "n": 62, "case": "django__django-11333", "status": "ok", "MRR": 1.0, "R@20": 1.0, "lat_ms": 4360}
{"i": 16, "n": 62, "case": "django__django-11141", "status": "ok", "MRR": 1.0, "R@20": 1.0, "lat_ms": 4598}
{"i": 17, "n": 62, "case": "django__django-16333", "status": "ok", "MRR": 0.0, "R@20": 0.0, "lat_ms": 4209}
{"i": 18, "n": 62, "case": "django__django-15315", "status": "ok", "MRR": 0.0, "R@20": 0.0, "lat_ms": 4878}
{"i": 19, "n": 62, "case": "django__django-14170", "status": "ok", "MRR": 0.0, "R@20": 0.0, "lat_ms": 4471}
{"i": 20, "n": 62, "case": "django__django-15987", "status": "ok", "MRR": 1.0, "R@20": 1.0, "lat_ms": 4271}
{"i": 21, "n": 62, "case": "django__django-11999", "status": "ok", "MRR": 0.0, "R@20": 0.0, "lat_ms": 3990}
{"i": 22, "n": 62, "case": "django__django-13807", "status": "ok", "MRR": 1.0, "R@20": 1.0, "lat_ms": 4399}
{"i": 23, "n": 62, "case": "django__django-15741", "status": "ok", "MRR": 0.0, "R@20": 0.0, "lat_ms": 4336}
{"i": 24, "n": 62, "case": "django__django-16877", "status": "ok", "MRR": 1.0, "R@20": 1.0, "lat_ms": 4236}
{"i": 25, "n": 62, "case": "django__django-14349", "status": "ok", "MRR": 0.25, "R@20": 1.0, "lat_ms": 4266}
{"i": 26, "n": 62, "case": "django__django-14376", "status": "ok", "MRR": 1.0, "R@20": 0.5, "lat_ms": 3746}
{"i": 27, "n": 62, "case": "django__django-11451", "status": "ok", "MRR": 1.0, "R@20": 1.0, "lat_ms": 3518}
{"i": 28, "n": 62, "case": "django__django-16901", "status": "ok", "MRR": 0.0, "R@20": 0.0, "lat_ms": 4512}
{"i": 29, "n": 62, "case": "django__django-11603", "status": "ok", "MRR": 1.0, "R@20": 1.0, "lat_ms": 4161}
{"i": 30, "n": 62, "case": "django__django-7530", "status": "ok", "MRR": 1.0, "R@20": 1.0, "lat_ms": 4271}
{"i": 31, "n": 62, "case": "django__django-12663", "status": "ok", "MRR": 0.0, "R@20": 0.0, "lat_ms": 4280}
{"i": 32, "n": 62, "case": "matplotlib__matplotlib-20859", "status": "ok", "MRR": 0.5, "R@20": 1.0, "lat_ms": 2794}
{"i": 33, "n": 62, "case": "matplotlib__matplotlib-25332", "status": "ok", "MRR": 0.0, "R@20": 0.0, "lat_ms": 2596}
{"i": 34, "n": 62, "case": "matplotlib__matplotlib-22719", "status": "ok", "MRR": 1.0, "R@20": 1.0, "lat_ms": 3220}
{"i": 35, "n": 62, "case": "matplotlib__matplotlib-13989", "status": "ok", "MRR": 1.0, "R@20": 1.0, "lat_ms": 2636}
{"i": 36, "n": 62, "case": "mwaskom__seaborn-3069", "status": "ok", "MRR": 1.0, "R@20": 1.0, "lat_ms": 1801}
{"i": 37, "n": 62, "case": "pallets__flask-5014", "status": "ok", "MRR": 1.0, "R@20": 1.0, "lat_ms": 1550}
{"i": 38, "n": 62, "case": "psf__requests-5414", "status": "ok", "MRR": 1.0, "R@20": 1.0, "lat_ms": 1517}
{"i": 39, "n": 62, "case": "pydata__xarray-7229", "status": "ok", "MRR": 0.0, "R@20": 0.0, "lat_ms": 2834}
{"i": 40, "n": 62, "case": "pydata__xarray-6721", "status": "ok", "MRR": 0.0, "R@20": 0.0, "lat_ms": 2026}
{"i": 41, "n": 62, "case": "pydata__xarray-4687", "status": "ok", "MRR": 0.0, "R@20": 0.0, "lat_ms": 2195}
{"i": 42, "n": 62, "case": "pylint-dev__pylint-4551", "status": "ok", "MRR": 0.0, "R@20": 0.0, "lat_ms": 1860}
{"i": 43, "n": 62, "case": "pytest-dev__pytest-7521", "status": "ok", "MRR": 1.0, "R@20": 1.0, "lat_ms": 1763}
{"i": 44, "n": 62, "case": "pytest-dev__pytest-5631", "status": "ok", "MRR": 0.333, "R@20": 1.0, "lat_ms": 2770}
{"i": 45, "n": 62, "case": "scikit-learn__scikit-learn-14629", "status": "ok", "MRR": 0.5, "R@20": 1.0, "lat_ms": 2823}
{"i": 46, "n": 62, "case": "scikit-learn__scikit-learn-14496", "status": "ok", "MRR": 1.0, "R@20": 1.0, "lat_ms": 2614}
{"i": 47, "n": 62, "case": "scikit-learn__scikit-learn-25232", "status": "ok", "MRR": 1.0, "R@20": 1.0, "lat_ms": 2869}
{"i": 48, "n": 62, "case": "scikit-learn__scikit-learn-25102", "status": "ok", "MRR": 0.083, "R@20": 0.5, "lat_ms": 3015}
{"i": 49, "n": 62, "case": "sphinx-doc__sphinx-8593", "status": "ok", "MRR": 0.5, "R@20": 0.5, "lat_ms": 2009}
{"i": 50, "n": 62, "case": "sphinx-doc__sphinx-8475", "status": "ok", "MRR": 1.0, "R@20": 1.0, "lat_ms": 2233}
{"i": 51, "n": 62, "case": "sphinx-doc__sphinx-8035", "status": "ok", "MRR": 1.0, "R@20": 1.0, "lat_ms": 2139}
{"i": 52, "n": 62, "case": "sphinx-doc__sphinx-8265", "status": "ok", "MRR": 0.0, "R@20": 0.0, "lat_ms": 3138}
{"i": 53, "n": 62, "case": "sphinx-doc__sphinx-10435", "status": "ok", "MRR": 0.0, "R@20": 0.0, "lat_ms": 2094}
{"i": 54, "n": 62, "case": "sympy__sympy-13877", "status": "ok", "MRR": 0.5, "R@20": 0.5, "lat_ms": 5249}
{"i": 55, "n": 62, "case": "sympy__sympy-24539", "status": "ok", "MRR": 1.0, "R@20": 1.0, "lat_ms": 5159}
{"i": 56, "n": 62, "case": "sympy__sympy-18698", "status": "ok", "MRR": 0.5, "R@20": 1.0, "lat_ms": 5391}
{"i": 57, "n": 62, "case": "sympy__sympy-18763", "status": "ok", "MRR": 1.0, "R@20": 1.0, "lat_ms": 5725}
{"i": 58, "n": 62, "case": "sympy__sympy-13798", "status": "ok", "MRR": 1.0, "R@20": 1.0, "lat_ms": 4127}
{"i": 59, "n": 62, "case": "sympy__sympy-18211", "status": "ok", "MRR": 0.0, "R@20": 0.0, "lat_ms": 5955}
{"i": 60, "n": 62, "case": "sympy__sympy-13091", "status": "ok", "MRR": 1.0, "R@20": 0.19, "lat_ms": 4129}
{"i": 61, "n": 62, "case": "sympy__sympy-20801", "status": "ok", "MRR": 0.0, "R@20": 0.0, "lat_ms": 6283}
{"i": 62, "n": 62, "case": "sympy__sympy-17655", "status": "ok", "MRR": 1.0, "R@20": 1.0, "lat_ms": 6094}
{"run_id": "D-final-hybrid_rerank-r4-v1", "MRR": 0.575268817204301, "R@20": 0.6159754224270353, "BCY": 0.5330261136712751, "skipped": 0}
