run_id=D-final-dense-r4-v1 cases=62
{"i": 1, "n": 62, "case": "astropy__astropy-13453", "status": "ok", "MRR": 0.05, "R@20": 1.0, "lat_ms": 655}
{"i": 2, "n": 62, "case": "astropy__astropy-14598", "status": "ok", "MRR": 0.0, "R@20": 0.0, "lat_ms": 633}
{"i": 3, "n": 62, "case": "astropy__astropy-14995", "status": "ok", "MRR": 0.0, "R@20": 0.0, "lat_ms": 545}
{"i": 4, "n": 62, "case": "django__django-13112", "status": "ok", "MRR": 0.0, "R@20": 0.0, "lat_ms": 492}
{"i": 5, "n": 62, "case": "django__django-16454", "status": "ok", "MRR": 1.0, "R@20": 1.0, "lat_ms": 1739}
{"i": 6, "n": 62, "case": "django__django-14053", "status": "ok", "MRR": 0.2, "R@20": 1.0, "lat_ms": 536}
{"i": 7, "n": 62, "case": "django__django-12754", "status": "ok", "MRR": 0.0, "R@20": 0.0, "lat_ms": 604}
{"i": 8, "n": 62, "case": "django__django-11433", "status": "ok", "MRR": 0.143, "R@20": 1.0, "lat_ms": 525}
{"i": 9, "n": 62, "case": "django__django-15098", "status": "ok", "MRR": 0.0, "R@20": 0.0, "lat_ms": 499}
{"i": 10, "n": 62, "case": "django__django-15252", "status": "ok", "MRR": 0.059, "R@20": 1.0, "lat_ms": 490}
{"i": 11, "n": 62, "case": "django__django-10999", "status": "ok", "MRR": 0.333, "R@20": 1.0, "lat_ms": 424}
{"i": 12, "n": 62, "case": "django__django-12708", "status": "ok", "MRR": 0.1, "R@20": 1.0, "lat_ms": 415}
{"i": 13, "n": 62, "case": "django__django-13401", "status": "ok", "MRR": 0.0, "R@20": 0.0, "lat_ms": 483}
{"i": 14, "n": 62, "case": "django__django-12741", "status": "ok", "MRR": 0.5, "R@20": 1.0, "lat_ms": 528}
{"i": 15, "n": 62, "case": "django__django-11333", "status": "ok", "MRR": 0.333, "R@20": 1.0, "lat_ms": 511}
{"i": 16, "n": 62, "case": "django__django-11141", "status": "ok", "MRR": 0.333, "R@20": 1.0, "lat_ms": 471}
{"i": 17, "n": 62, "case": "django__django-16333", "status": "ok", "MRR": 0.0, "R@20": 0.0, "lat_ms": 573}
{"i": 18, "n": 62, "case": "django__django-15315", "status": "ok", "MRR": 0.0, "R@20": 0.0, "lat_ms": 493}
{"i": 19, "n": 62, "case": "django__django-14170", "status": "ok", "MRR": 0.0, "R@20": 0.0, "lat_ms": 636}
{"i": 20, "n": 62, "case": "django__django-15987", "status": "ok", "MRR": 0.5, "R@20": 1.0, "lat_ms": 573}
{"i": 21, "n": 62, "case": "django__django-11999", "status": "ok", "MRR": 0.053, "R@20": 1.0, "lat_ms": 635}
{"i": 22, "n": 62, "case": "django__django-13807", "status": "ok", "MRR": 0.0, "R@20": 0.0, "lat_ms": 503}
{"i": 23, "n": 62, "case": "django__django-15741", "status": "ok", "MRR": 0.0, "R@20": 0.0, "lat_ms": 488}
{"i": 24, "n": 62, "case": "django__django-16877", "status": "ok", "MRR": 0.111, "R@20": 1.0, "lat_ms": 537}
{"i": 25, "n": 62, "case": "django__django-14349", "status": "ok", "MRR": 0.0, "R@20": 0.0, "lat_ms": 629}
{"i": 26, "n": 62, "case": "django__django-14376", "status": "ok", "MRR": 1.0, "R@20": 0.5, "lat_ms": 471}
{"i": 27, "n": 62, "case": "django__django-11451", "status": "ok", "MRR": 1.0, "R@20": 1.0, "lat_ms": 558}
{"i": 28, "n": 62, "case": "django__django-16901", "status": "ok", "MRR": 0.0, "R@20": 0.0, "lat_ms": 428}
{"i": 29, "n": 62, "case": "django__django-11603", "status": "ok", "MRR": 0.167, "R@20": 1.0, "lat_ms": 629}
{"i": 30, "n": 62, "case": "django__django-7530", "status": "ok", "MRR": 1.0, "R@20": 1.0, "lat_ms": 418}
{"i": 31, "n": 62, "case": "django__django-12663", "status": "ok", "MRR": 0.0, "R@20": 0.0, "lat_ms": 495}
{"i": 32, "n": 62, "case": "matplotlib__matplotlib-20859", "status": "ok", "MRR": 0.1, "R@20": 1.0, "lat_ms": 459}
{"i": 33, "n": 62, "case": "matplotlib__matplotlib-25332", "status": "ok", "MRR": 0.0, "R@20": 0.0, "lat_ms": 465}
{"i": 34, "n": 62, "case": "matplotlib__matplotlib-22719", "status": "ok", "MRR": 0.1, "R@20": 1.0, "lat_ms": 437}
{"i": 35, "n": 62, "case": "matplotlib__matplotlib-13989", "status": "ok", "MRR": 0.5, "R@20": 1.0, "lat_ms": 1694}
{"i": 36, "n": 62, "case": "mwaskom__seaborn-3069", "status": "ok", "MRR": 0.1, "R@20": 1.0, "lat_ms": 468}
{"i": 37, "n": 62, "case": "pallets__flask-5014", "status": "ok", "MRR": 1.0, "R@20": 1.0, "lat_ms": 440}
{"i": 38, "n": 62, "case": "psf__requests-5414", "status": "ok", "MRR": 0.143, "R@20": 1.0, "lat_ms": 724}
{"i": 39, "n": 62, "case": "pydata__xarray-7229", "status": "ok", "MRR": 0.0, "R@20": 0.0, "lat_ms": 1242}
{"i": 40, "n": 62, "case": "pydata__xarray-6721", "status": "ok", "MRR": 0.0, "R@20": 0.0, "lat_ms": 431}
{"i": 41, "n": 62, "case": "pydata__xarray-4687", "status": "ok", "MRR": 0.0, "R@20": 0.0, "lat_ms": 489}
{"i": 42, "n": 62, "case": "pylint-dev__pylint-4551", "status": "ok", "MRR": 0.0, "R@20": 0.0, "lat_ms": 421}
{"i": 43, "n": 62, "case": "pytest-dev__pytest-7521", "status": "ok", "MRR": 0.077, "R@20": 1.0, "lat_ms": 559}
{"i": 44, "n": 62, "case": "pytest-dev__pytest-5631", "status": "ok", "MRR": 0.143, "R@20": 1.0, "lat_ms": 471}
{"i": 45, "n": 62, "case": "scikit-learn__scikit-learn-14629", "status": "ok", "MRR": 0.062, "R@20": 1.0, "lat_ms": 471}
{"i": 46, "n": 62, "case": "scikit-learn__scikit-learn-14496", "status": "ok", "MRR": 1.0, "R@20": 1.0, "lat_ms": 432}
{"i": 47, "n": 62, "case": "scikit-learn__scikit-learn-25232", "status": "ok", "MRR": 0.25, "R@20": 1.0, "lat_ms": 506}
{"i": 48, "n": 62, "case": "scikit-learn__scikit-learn-25102", "status": "ok", "MRR": 0.0, "R@20": 0.0, "lat_ms": 441}
{"i": 49, "n": 62, "case": "sphinx-doc__sphinx-8593", "status": "ok", "MRR": 0.111, "R@20": 0.5, "lat_ms": 449}
{"i": 50, "n": 62, "case": "sphinx-doc__sphinx-8475", "status": "ok", "MRR": 0.5, "R@20": 1.0, "lat_ms": 585}
{"i": 51, "n": 62, "case": "sphinx-doc__sphinx-8035", "status": "ok", "MRR": 0.5, "R@20": 1.0, "lat_ms": 516}
{"i": 52, "n": 62, "case": "sphinx-doc__sphinx-8265", "status": "ok", "MRR": 0.0, "R@20": 0.0, "lat_ms": 498}
{"i": 53, "n": 62, "case": "sphinx-doc__sphinx-10435", "status": "ok", "MRR": 0.0, "R@20": 0.0, "lat_ms": 468}
{"i": 54, "n": 62, "case": "sympy__sympy-13877", "status": "ok", "MRR": 0.25, "R@20": 0.5, "lat_ms": 2448}
{"i": 55, "n": 62, "case": "sympy__sympy-24539", "status": "ok", "MRR": 0.2, "R@20": 1.0, "lat_ms": 508}
{"i": 56, "n": 62, "case": "sympy__sympy-18698", "status": "ok", "MRR": 1.0, "R@20": 1.0, "lat_ms": 814}
{"i": 57, "n": 62, "case": "sympy__sympy-18763", "status": "ok", "MRR": 1.0, "R@20": 1.0, "lat_ms": 513}
{"i": 58, "n": 62, "case": "sympy__sympy-13798", "status": "ok", "MRR": 0.25, "R@20": 1.0, "lat_ms": 476}
{"i": 59, "n": 62, "case": "sympy__sympy-18211", "status": "ok", "MRR": 0.05, "R@20": 1.0, "lat_ms": 576}
{"i": 60, "n": 62, "case": "sympy__sympy-13091", "status": "ok", "MRR": 0.5, "R@20": 0.143, "lat_ms": 513}
{"i": 61, "n": 62, "case": "sympy__sympy-20801", "status": "ok", "MRR": 0.0, "R@20": 0.0, "lat_ms": 611}
{"i": 62, "n": 62, "case": "sympy__sympy-17655", "status": "ok", "MRR": 1.0, "R@20": 1.0, "lat_ms": 546}
{"run_id": "D-final-dense-r4-v1", "MRR": 0.25352158875391173, "R@20": 0.5910138248847927, "BCY": 0.21044546850998463, "skipped": 0}
