run_id=D2-ablation-delphi-norerank-v1 cases=98
{"i": 1, "n": 98, "case": "astropy__astropy-7606", "status": "ok", "MRR": 1.0, "R@20": 1.0, "lat_ms": 5797}
{"i": 2, "n": 98, "case": "astropy__astropy-13398", "status": "ok", "MRR": 0.25, "R@20": 0.667, "lat_ms": 6739}
{"i": 3, "n": 98, "case": "astropy__astropy-14309", "status": "ok", "MRR": 0.0, "R@20": 0.0, "lat_ms": 5929}
{"i": 4, "n": 98, "case": "astropy__astropy-14369", "status": "ok", "MRR": 0.2, "R@20": 0.5, "lat_ms": 4781}
{"i": 5, "n": 98, "case": "django__django-14672", "status": "ok", "MRR": 0.25, "R@20": 1.0, "lat_ms": 5787}
{"i": 6, "n": 98, "case": "django__django-16819", "status": "ok", "MRR": 1.0, "R@20": 1.0, "lat_ms": 1583}
{"i": 7, "n": 98, "case": "django__django-15572", "status": "ok", "MRR": 1.0, "R@20": 1.0, "lat_ms": 7057}
{"i": 8, "n": 98, "case": "django__django-16662", "status": "ok", "MRR": 0.0, "R@20": 0.0, "lat_ms": 5567}
{"i": 9, "n": 98, "case": "django__django-16938", "status": "ok", "MRR": 0.0, "R@20": 0.0, "lat_ms": 5991}
{"i": 10, "n": 98, "case": "django__django-14315", "status": "ok", "MRR": 0.333, "R@20": 1.0, "lat_ms": 3874}
{"i": 11, "n": 98, "case": "django__django-14238", "status": "ok", "MRR": 0.5, "R@20": 1.0, "lat_ms": 3468}
{"i": 12, "n": 98, "case": "django__django-16263", "status": "ok", "MRR": 0.167, "R@20": 0.25, "lat_ms": 4010}
{"i": 13, "n": 98, "case": "django__django-13315", "status": "ok", "MRR": 0.25, "R@20": 1.0, "lat_ms": 3880}
{"i": 14, "n": 98, "case": "django__django-13837", "status": "ok", "MRR": 1.0, "R@20": 1.0, "lat_ms": 4317}
{"i": 15, "n": 98, "case": "django__django-13810", "status": "ok", "MRR": 1.0, "R@20": 1.0, "lat_ms": 3859}
{"i": 16, "n": 98, "case": "django__django-16255", "status": "ok", "MRR": 1.0, "R@20": 1.0, "lat_ms": 3937}
{"i": 17, "n": 98, "case": "django__django-14017", "status": "ok", "MRR": 0.333, "R@20": 1.0, "lat_ms": 3390}
{"i": 18, "n": 98, "case": "django__django-14765", "status": "ok", "MRR": 1.0, "R@20": 1.0, "lat_ms": 3182}
{"i": 19, "n": 98, "case": "django__django-12276", "status": "ok", "MRR": 1.0, "R@20": 1.0, "lat_ms": 3878}
{"i": 20, "n": 98, "case": "django__django-12143", "status": "ok", "MRR": 0.5, "R@20": 1.0, "lat_ms": 3041}
{"i": 21, "n": 98, "case": "django__django-11206", "status": "ok", "MRR": 1.0, "R@20": 1.0, "lat_ms": 3321}
{"i": 22, "n": 98, "case": "django__django-15554", "status": "ok", "MRR": 0.25, "R@20": 1.0, "lat_ms": 3792}
{"i": 23, "n": 98, "case": "django__django-15814", "status": "ok", "MRR": 0.0, "R@20": 0.0, "lat_ms": 2527}
{"i": 24, "n": 98, "case": "django__django-13513", "status": "ok", "MRR": 0.333, "R@20": 1.0, "lat_ms": 3948}
{"i": 25, "n": 98, "case": "django__django-13363", "status": "ok", "MRR": 0.5, "R@20": 1.0, "lat_ms": 4735}
{"i": 26, "n": 98, "case": "django__django-13158", "status": "ok", "MRR": 0.077, "R@20": 1.0, "lat_ms": 3962}
{"i": 27, "n": 98, "case": "django__django-9296", "status": "ok", "MRR": 1.0, "R@20": 1.0, "lat_ms": 4323}
{"i": 28, "n": 98, "case": "django__django-11555", "status": "ok", "MRR": 0.0, "R@20": 0.0, "lat_ms": 3914}
{"i": 29, "n": 98, "case": "django__django-17029", "status": "ok", "MRR": 1.0, "R@20": 1.0, "lat_ms": 1482}
{"i": 30, "n": 98, "case": "django__django-11734", "status": "ok", "MRR": 0.056, "R@20": 0.333, "lat_ms": 3838}
{"i": 31, "n": 98, "case": "django__django-16631", "status": "ok", "MRR": 1.0, "R@20": 1.0, "lat_ms": 5637}
{"i": 32, "n": 98, "case": "django__django-13033", "status": "ok", "MRR": 0.0, "R@20": 0.0, "lat_ms": 3969}
{"i": 33, "n": 98, "case": "django__django-11211", "status": "ok", "MRR": 0.091, "R@20": 1.0, "lat_ms": 1848}
{"i": 34, "n": 98, "case": "django__django-13786", "status": "ok", "MRR": 1.0, "R@20": 1.0, "lat_ms": 4414}
{"i": 35, "n": 98, "case": "django__django-16527", "status": "ok", "MRR": 0.25, "R@20": 1.0, "lat_ms": 3583}
{"i": 36, "n": 98, "case": "django__django-15375", "status": "ok", "MRR": 0.5, "R@20": 1.0, "lat_ms": 4733}
{"i": 37, "n": 98, "case": "django__django-13670", "status": "ok", "MRR": 1.0, "R@20": 1.0, "lat_ms": 3649}
{"i": 38, "n": 98, "case": "django__django-11138", "status": "ok", "MRR": 0.25, "R@20": 0.75, "lat_ms": 5214}
{"i": 39, "n": 98, "case": "django__django-14089", "status": "ok", "MRR": 1.0, "R@20": 1.0, "lat_ms": 3561}
{"i": 40, "n": 98, "case": "django__django-11099", "status": "ok", "MRR": 1.0, "R@20": 1.0, "lat_ms": 3523}
{"i": 41, "n": 98, "case": "django__django-11119", "status": "ok", "MRR": 1.0, "R@20": 1.0, "lat_ms": 4012}
{"i": 42, "n": 98, "case": "django__django-15103", "status": "ok", "MRR": 1.0, "R@20": 1.0, "lat_ms": 3448}
{"i": 43, "n": 98, "case": "django__django-14404", "status": "ok", "MRR": 0.0, "R@20": 0.0, "lat_ms": 1573}
{"i": 44, "n": 98, "case": "django__django-11149", "status": "ok", "MRR": 0.333, "R@20": 1.0, "lat_ms": 2510}
{"i": 45, "n": 98, "case": "django__django-11477", "status": "ok", "MRR": 0.056, "R@20": 1.0, "lat_ms": 3786}
{"i": 46, "n": 98, "case": "django__django-16493", "status": "ok", "MRR": 0.5, "R@20": 1.0, "lat_ms": 4061}
{"i": 47, "n": 98, "case": "django__django-11292", "status": "ok", "MRR": 0.071, "R@20": 1.0, "lat_ms": 4202}
{"i": 48, "n": 98, "case": "django__django-12858", "status": "ok", "MRR": 0.2, "R@20": 1.0, "lat_ms": 5293}
{"i": 49, "n": 98, "case": "django__django-13964", "status": "ok", "MRR": 1.0, "R@20": 1.0, "lat_ms": 4663}
{"i": 50, "n": 98, "case": "matplotlib__matplotlib-20676", "status": "ok", "MRR": 1.0, "R@20": 1.0, "lat_ms": 3663}
{"i": 51, "n": 98, "case": "matplotlib__matplotlib-25479", "status": "ok", "MRR": 1.0, "R@20": 1.0, "lat_ms": 3158}
{"i": 52, "n": 98, "case": "matplotlib__matplotlib-23314", "status": "ok", "MRR": 0.0, "R@20": 0.0, "lat_ms": 4107}
{"i": 53, "n": 98, "case": "matplotlib__matplotlib-24627", "status": "ok", "MRR": 0.1, "R@20": 1.0, "lat_ms": 1566}
{"i": 54, "n": 98, "case": "matplotlib__matplotlib-24637", "status": "ok", "MRR": 1.0, "R@20": 1.0, "lat_ms": 4502}
{"i": 55, "n": 98, "case": "matplotlib__matplotlib-24149", "status": "ok", "MRR": 0.5, "R@20": 1.0, "lat_ms": 3887}
{"i": 56, "n": 98, "case": "matplotlib__matplotlib-23412", "status": "ok", "MRR": 1.0, "R@20": 1.0, "lat_ms": 3619}
{"i": 57, "n": 98, "case": "mwaskom__seaborn-3187", "status": "ok", "MRR": 0.111, "R@20": 1.0, "lat_ms": 3761}
{"i": 58, "n": 98, "case": "psf__requests-1142", "status": "ok", "MRR": 0.077, "R@20": 1.0, "lat_ms": 1366}
{"i": 59, "n": 98, "case": "psf__requests-1921", "status": "ok", "MRR": 1.0, "R@20": 1.0, "lat_ms": 3185}
{"i": 60, "n": 98, "case": "pydata__xarray-4075", "status": "ok", "MRR": 1.0, "R@20": 1.0, "lat_ms": 3623}
{"i": 61, "n": 98, "case": "pydata__xarray-4966", "status": "ok", "MRR": 0.077, "R@20": 1.0, "lat_ms": 4005}
{"i": 62, "n": 98, "case": "pydata__xarray-6992", "status": "ok", "MRR": 1.0, "R@20": 1.0, "lat_ms": 5704}
{"i": 63, "n": 98, "case": "pydata__xarray-6744", "status": "ok", "MRR": 1.0, "R@20": 1.0, "lat_ms": 3580}
{"i": 64, "n": 98, "case": "pylint-dev__pylint-4661", "status": "ok", "MRR": 0.059, "R@20": 1.0, "lat_ms": 4433}
{"i": 65, "n": 98, "case": "pylint-dev__pylint-7080", "status": "ok", "MRR": 0.0, "R@20": 0.0, "lat_ms": 4504}
{"i": 66, "n": 98, "case": "pytest-dev__pytest-7571", "status": "ok", "MRR": 0.333, "R@20": 1.0, "lat_ms": 2996}
{"i": 67, "n": 98, "case": "pytest-dev__pytest-5809", "status": "ok", "MRR": 0.2, "R@20": 1.0, "lat_ms": 3222}
{"i": 68, "n": 98, "case": "pytest-dev__pytest-10051", "status": "ok", "MRR": 0.1, "R@20": 1.0, "lat_ms": 3260}
{"i": 69, "n": 98, "case": "pytest-dev__pytest-7432", "status": "ok", "MRR": 0.5, "R@20": 1.0, "lat_ms": 3796}
{"i": 70, "n": 98, "case": "scikit-learn__scikit-learn-10908", "status": "ok", "MRR": 1.0, "R@20": 1.0, "lat_ms": 3600}
{"i": 71, "n": 98, "case": "scikit-learn__scikit-learn-10844", "status": "ok", "MRR": 0.05, "R@20": 1.0, "lat_ms": 4167}
{"i": 72, "n": 98, "case": "scikit-learn__scikit-learn-15100", "status": "ok", "MRR": 1.0, "R@20": 1.0, "lat_ms": 4889}
{"i": 73, "n": 98, "case": "scikit-learn__scikit-learn-12682", "status": "ok", "MRR": 1.0, "R@20": 1.0, "lat_ms": 3710}
{"i": 74, "n": 98, "case": "scikit-learn__scikit-learn-25931", "status": "ok", "MRR": 1.0, "R@20": 1.0, "lat_ms": 4293}
{"i": 75, "n": 98, "case": "sphinx-doc__sphinx-8269", "status": "ok", "MRR": 1.0, "R@20": 1.0, "lat_ms": 3677}
{"i": 76, "n": 98, "case": "sphinx-doc__sphinx-10449", "status": "ok", "MRR": 0.0, "R@20": 0.0, "lat_ms": 3258}
{"i": 77, "n": 98, "case": "sphinx-doc__sphinx-8459", "status": "ok", "MRR": 0.25, "R@20": 1.0, "lat_ms": 4337}
{"i": 78, "n": 98, "case": "sphinx-doc__sphinx-11510", "status": "ok", "MRR": 0.0, "R@20": 0.0, "lat_ms": 3856}
{"i": 79, "n": 98, "case": "sphinx-doc__sphinx-8120", "status": "ok", "MRR": 0.25, "R@20": 0.5, "lat_ms": 4072}
{"i": 80, "n": 98, "case": "sphinx-doc__sphinx-7748", "status": "ok", "MRR": 0.333, "R@20": 1.0, "lat_ms": 4336}
{"i": 81, "n": 98, "case": "sphinx-doc__sphinx-9591", "status": "ok", "MRR": 0.0, "R@20": 0.0, "lat_ms": 4348}
{"i": 82, "n": 98, "case": "sphinx-doc__sphinx-8548", "status": "ok", "MRR": 1.0, "R@20": 1.0, "lat_ms": 3868}
{"i": 83, "n": 98, "case": "sphinx-doc__sphinx-8056", "status": "ok", "MRR": 0.5, "R@20": 1.0, "lat_ms": 3958}
{"i": 84, "n": 98, "case": "sympy__sympy-13372", "status": "ok", "MRR": 0.5, "R@20": 1.0, "lat_ms": 4031}
{"i": 85, "n": 98, "case": "sympy__sympy-23824", "status": "ok", "MRR": 1.0, "R@20": 1.0, "lat_ms": 4965}
{"i": 86, "n": 98, "case": "sympy__sympy-22080", "status": "ok", "MRR": 0.0, "R@20": 0.0, "lat_ms": 4365}
{"i": 87, "n": 98, "case": "sympy__sympy-24066", "status": "ok", "MRR": 0.167, "R@20": 1.0, "lat_ms": 2155}
{"i": 88, "n": 98, "case": "sympy__sympy-17630", "status": "ok", "MRR": 0.333, "R@20": 1.0, "lat_ms": 4891}
{"i": 89, "n": 98, "case": "sympy__sympy-21379", "status": "ok", "MRR": 0.0, "R@20": 0.0, "lat_ms": 4377}
{"i": 90, "n": 98, "case": "sympy__sympy-13878", "status": "ok", "MRR": 0.333, "R@20": 1.0, "lat_ms": 4806}
{"i": 91, "n": 98, "case": "sympy__sympy-24443", "status": "ok", "MRR": 0.5, "R@20": 1.0, "lat_ms": 7921}
{"i": 92, "n": 98, "case": "sympy__sympy-22456", "status": "ok", "MRR": 0.0, "R@20": 0.0, "lat_ms": 1688}
{"i": 93, "n": 98, "case": "sympy__sympy-13757", "status": "ok", "MRR": 1.0, "R@20": 1.0, "lat_ms": 3430}
{"i": 94, "n": 98, "case": "sympy__sympy-12489", "status": "ok", "MRR": 1.0, "R@20": 1.0, "lat_ms": 3408}
{"i": 95, "n": 98, "case": "sympy__sympy-24562", "status": "ok", "MRR": 1.0, "R@20": 1.0, "lat_ms": 3770}
{"i": 96, "n": 98, "case": "sympy__sympy-12481", "status": "ok", "MRR": 1.0, "R@20": 1.0, "lat_ms": 4455}
{"i": 97, "n": 98, "case": "sympy__sympy-20590", "status": "ok", "MRR": 0.0, "R@20": 0.0, "lat_ms": 4026}
{"i": 98, "n": 98, "case": "sympy__sympy-23262", "status": "ok", "MRR": 0.143, "R@20": 1.0, "lat_ms": 4027}
{"run_id": "D2-ablation-delphi-norerank-v1", "MRR": 0.5068062223224289, "R@20": 0.8061224489795918, "BCY": 0.40816326530612246, "skipped": 0}
