Loading weights:   0%|          | 0/105 [00:00<?, ?it/s]Loading weights: 100%|██████████| 105/105 [00:00<00:00, 6695.18it/s]
run_id=D2-final-hybrid_rerank_expand-r4-v1 cases=98
{"i": 1, "n": 98, "case": "astropy__astropy-7606", "status": "ok", "MRR": 1.0, "R@20": 1.0, "lat_ms": 10000}
{"i": 2, "n": 98, "case": "astropy__astropy-13398", "status": "ok", "MRR": 1.0, "R@20": 1.0, "lat_ms": 9851}
{"i": 3, "n": 98, "case": "astropy__astropy-14309", "status": "ok", "MRR": 0.0, "R@20": 0.0, "lat_ms": 9374}
{"i": 4, "n": 98, "case": "astropy__astropy-14369", "status": "ok", "MRR": 0.333, "R@20": 0.5, "lat_ms": 7586}
{"i": 5, "n": 98, "case": "django__django-14672", "status": "ok", "MRR": 0.5, "R@20": 1.0, "lat_ms": 7221}
{"i": 6, "n": 98, "case": "django__django-16819", "status": "ok", "MRR": 0.111, "R@20": 1.0, "lat_ms": 2107}
{"i": 7, "n": 98, "case": "django__django-15572", "status": "ok", "MRR": 1.0, "R@20": 1.0, "lat_ms": 8121}
{"i": 8, "n": 98, "case": "django__django-16662", "status": "ok", "MRR": 1.0, "R@20": 1.0, "lat_ms": 6711}
{"i": 9, "n": 98, "case": "django__django-16938", "status": "ok", "MRR": 0.5, "R@20": 0.5, "lat_ms": 8045}
{"i": 10, "n": 98, "case": "django__django-14315", "status": "ok", "MRR": 1.0, "R@20": 1.0, "lat_ms": 6279}
{"i": 11, "n": 98, "case": "django__django-14238", "status": "ok", "MRR": 0.167, "R@20": 1.0, "lat_ms": 2452}
{"i": 12, "n": 98, "case": "django__django-16263", "status": "ok", "MRR": 1.0, "R@20": 0.5, "lat_ms": 7402}
{"i": 13, "n": 98, "case": "django__django-13315", "status": "ok", "MRR": 0.25, "R@20": 1.0, "lat_ms": 6316}
{"i": 14, "n": 98, "case": "django__django-13837", "status": "ok", "MRR": 1.0, "R@20": 1.0, "lat_ms": 6648}
{"i": 15, "n": 98, "case": "django__django-13810", "status": "ok", "MRR": 1.0, "R@20": 1.0, "lat_ms": 6514}
{"i": 16, "n": 98, "case": "django__django-16255", "status": "ok", "MRR": 1.0, "R@20": 1.0, "lat_ms": 6228}
{"i": 17, "n": 98, "case": "django__django-14017", "status": "ok", "MRR": 0.0, "R@20": 0.0, "lat_ms": 6133}
{"i": 18, "n": 98, "case": "django__django-14765", "status": "ok", "MRR": 1.0, "R@20": 1.0, "lat_ms": 6475}
{"i": 19, "n": 98, "case": "django__django-12276", "status": "ok", "MRR": 1.0, "R@20": 1.0, "lat_ms": 6101}
{"i": 20, "n": 98, "case": "django__django-12143", "status": "ok", "MRR": 0.0, "R@20": 0.0, "lat_ms": 6197}
{"i": 21, "n": 98, "case": "django__django-11206", "status": "ok", "MRR": 1.0, "R@20": 1.0, "lat_ms": 5446}
{"i": 22, "n": 98, "case": "django__django-15554", "status": "ok", "MRR": 1.0, "R@20": 1.0, "lat_ms": 6546}
{"i": 23, "n": 98, "case": "django__django-15814", "status": "ok", "MRR": 0.0, "R@20": 0.0, "lat_ms": 2536}
{"i": 24, "n": 98, "case": "django__django-13513", "status": "ok", "MRR": 1.0, "R@20": 1.0, "lat_ms": 6916}
{"i": 25, "n": 98, "case": "django__django-13363", "status": "ok", "MRR": 1.0, "R@20": 1.0, "lat_ms": 7165}
{"i": 26, "n": 98, "case": "django__django-13158", "status": "ok", "MRR": 0.0, "R@20": 0.0, "lat_ms": 6995}
{"i": 27, "n": 98, "case": "django__django-9296", "status": "ok", "MRR": 1.0, "R@20": 1.0, "lat_ms": 6747}
{"i": 28, "n": 98, "case": "django__django-11555", "status": "ok", "MRR": 0.111, "R@20": 1.0, "lat_ms": 7230}
{"i": 29, "n": 98, "case": "django__django-17029", "status": "ok", "MRR": 1.0, "R@20": 1.0, "lat_ms": 2434}
{"i": 30, "n": 98, "case": "django__django-11734", "status": "ok", "MRR": 0.25, "R@20": 0.333, "lat_ms": 6950}
{"i": 31, "n": 98, "case": "django__django-16631", "status": "ok", "MRR": 0.091, "R@20": 0.5, "lat_ms": 6599}
{"i": 32, "n": 98, "case": "django__django-13033", "status": "ok", "MRR": 1.0, "R@20": 1.0, "lat_ms": 6154}
{"i": 33, "n": 98, "case": "django__django-11211", "status": "ok", "MRR": 0.0, "R@20": 0.0, "lat_ms": 2252}
{"i": 34, "n": 98, "case": "django__django-13786", "status": "ok", "MRR": 1.0, "R@20": 1.0, "lat_ms": 7870}
{"i": 35, "n": 98, "case": "django__django-16527", "status": "ok", "MRR": 1.0, "R@20": 1.0, "lat_ms": 6298}
{"i": 36, "n": 98, "case": "django__django-15375", "status": "ok", "MRR": 0.0, "R@20": 0.0, "lat_ms": 6585}
{"i": 37, "n": 98, "case": "django__django-13670", "status": "ok", "MRR": 0.0, "R@20": 0.0, "lat_ms": 5944}
{"i": 38, "n": 98, "case": "django__django-11138", "status": "ok", "MRR": 0.0, "R@20": 0.0, "lat_ms": 7225}
{"i": 39, "n": 98, "case": "django__django-14089", "status": "ok", "MRR": 1.0, "R@20": 1.0, "lat_ms": 6147}
{"i": 40, "n": 98, "case": "django__django-11099", "status": "ok", "MRR": 1.0, "R@20": 1.0, "lat_ms": 6137}
{"i": 41, "n": 98, "case": "django__django-11119", "status": "ok", "MRR": 0.0, "R@20": 0.0, "lat_ms": 6332}
{"i": 42, "n": 98, "case": "django__django-15103", "status": "ok", "MRR": 1.0, "R@20": 1.0, "lat_ms": 6392}
{"i": 43, "n": 98, "case": "django__django-14404", "status": "ok", "MRR": 1.0, "R@20": 1.0, "lat_ms": 2146}
{"i": 44, "n": 98, "case": "django__django-11149", "status": "ok", "MRR": 0.333, "R@20": 1.0, "lat_ms": 2124}
{"i": 45, "n": 98, "case": "django__django-11477", "status": "ok", "MRR": 0.5, "R@20": 1.0, "lat_ms": 6899}
{"i": 46, "n": 98, "case": "django__django-16493", "status": "ok", "MRR": 1.0, "R@20": 1.0, "lat_ms": 2593}
{"i": 47, "n": 98, "case": "django__django-11292", "status": "ok", "MRR": 1.0, "R@20": 1.0, "lat_ms": 7095}
{"i": 48, "n": 98, "case": "django__django-12858", "status": "ok", "MRR": 1.0, "R@20": 1.0, "lat_ms": 2202}
{"i": 49, "n": 98, "case": "django__django-13964", "status": "ok", "MRR": 1.0, "R@20": 1.0, "lat_ms": 7128}
{"i": 50, "n": 98, "case": "matplotlib__matplotlib-20676", "status": "ok", "MRR": 1.0, "R@20": 1.0, "lat_ms": 6074}
{"i": 51, "n": 98, "case": "matplotlib__matplotlib-25479", "status": "ok", "MRR": 1.0, "R@20": 1.0, "lat_ms": 1704}
{"i": 52, "n": 98, "case": "matplotlib__matplotlib-23314", "status": "ok", "MRR": 1.0, "R@20": 1.0, "lat_ms": 5956}
{"i": 53, "n": 98, "case": "matplotlib__matplotlib-24627", "status": "ok", "MRR": 0.333, "R@20": 1.0, "lat_ms": 1287}
{"i": 54, "n": 98, "case": "matplotlib__matplotlib-24637", "status": "ok", "MRR": 0.0, "R@20": 0.0, "lat_ms": 6207}
{"i": 55, "n": 98, "case": "matplotlib__matplotlib-24149", "status": "ok", "MRR": 1.0, "R@20": 1.0, "lat_ms": 5601}
{"i": 56, "n": 98, "case": "matplotlib__matplotlib-23412", "status": "ok", "MRR": 0.0, "R@20": 0.0, "lat_ms": 5941}
{"i": 57, "n": 98, "case": "mwaskom__seaborn-3187", "status": "ok", "MRR": 1.0, "R@20": 0.5, "lat_ms": 3801}
{"i": 58, "n": 98, "case": "psf__requests-1142", "status": "ok", "MRR": 1.0, "R@20": 1.0, "lat_ms": 147}
{"i": 59, "n": 98, "case": "psf__requests-1921", "status": "ok", "MRR": 1.0, "R@20": 1.0, "lat_ms": 3348}
{"i": 60, "n": 98, "case": "pydata__xarray-4075", "status": "ok", "MRR": 1.0, "R@20": 1.0, "lat_ms": 4433}
{"i": 61, "n": 98, "case": "pydata__xarray-4966", "status": "ok", "MRR": 1.0, "R@20": 1.0, "lat_ms": 3821}
{"i": 62, "n": 98, "case": "pydata__xarray-6992", "status": "ok", "MRR": 1.0, "R@20": 0.5, "lat_ms": 3838}
{"i": 63, "n": 98, "case": "pydata__xarray-6744", "status": "ok", "MRR": 1.0, "R@20": 1.0, "lat_ms": 4250}
{"i": 64, "n": 98, "case": "pylint-dev__pylint-4661", "status": "ok", "MRR": 0.25, "R@20": 0.5, "lat_ms": 5671}
{"i": 65, "n": 98, "case": "pylint-dev__pylint-7080", "status": "ok", "MRR": 0.0, "R@20": 0.0, "lat_ms": 4428}
{"i": 66, "n": 98, "case": "pytest-dev__pytest-7571", "status": "ok", "MRR": 1.0, "R@20": 1.0, "lat_ms": 3743}
{"i": 67, "n": 98, "case": "pytest-dev__pytest-5809", "status": "ok", "MRR": 1.0, "R@20": 1.0, "lat_ms": 4143}
{"i": 68, "n": 98, "case": "pytest-dev__pytest-10051", "status": "ok", "MRR": 1.0, "R@20": 1.0, "lat_ms": 3720}
{"i": 69, "n": 98, "case": "pytest-dev__pytest-7432", "status": "ok", "MRR": 1.0, "R@20": 1.0, "lat_ms": 4924}
{"i": 70, "n": 98, "case": "scikit-learn__scikit-learn-10908", "status": "ok", "MRR": 1.0, "R@20": 1.0, "lat_ms": 4800}
{"i": 71, "n": 98, "case": "scikit-learn__scikit-learn-10844", "status": "ok", "MRR": 0.0, "R@20": 0.0, "lat_ms": 6656}
{"i": 72, "n": 98, "case": "scikit-learn__scikit-learn-15100", "status": "ok", "MRR": 1.0, "R@20": 1.0, "lat_ms": 5377}
{"i": 73, "n": 98, "case": "scikit-learn__scikit-learn-12682", "status": "ok", "MRR": 1.0, "R@20": 1.0, "lat_ms": 4976}
{"i": 74, "n": 98, "case": "scikit-learn__scikit-learn-25931", "status": "ok", "MRR": 0.0, "R@20": 0.0, "lat_ms": 6278}
{"i": 75, "n": 98, "case": "sphinx-doc__sphinx-8269", "status": "ok", "MRR": 1.0, "R@20": 1.0, "lat_ms": 5540}
{"i": 76, "n": 98, "case": "sphinx-doc__sphinx-10449", "status": "ok", "MRR": 0.0, "R@20": 0.0, "lat_ms": 4069}
{"i": 77, "n": 98, "case": "sphinx-doc__sphinx-8459", "status": "ok", "MRR": 1.0, "R@20": 1.0, "lat_ms": 4660}
{"i": 78, "n": 98, "case": "sphinx-doc__sphinx-11510", "status": "ok", "MRR": 0.0, "R@20": 0.0, "lat_ms": 4851}
{"i": 79, "n": 98, "case": "sphinx-doc__sphinx-8120", "status": "ok", "MRR": 0.0, "R@20": 0.0, "lat_ms": 4231}
{"i": 80, "n": 98, "case": "sphinx-doc__sphinx-7748", "status": "ok", "MRR": 1.0, "R@20": 1.0, "lat_ms": 4102}
{"i": 81, "n": 98, "case": "sphinx-doc__sphinx-9591", "status": "ok", "MRR": 0.0, "R@20": 0.0, "lat_ms": 4521}
{"i": 82, "n": 98, "case": "sphinx-doc__sphinx-8548", "status": "ok", "MRR": 1.0, "R@20": 1.0, "lat_ms": 4191}
{"i": 83, "n": 98, "case": "sphinx-doc__sphinx-8056", "status": "ok", "MRR": 1.0, "R@20": 1.0, "lat_ms": 4307}
{"i": 84, "n": 98, "case": "sympy__sympy-13372", "status": "ok", "MRR": 1.0, "R@20": 1.0, "lat_ms": 7799}
{"i": 85, "n": 98, "case": "sympy__sympy-23824", "status": "ok", "MRR": 1.0, "R@20": 1.0, "lat_ms": 9489}
{"i": 86, "n": 98, "case": "sympy__sympy-22080", "status": "ok", "MRR": 0.0, "R@20": 0.0, "lat_ms": 7574}
{"i": 87, "n": 98, "case": "sympy__sympy-24066", "status": "ok", "MRR": 0.167, "R@20": 1.0, "lat_ms": 3968}
{"i": 88, "n": 98, "case": "sympy__sympy-17630", "status": "ok", "MRR": 0.25, "R@20": 1.0, "lat_ms": 9298}
{"i": 89, "n": 98, "case": "sympy__sympy-21379", "status": "ok", "MRR": 0.0, "R@20": 0.0, "lat_ms": 9563}
{"i": 90, "n": 98, "case": "sympy__sympy-13878", "status": "ok", "MRR": 0.5, "R@20": 1.0, "lat_ms": 8165}
{"i": 91, "n": 98, "case": "sympy__sympy-24443", "status": "ok", "MRR": 1.0, "R@20": 1.0, "lat_ms": 10517}
{"i": 92, "n": 98, "case": "sympy__sympy-22456", "status": "ok", "MRR": 1.0, "R@20": 1.0, "lat_ms": 3284}
{"i": 93, "n": 98, "case": "sympy__sympy-13757", "status": "ok", "MRR": 1.0, "R@20": 1.0, "lat_ms": 7370}
{"i": 94, "n": 98, "case": "sympy__sympy-12489", "status": "ok", "MRR": 1.0, "R@20": 1.0, "lat_ms": 7026}
{"i": 95, "n": 98, "case": "sympy__sympy-24562", "status": "ok", "MRR": 1.0, "R@20": 1.0, "lat_ms": 7729}
{"i": 96, "n": 98, "case": "sympy__sympy-12481", "status": "ok", "MRR": 1.0, "R@20": 1.0, "lat_ms": 6802}
{"i": 97, "n": 98, "case": "sympy__sympy-20590", "status": "ok", "MRR": 0.0, "R@20": 0.0, "lat_ms": 9672}
{"i": 98, "n": 98, "case": "sympy__sympy-23262", "status": "ok", "MRR": 1.0, "R@20": 1.0, "lat_ms": 10909}
{"run_id": "D2-final-hybrid_rerank_expand-r4-v1", "MRR": 0.6596578025149454, "R@20": 0.7329931972789115, "BCY": 0.6028911564625851, "skipped": 0}
