run_id=D2-final-bm25-r4-v1 cases=98
{"i": 1, "n": 98, "case": "astropy__astropy-7606", "status": "ok", "MRR": 0.062, "R@20": 1.0, "lat_ms": 2164}
{"i": 2, "n": 98, "case": "astropy__astropy-13398", "status": "ok", "MRR": 1.0, "R@20": 0.333, "lat_ms": 3138}
{"i": 3, "n": 98, "case": "astropy__astropy-14309", "status": "ok", "MRR": 0.0, "R@20": 0.0, "lat_ms": 2409}
{"i": 4, "n": 98, "case": "astropy__astropy-14369", "status": "ok", "MRR": 0.0, "R@20": 0.0, "lat_ms": 2193}
{"i": 5, "n": 98, "case": "django__django-14672", "status": "ok", "MRR": 0.0, "R@20": 0.0, "lat_ms": 2494}
{"i": 6, "n": 98, "case": "django__django-16819", "status": "ok", "MRR": 0.111, "R@20": 1.0, "lat_ms": 2200}
{"i": 7, "n": 98, "case": "django__django-15572", "status": "ok", "MRR": 0.0, "R@20": 0.0, "lat_ms": 2422}
{"i": 8, "n": 98, "case": "django__django-16662", "status": "ok", "MRR": 0.5, "R@20": 1.0, "lat_ms": 2380}
{"i": 9, "n": 98, "case": "django__django-16938", "status": "ok", "MRR": 0.0, "R@20": 0.0, "lat_ms": 2747}
{"i": 10, "n": 98, "case": "django__django-14315", "status": "ok", "MRR": 0.5, "R@20": 0.5, "lat_ms": 2213}
{"i": 11, "n": 98, "case": "django__django-14238", "status": "ok", "MRR": 0.0, "R@20": 0.0, "lat_ms": 2449}
{"i": 12, "n": 98, "case": "django__django-16263", "status": "ok", "MRR": 0.125, "R@20": 0.5, "lat_ms": 2372}
{"i": 13, "n": 98, "case": "django__django-13315", "status": "ok", "MRR": 0.067, "R@20": 1.0, "lat_ms": 2202}
{"i": 14, "n": 98, "case": "django__django-13837", "status": "ok", "MRR": 1.0, "R@20": 1.0, "lat_ms": 2401}
{"i": 15, "n": 98, "case": "django__django-13810", "status": "ok", "MRR": 0.25, "R@20": 1.0, "lat_ms": 2453}
{"i": 16, "n": 98, "case": "django__django-16255", "status": "ok", "MRR": 0.25, "R@20": 1.0, "lat_ms": 2466}
{"i": 17, "n": 98, "case": "django__django-14017", "status": "ok", "MRR": 0.0, "R@20": 0.0, "lat_ms": 2278}
{"i": 18, "n": 98, "case": "django__django-14765", "status": "ok", "MRR": 0.083, "R@20": 1.0, "lat_ms": 2244}
{"i": 19, "n": 98, "case": "django__django-12276", "status": "ok", "MRR": 0.167, "R@20": 1.0, "lat_ms": 2120}
{"i": 20, "n": 98, "case": "django__django-12143", "status": "ok", "MRR": 0.0, "R@20": 0.0, "lat_ms": 2336}
{"i": 21, "n": 98, "case": "django__django-11206", "status": "ok", "MRR": 0.333, "R@20": 1.0, "lat_ms": 2122}
{"i": 22, "n": 98, "case": "django__django-15554", "status": "ok", "MRR": 0.067, "R@20": 1.0, "lat_ms": 2530}
{"i": 23, "n": 98, "case": "django__django-15814", "status": "ok", "MRR": 0.0, "R@20": 0.0, "lat_ms": 2693}
{"i": 24, "n": 98, "case": "django__django-13513", "status": "ok", "MRR": 1.0, "R@20": 1.0, "lat_ms": 2272}
{"i": 25, "n": 98, "case": "django__django-13363", "status": "ok", "MRR": 0.0, "R@20": 0.0, "lat_ms": 2378}
{"i": 26, "n": 98, "case": "django__django-13158", "status": "ok", "MRR": 0.0, "R@20": 0.0, "lat_ms": 2203}
{"i": 27, "n": 98, "case": "django__django-9296", "status": "ok", "MRR": 0.077, "R@20": 1.0, "lat_ms": 2025}
{"i": 28, "n": 98, "case": "django__django-11555", "status": "ok", "MRR": 0.0, "R@20": 0.0, "lat_ms": 2108}
{"i": 29, "n": 98, "case": "django__django-17029", "status": "ok", "MRR": 1.0, "R@20": 1.0, "lat_ms": 2578}
{"i": 30, "n": 98, "case": "django__django-11734", "status": "ok", "MRR": 0.0, "R@20": 0.0, "lat_ms": 2092}
{"i": 31, "n": 98, "case": "django__django-16631", "status": "ok", "MRR": 0.0, "R@20": 0.0, "lat_ms": 2606}
{"i": 32, "n": 98, "case": "django__django-13033", "status": "ok", "MRR": 0.0, "R@20": 0.0, "lat_ms": 2529}
{"i": 33, "n": 98, "case": "django__django-11211", "status": "ok", "MRR": 0.0, "R@20": 0.0, "lat_ms": 2169}
{"i": 34, "n": 98, "case": "django__django-13786", "status": "ok", "MRR": 0.5, "R@20": 1.0, "lat_ms": 2338}
{"i": 35, "n": 98, "case": "django__django-16527", "status": "ok", "MRR": 0.5, "R@20": 1.0, "lat_ms": 2408}
{"i": 36, "n": 98, "case": "django__django-15375", "status": "ok", "MRR": 0.0, "R@20": 0.0, "lat_ms": 2531}
{"i": 37, "n": 98, "case": "django__django-13670", "status": "ok", "MRR": 0.0, "R@20": 0.0, "lat_ms": 2270}
{"i": 38, "n": 98, "case": "django__django-11138", "status": "ok", "MRR": 0.0, "R@20": 0.0, "lat_ms": 2374}
{"i": 39, "n": 98, "case": "django__django-14089", "status": "ok", "MRR": 0.067, "R@20": 1.0, "lat_ms": 2192}
{"i": 40, "n": 98, "case": "django__django-11099", "status": "ok", "MRR": 0.25, "R@20": 1.0, "lat_ms": 2149}
{"i": 41, "n": 98, "case": "django__django-11119", "status": "ok", "MRR": 0.056, "R@20": 1.0, "lat_ms": 2061}
{"i": 42, "n": 98, "case": "django__django-15103", "status": "ok", "MRR": 0.0, "R@20": 0.0, "lat_ms": 2370}
{"i": 43, "n": 98, "case": "django__django-14404", "status": "ok", "MRR": 0.0, "R@20": 0.0, "lat_ms": 2160}
{"i": 44, "n": 98, "case": "django__django-11149", "status": "ok", "MRR": 0.083, "R@20": 1.0, "lat_ms": 2131}
{"i": 45, "n": 98, "case": "django__django-11477", "status": "ok", "MRR": 0.333, "R@20": 1.0, "lat_ms": 2001}
{"i": 46, "n": 98, "case": "django__django-16493", "status": "ok", "MRR": 0.143, "R@20": 1.0, "lat_ms": 2550}
{"i": 47, "n": 98, "case": "django__django-11292", "status": "ok", "MRR": 0.2, "R@20": 1.0, "lat_ms": 2009}
{"i": 48, "n": 98, "case": "django__django-12858", "status": "ok", "MRR": 0.071, "R@20": 1.0, "lat_ms": 2185}
{"i": 49, "n": 98, "case": "django__django-13964", "status": "ok", "MRR": 0.0, "R@20": 0.0, "lat_ms": 2499}
{"i": 50, "n": 98, "case": "matplotlib__matplotlib-20676", "status": "ok", "MRR": 0.0, "R@20": 0.0, "lat_ms": 1227}
{"i": 51, "n": 98, "case": "matplotlib__matplotlib-25479", "status": "ok", "MRR": 0.333, "R@20": 1.0, "lat_ms": 1662}
{"i": 52, "n": 98, "case": "matplotlib__matplotlib-23314", "status": "ok", "MRR": 0.0, "R@20": 0.0, "lat_ms": 1155}
{"i": 53, "n": 98, "case": "matplotlib__matplotlib-24627", "status": "ok", "MRR": 0.0, "R@20": 0.0, "lat_ms": 1182}
{"i": 54, "n": 98, "case": "matplotlib__matplotlib-24637", "status": "ok", "MRR": 0.0, "R@20": 0.0, "lat_ms": 1385}
{"i": 55, "n": 98, "case": "matplotlib__matplotlib-24149", "status": "ok", "MRR": 0.0, "R@20": 0.0, "lat_ms": 1427}
{"i": 56, "n": 98, "case": "matplotlib__matplotlib-23412", "status": "ok", "MRR": 0.0, "R@20": 0.0, "lat_ms": 1313}
{"i": 57, "n": 98, "case": "mwaskom__seaborn-3187", "status": "ok", "MRR": 0.125, "R@20": 0.5, "lat_ms": 218}
{"i": 58, "n": 98, "case": "psf__requests-1142", "status": "ok", "MRR": 0.067, "R@20": 1.0, "lat_ms": 60}
{"i": 59, "n": 98, "case": "psf__requests-1921", "status": "ok", "MRR": 0.083, "R@20": 1.0, "lat_ms": 59}
{"i": 60, "n": 98, "case": "pydata__xarray-4075", "status": "ok", "MRR": 0.0, "R@20": 0.0, "lat_ms": 416}
{"i": 61, "n": 98, "case": "pydata__xarray-4966", "status": "ok", "MRR": 0.0, "R@20": 0.0, "lat_ms": 459}
{"i": 62, "n": 98, "case": "pydata__xarray-6992", "status": "ok", "MRR": 0.111, "R@20": 0.5, "lat_ms": 532}
{"i": 63, "n": 98, "case": "pydata__xarray-6744", "status": "ok", "MRR": 0.0, "R@20": 0.0, "lat_ms": 520}
{"i": 64, "n": 98, "case": "pylint-dev__pylint-4661", "status": "ok", "MRR": 0.2, "R@20": 0.5, "lat_ms": 337}
{"i": 65, "n": 98, "case": "pylint-dev__pylint-7080", "status": "ok", "MRR": 0.0, "R@20": 0.0, "lat_ms": 573}
{"i": 66, "n": 98, "case": "pytest-dev__pytest-7571", "status": "ok", "MRR": 0.083, "R@20": 1.0, "lat_ms": 310}
{"i": 67, "n": 98, "case": "pytest-dev__pytest-5809", "status": "ok", "MRR": 0.167, "R@20": 1.0, "lat_ms": 274}
{"i": 68, "n": 98, "case": "pytest-dev__pytest-10051", "status": "ok", "MRR": 0.167, "R@20": 1.0, "lat_ms": 399}
{"i": 69, "n": 98, "case": "pytest-dev__pytest-7432", "status": "ok", "MRR": 0.125, "R@20": 1.0, "lat_ms": 348}
{"i": 70, "n": 98, "case": "scikit-learn__scikit-learn-10908", "status": "ok", "MRR": 0.0, "R@20": 0.0, "lat_ms": 994}
{"i": 71, "n": 98, "case": "scikit-learn__scikit-learn-10844", "status": "ok", "MRR": 0.0, "R@20": 0.0, "lat_ms": 1160}
{"i": 72, "n": 98, "case": "scikit-learn__scikit-learn-15100", "status": "ok", "MRR": 0.0, "R@20": 0.0, "lat_ms": 1199}
{"i": 73, "n": 98, "case": "scikit-learn__scikit-learn-12682", "status": "ok", "MRR": 1.0, "R@20": 1.0, "lat_ms": 1069}
{"i": 74, "n": 98, "case": "scikit-learn__scikit-learn-25931", "status": "ok", "MRR": 0.0, "R@20": 0.0, "lat_ms": 1648}
{"i": 75, "n": 98, "case": "sphinx-doc__sphinx-8269", "status": "ok", "MRR": 0.0, "R@20": 0.0, "lat_ms": 625}
{"i": 76, "n": 98, "case": "sphinx-doc__sphinx-10449", "status": "ok", "MRR": 0.0, "R@20": 0.0, "lat_ms": 751}
{"i": 77, "n": 98, "case": "sphinx-doc__sphinx-8459", "status": "ok", "MRR": 0.0, "R@20": 0.0, "lat_ms": 618}
{"i": 78, "n": 98, "case": "sphinx-doc__sphinx-11510", "status": "ok", "MRR": 0.0, "R@20": 0.0, "lat_ms": 628}
{"i": 79, "n": 98, "case": "sphinx-doc__sphinx-8120", "status": "ok", "MRR": 0.0, "R@20": 0.0, "lat_ms": 645}
{"i": 80, "n": 98, "case": "sphinx-doc__sphinx-7748", "status": "ok", "MRR": 0.2, "R@20": 1.0, "lat_ms": 552}
{"i": 81, "n": 98, "case": "sphinx-doc__sphinx-9591", "status": "ok", "MRR": 0.0, "R@20": 0.0, "lat_ms": 621}
{"i": 82, "n": 98, "case": "sphinx-doc__sphinx-8548", "status": "ok", "MRR": 0.25, "R@20": 1.0, "lat_ms": 586}
{"i": 83, "n": 98, "case": "sphinx-doc__sphinx-8056", "status": "ok", "MRR": 0.0, "R@20": 0.0, "lat_ms": 600}
{"i": 84, "n": 98, "case": "sympy__sympy-13372", "status": "ok", "MRR": 1.0, "R@20": 1.0, "lat_ms": 2633}
{"i": 85, "n": 98, "case": "sympy__sympy-23824", "status": "ok", "MRR": 0.5, "R@20": 1.0, "lat_ms": 4160}
{"i": 86, "n": 98, "case": "sympy__sympy-22080", "status": "ok", "MRR": 0.0, "R@20": 0.0, "lat_ms": 3661}
{"i": 87, "n": 98, "case": "sympy__sympy-24066", "status": "ok", "MRR": 0.333, "R@20": 1.0, "lat_ms": 3884}
{"i": 88, "n": 98, "case": "sympy__sympy-17630", "status": "ok", "MRR": 0.0, "R@20": 0.0, "lat_ms": 4057}
{"i": 89, "n": 98, "case": "sympy__sympy-21379", "status": "ok", "MRR": 0.0, "R@20": 0.0, "lat_ms": 4445}
{"i": 90, "n": 98, "case": "sympy__sympy-13878", "status": "ok", "MRR": 0.0, "R@20": 0.0, "lat_ms": 3209}
{"i": 91, "n": 98, "case": "sympy__sympy-24443", "status": "ok", "MRR": 0.0, "R@20": 0.0, "lat_ms": 3403}
{"i": 92, "n": 98, "case": "sympy__sympy-22456", "status": "ok", "MRR": 0.143, "R@20": 1.0, "lat_ms": 3584}
{"i": 93, "n": 98, "case": "sympy__sympy-13757", "status": "ok", "MRR": 0.25, "R@20": 1.0, "lat_ms": 2468}
{"i": 94, "n": 98, "case": "sympy__sympy-12489", "status": "ok", "MRR": 1.0, "R@20": 1.0, "lat_ms": 2400}
{"i": 95, "n": 98, "case": "sympy__sympy-24562", "status": "ok", "MRR": 1.0, "R@20": 1.0, "lat_ms": 3203}
{"i": 96, "n": 98, "case": "sympy__sympy-12481", "status": "ok", "MRR": 0.5, "R@20": 1.0, "lat_ms": 2110}
{"i": 97, "n": 98, "case": "sympy__sympy-20590", "status": "ok", "MRR": 0.0, "R@20": 0.0, "lat_ms": 3717}
{"i": 98, "n": 98, "case": "sympy__sympy-23262", "status": "ok", "MRR": 0.0, "R@20": 0.0, "lat_ms": 4442}
{"run_id": "D2-final-bm25-r4-v1", "MRR": 0.16768037801201066, "R@20": 0.4574829931972789, "BCY": 0.14625850340136054, "skipped": 0}
