run_id=D2-final-delphi-generated-source-exact-top20-v1 cases=98
{"i": 1, "n": 98, "case": "astropy__astropy-7606", "status": "ok", "MRR": 1.0, "R@20": 1.0, "lat_ms": 578}
{"i": 2, "n": 98, "case": "astropy__astropy-13398", "status": "ok", "MRR": 1.0, "R@20": 1.0, "lat_ms": 1901}
{"i": 3, "n": 98, "case": "astropy__astropy-14309", "status": "ok", "MRR": 0.0, "R@20": 0.0, "lat_ms": 2083}
{"i": 4, "n": 98, "case": "astropy__astropy-14369", "status": "ok", "MRR": 0.333, "R@20": 0.5, "lat_ms": 655}
{"i": 5, "n": 98, "case": "django__django-14672", "status": "ok", "MRR": 1.0, "R@20": 1.0, "lat_ms": 1568}
{"i": 6, "n": 98, "case": "django__django-16819", "status": "ok", "MRR": 0.333, "R@20": 1.0, "lat_ms": 241}
{"i": 7, "n": 98, "case": "django__django-15572", "status": "ok", "MRR": 1.0, "R@20": 1.0, "lat_ms": 641}
{"i": 8, "n": 98, "case": "django__django-16662", "status": "ok", "MRR": 0.0, "R@20": 0.0, "lat_ms": 284}
{"i": 9, "n": 98, "case": "django__django-16938", "status": "ok", "MRR": 0.0, "R@20": 0.0, "lat_ms": 1981}
{"i": 10, "n": 98, "case": "django__django-14315", "status": "ok", "MRR": 1.0, "R@20": 1.0, "lat_ms": 282}
{"i": 11, "n": 98, "case": "django__django-14238", "status": "ok", "MRR": 1.0, "R@20": 1.0, "lat_ms": 1611}
{"i": 12, "n": 98, "case": "django__django-16263", "status": "ok", "MRR": 1.0, "R@20": 0.25, "lat_ms": 537}
{"i": 13, "n": 98, "case": "django__django-13315", "status": "ok", "MRR": 1.0, "R@20": 1.0, "lat_ms": 333}
{"i": 14, "n": 98, "case": "django__django-13837", "status": "ok", "MRR": 1.0, "R@20": 1.0, "lat_ms": 665}
{"i": 15, "n": 98, "case": "django__django-13810", "status": "ok", "MRR": 0.5, "R@20": 1.0, "lat_ms": 1019}
{"i": 16, "n": 98, "case": "django__django-16255", "status": "ok", "MRR": 1.0, "R@20": 1.0, "lat_ms": 1812}
{"i": 17, "n": 98, "case": "django__django-14017", "status": "ok", "MRR": 1.0, "R@20": 1.0, "lat_ms": 576}
{"i": 18, "n": 98, "case": "django__django-14765", "status": "ok", "MRR": 1.0, "R@20": 1.0, "lat_ms": 1079}
{"i": 19, "n": 98, "case": "django__django-12276", "status": "ok", "MRR": 1.0, "R@20": 1.0, "lat_ms": 12059}
{"i": 20, "n": 98, "case": "django__django-12143", "status": "ok", "MRR": 1.0, "R@20": 1.0, "lat_ms": 616}
{"i": 21, "n": 98, "case": "django__django-11206", "status": "ok", "MRR": 1.0, "R@20": 1.0, "lat_ms": 246}
{"i": 22, "n": 98, "case": "django__django-15554", "status": "ok", "MRR": 0.5, "R@20": 1.0, "lat_ms": 475}
{"i": 23, "n": 98, "case": "django__django-15814", "status": "ok", "MRR": 0.0, "R@20": 0.0, "lat_ms": 1825}
{"i": 24, "n": 98, "case": "django__django-13513", "status": "ok", "MRR": 1.0, "R@20": 1.0, "lat_ms": 436}
{"i": 25, "n": 98, "case": "django__django-13363", "status": "ok", "MRR": 1.0, "R@20": 1.0, "lat_ms": 588}
{"i": 26, "n": 98, "case": "django__django-13158", "status": "ok", "MRR": 0.067, "R@20": 1.0, "lat_ms": 6381}
{"i": 27, "n": 98, "case": "django__django-9296", "status": "ok", "MRR": 1.0, "R@20": 1.0, "lat_ms": 6098}
{"i": 28, "n": 98, "case": "django__django-11555", "status": "ok", "MRR": 0.0, "R@20": 0.0, "lat_ms": 7299}
{"i": 29, "n": 98, "case": "django__django-17029", "status": "ok", "MRR": 1.0, "R@20": 1.0, "lat_ms": 11899}
{"i": 30, "n": 98, "case": "django__django-11734", "status": "ok", "MRR": 0.25, "R@20": 0.333, "lat_ms": 16400}
{"i": 31, "n": 98, "case": "django__django-16631", "status": "ok", "MRR": 0.5, "R@20": 1.0, "lat_ms": 18969}
{"i": 32, "n": 98, "case": "django__django-13033", "status": "ok", "MRR": 0.0, "R@20": 0.0, "lat_ms": 29588}
{"i": 33, "n": 98, "case": "django__django-11211", "status": "ok", "MRR": 0.167, "R@20": 1.0, "lat_ms": 16678}
{"i": 34, "n": 98, "case": "django__django-13786", "status": "ok", "MRR": 1.0, "R@20": 1.0, "lat_ms": 21758}
{"i": 35, "n": 98, "case": "django__django-16527", "status": "ok", "MRR": 1.0, "R@20": 1.0, "lat_ms": 30596}
{"i": 36, "n": 98, "case": "django__django-15375", "status": "ok", "MRR": 1.0, "R@20": 1.0, "lat_ms": 36741}
{"i": 37, "n": 98, "case": "django__django-13670", "status": "ok", "MRR": 1.0, "R@20": 1.0, "lat_ms": 36393}
{"i": 38, "n": 98, "case": "django__django-11138", "status": "ok", "MRR": 1.0, "R@20": 0.75, "lat_ms": 40634}
{"i": 39, "n": 98, "case": "django__django-14089", "status": "ok", "MRR": 1.0, "R@20": 1.0, "lat_ms": 6718}
{"i": 40, "n": 98, "case": "django__django-11099", "status": "ok", "MRR": 1.0, "R@20": 1.0, "lat_ms": 5786}
{"i": 41, "n": 98, "case": "django__django-11119", "status": "ok", "MRR": 1.0, "R@20": 1.0, "lat_ms": 5321}
{"i": 42, "n": 98, "case": "django__django-15103", "status": "ok", "MRR": 1.0, "R@20": 1.0, "lat_ms": 6367}
{"i": 43, "n": 98, "case": "django__django-14404", "status": "ok", "MRR": 0.0, "R@20": 0.0, "lat_ms": 3367}
{"i": 44, "n": 98, "case": "django__django-11149", "status": "ok", "MRR": 0.333, "R@20": 1.0, "lat_ms": 4276}
{"i": 45, "n": 98, "case": "django__django-11477", "status": "ok", "MRR": 0.077, "R@20": 1.0, "lat_ms": 5543}
{"i": 46, "n": 98, "case": "django__django-16493", "status": "ok", "MRR": 1.0, "R@20": 1.0, "lat_ms": 4271}
{"i": 47, "n": 98, "case": "django__django-11292", "status": "ok", "MRR": 0.5, "R@20": 1.0, "lat_ms": 6128}
{"i": 48, "n": 98, "case": "django__django-12858", "status": "ok", "MRR": 0.125, "R@20": 1.0, "lat_ms": 4250}
{"i": 49, "n": 98, "case": "django__django-13964", "status": "ok", "MRR": 0.5, "R@20": 1.0, "lat_ms": 6262}
{"i": 50, "n": 98, "case": "matplotlib__matplotlib-20676", "status": "ok", "MRR": 1.0, "R@20": 1.0, "lat_ms": 5483}
{"i": 51, "n": 98, "case": "matplotlib__matplotlib-25479", "status": "ok", "MRR": 1.0, "R@20": 1.0, "lat_ms": 5044}
{"i": 52, "n": 98, "case": "matplotlib__matplotlib-23314", "status": "ok", "MRR": 0.0, "R@20": 0.0, "lat_ms": 6182}
{"i": 53, "n": 98, "case": "matplotlib__matplotlib-24627", "status": "ok", "MRR": 0.5, "R@20": 1.0, "lat_ms": 3558}
{"i": 54, "n": 98, "case": "matplotlib__matplotlib-24637", "status": "ok", "MRR": 1.0, "R@20": 1.0, "lat_ms": 6375}
{"i": 55, "n": 98, "case": "matplotlib__matplotlib-24149", "status": "ok", "MRR": 0.5, "R@20": 1.0, "lat_ms": 6406}
{"i": 56, "n": 98, "case": "matplotlib__matplotlib-23412", "status": "ok", "MRR": 1.0, "R@20": 1.0, "lat_ms": 6194}
{"i": 57, "n": 98, "case": "mwaskom__seaborn-3187", "status": "ok", "MRR": 1.0, "R@20": 1.0, "lat_ms": 6239}
{"i": 58, "n": 98, "case": "psf__requests-1142", "status": "ok", "MRR": 0.333, "R@20": 1.0, "lat_ms": 3670}
{"i": 59, "n": 98, "case": "psf__requests-1921", "status": "ok", "MRR": 1.0, "R@20": 1.0, "lat_ms": 6533}
{"i": 60, "n": 98, "case": "pydata__xarray-4075", "status": "ok", "MRR": 1.0, "R@20": 1.0, "lat_ms": 6528}
{"i": 61, "n": 98, "case": "pydata__xarray-4966", "status": "ok", "MRR": 1.0, "R@20": 1.0, "lat_ms": 8733}
{"i": 62, "n": 98, "case": "pydata__xarray-6992", "status": "ok", "MRR": 1.0, "R@20": 1.0, "lat_ms": 6744}
{"i": 63, "n": 98, "case": "pydata__xarray-6744", "status": "ok", "MRR": 1.0, "R@20": 1.0, "lat_ms": 5419}
{"i": 64, "n": 98, "case": "pylint-dev__pylint-4661", "status": "ok", "MRR": 1.0, "R@20": 1.0, "lat_ms": 6376}
{"i": 65, "n": 98, "case": "pylint-dev__pylint-7080", "status": "ok", "MRR": 0.0, "R@20": 0.0, "lat_ms": 6898}
{"i": 66, "n": 98, "case": "pytest-dev__pytest-7571", "status": "ok", "MRR": 0.5, "R@20": 1.0, "lat_ms": 5576}
{"i": 67, "n": 98, "case": "pytest-dev__pytest-5809", "status": "ok", "MRR": 1.0, "R@20": 1.0, "lat_ms": 6349}
{"i": 68, "n": 98, "case": "pytest-dev__pytest-10051", "status": "ok", "MRR": 0.5, "R@20": 1.0, "lat_ms": 5519}
{"i": 69, "n": 98, "case": "pytest-dev__pytest-7432", "status": "ok", "MRR": 1.0, "R@20": 1.0, "lat_ms": 6770}
{"i": 70, "n": 98, "case": "scikit-learn__scikit-learn-10908", "status": "ok", "MRR": 1.0, "R@20": 1.0, "lat_ms": 6976}
{"i": 71, "n": 98, "case": "scikit-learn__scikit-learn-10844", "status": "ok", "MRR": 1.0, "R@20": 1.0, "lat_ms": 8733}
{"i": 72, "n": 98, "case": "scikit-learn__scikit-learn-15100", "status": "ok", "MRR": 1.0, "R@20": 1.0, "lat_ms": 7206}
{"i": 73, "n": 98, "case": "scikit-learn__scikit-learn-12682", "status": "ok", "MRR": 1.0, "R@20": 1.0, "lat_ms": 6117}
{"i": 74, "n": 98, "case": "scikit-learn__scikit-learn-25931", "status": "ok", "MRR": 1.0, "R@20": 1.0, "lat_ms": 6686}
{"i": 75, "n": 98, "case": "sphinx-doc__sphinx-8269", "status": "ok", "MRR": 1.0, "R@20": 1.0, "lat_ms": 7510}
{"i": 76, "n": 98, "case": "sphinx-doc__sphinx-10449", "status": "ok", "MRR": 0.0, "R@20": 0.0, "lat_ms": 6029}
{"i": 77, "n": 98, "case": "sphinx-doc__sphinx-8459", "status": "ok", "MRR": 1.0, "R@20": 1.0, "lat_ms": 7670}
{"i": 78, "n": 98, "case": "sphinx-doc__sphinx-11510", "status": "ok", "MRR": 0.0, "R@20": 0.0, "lat_ms": 7530}
{"i": 79, "n": 98, "case": "sphinx-doc__sphinx-8120", "status": "ok", "MRR": 0.111, "R@20": 0.5, "lat_ms": 8416}
{"i": 80, "n": 98, "case": "sphinx-doc__sphinx-7748", "status": "ok", "MRR": 1.0, "R@20": 1.0, "lat_ms": 7750}
{"i": 81, "n": 98, "case": "sphinx-doc__sphinx-9591", "status": "ok", "MRR": 0.0, "R@20": 0.0, "lat_ms": 8154}
{"i": 82, "n": 98, "case": "sphinx-doc__sphinx-8548", "status": "ok", "MRR": 1.0, "R@20": 1.0, "lat_ms": 6796}
{"i": 83, "n": 98, "case": "sphinx-doc__sphinx-8056", "status": "ok", "MRR": 1.0, "R@20": 1.0, "lat_ms": 7211}
{"i": 84, "n": 98, "case": "sympy__sympy-13372", "status": "ok", "MRR": 1.0, "R@20": 1.0, "lat_ms": 8595}
{"i": 85, "n": 98, "case": "sympy__sympy-23824", "status": "ok", "MRR": 1.0, "R@20": 1.0, "lat_ms": 8874}
{"i": 86, "n": 98, "case": "sympy__sympy-22080", "status": "ok", "MRR": 0.0, "R@20": 0.0, "lat_ms": 7755}
{"i": 87, "n": 98, "case": "sympy__sympy-24066", "status": "ok", "MRR": 0.167, "R@20": 1.0, "lat_ms": 4724}
{"i": 88, "n": 98, "case": "sympy__sympy-17630", "status": "ok", "MRR": 0.333, "R@20": 1.0, "lat_ms": 7763}
{"i": 89, "n": 98, "case": "sympy__sympy-21379", "status": "ok", "MRR": 0.0, "R@20": 0.0, "lat_ms": 7151}
{"i": 90, "n": 98, "case": "sympy__sympy-13878", "status": "ok", "MRR": 1.0, "R@20": 1.0, "lat_ms": 7912}
{"i": 91, "n": 98, "case": "sympy__sympy-24443", "status": "ok", "MRR": 1.0, "R@20": 1.0, "lat_ms": 8955}
{"i": 92, "n": 98, "case": "sympy__sympy-22456", "status": "ok", "MRR": 0.5, "R@20": 1.0, "lat_ms": 4097}
{"i": 93, "n": 98, "case": "sympy__sympy-13757", "status": "ok", "MRR": 1.0, "R@20": 1.0, "lat_ms": 7315}
{"i": 94, "n": 98, "case": "sympy__sympy-12489", "status": "ok", "MRR": 1.0, "R@20": 1.0, "lat_ms": 6995}
{"i": 95, "n": 98, "case": "sympy__sympy-24562", "status": "ok", "MRR": 1.0, "R@20": 1.0, "lat_ms": 7800}
{"i": 96, "n": 98, "case": "sympy__sympy-12481", "status": "ok", "MRR": 1.0, "R@20": 1.0, "lat_ms": 6411}
{"i": 97, "n": 98, "case": "sympy__sympy-20590", "status": "ok", "MRR": 0.0, "R@20": 0.0, "lat_ms": 6433}
{"i": 98, "n": 98, "case": "sympy__sympy-23262", "status": "ok", "MRR": 1.0, "R@20": 1.0, "lat_ms": 6722}
{"run_id": "D2-final-delphi-generated-source-exact-top20-v1", "MRR": 0.7003030699459272, "R@20": 0.8197278911564625, "BCY": 0.685374149659864, "skipped": 0}
