run_id=D2-final-lexical_bm25-r4-v1 cases=98
{"i": 1, "n": 98, "case": "astropy__astropy-7606", "status": "ok", "MRR": 1.0, "R@20": 1.0, "lat_ms": 4043}
{"i": 2, "n": 98, "case": "astropy__astropy-13398", "status": "ok", "MRR": 0.5, "R@20": 1.0, "lat_ms": 6000}
{"i": 3, "n": 98, "case": "astropy__astropy-14309", "status": "ok", "MRR": 0.143, "R@20": 1.0, "lat_ms": 4567}
{"i": 4, "n": 98, "case": "astropy__astropy-14369", "status": "ok", "MRR": 0.333, "R@20": 1.0, "lat_ms": 4170}
{"i": 5, "n": 98, "case": "django__django-14672", "status": "ok", "MRR": 0.167, "R@20": 1.0, "lat_ms": 5268}
{"i": 6, "n": 98, "case": "django__django-16819", "status": "ok", "MRR": 1.0, "R@20": 1.0, "lat_ms": 4274}
{"i": 7, "n": 98, "case": "django__django-15572", "status": "ok", "MRR": 0.25, "R@20": 1.0, "lat_ms": 4568}
{"i": 8, "n": 98, "case": "django__django-16662", "status": "ok", "MRR": 0.167, "R@20": 1.0, "lat_ms": 4550}
{"i": 9, "n": 98, "case": "django__django-16938", "status": "ok", "MRR": 0.5, "R@20": 1.0, "lat_ms": 5332}
{"i": 10, "n": 98, "case": "django__django-14315", "status": "ok", "MRR": 1.0, "R@20": 0.5, "lat_ms": 4252}
{"i": 11, "n": 98, "case": "django__django-14238", "status": "ok", "MRR": 0.091, "R@20": 1.0, "lat_ms": 5090}
{"i": 12, "n": 98, "case": "django__django-16263", "status": "ok", "MRR": 0.125, "R@20": 0.25, "lat_ms": 5171}
{"i": 13, "n": 98, "case": "django__django-13315", "status": "ok", "MRR": 0.25, "R@20": 1.0, "lat_ms": 4455}
{"i": 14, "n": 98, "case": "django__django-13837", "status": "ok", "MRR": 1.0, "R@20": 1.0, "lat_ms": 5023}
{"i": 15, "n": 98, "case": "django__django-13810", "status": "ok", "MRR": 0.5, "R@20": 1.0, "lat_ms": 4769}
{"i": 16, "n": 98, "case": "django__django-16255", "status": "ok", "MRR": 1.0, "R@20": 1.0, "lat_ms": 4876}
{"i": 17, "n": 98, "case": "django__django-14017", "status": "ok", "MRR": 0.333, "R@20": 1.0, "lat_ms": 4413}
{"i": 18, "n": 98, "case": "django__django-14765", "status": "ok", "MRR": 0.167, "R@20": 1.0, "lat_ms": 4297}
{"i": 19, "n": 98, "case": "django__django-12276", "status": "ok", "MRR": 0.5, "R@20": 1.0, "lat_ms": 4009}
{"i": 20, "n": 98, "case": "django__django-12143", "status": "ok", "MRR": 0.333, "R@20": 1.0, "lat_ms": 4433}
{"i": 21, "n": 98, "case": "django__django-11206", "status": "ok", "MRR": 0.333, "R@20": 1.0, "lat_ms": 3986}
{"i": 22, "n": 98, "case": "django__django-15554", "status": "ok", "MRR": 0.5, "R@20": 1.0, "lat_ms": 4664}
{"i": 23, "n": 98, "case": "django__django-15814", "status": "ok", "MRR": 0.2, "R@20": 1.0, "lat_ms": 4986}
{"i": 24, "n": 98, "case": "django__django-13513", "status": "ok", "MRR": 1.0, "R@20": 1.0, "lat_ms": 4400}
{"i": 25, "n": 98, "case": "django__django-13363", "status": "ok", "MRR": 0.111, "R@20": 1.0, "lat_ms": 4598}
{"i": 26, "n": 98, "case": "django__django-13158", "status": "ok", "MRR": 0.0, "R@20": 0.0, "lat_ms": 4271}
{"i": 27, "n": 98, "case": "django__django-9296", "status": "ok", "MRR": 0.5, "R@20": 1.0, "lat_ms": 3846}
{"i": 28, "n": 98, "case": "django__django-11555", "status": "ok", "MRR": 0.059, "R@20": 1.0, "lat_ms": 4010}
{"i": 29, "n": 98, "case": "django__django-17029", "status": "ok", "MRR": 1.0, "R@20": 1.0, "lat_ms": 4841}
{"i": 30, "n": 98, "case": "django__django-11734", "status": "ok", "MRR": 0.083, "R@20": 0.333, "lat_ms": 3978}
{"i": 31, "n": 98, "case": "django__django-16631", "status": "ok", "MRR": 0.083, "R@20": 1.0, "lat_ms": 4813}
{"i": 32, "n": 98, "case": "django__django-13033", "status": "ok", "MRR": 0.0, "R@20": 0.0, "lat_ms": 4676}
{"i": 33, "n": 98, "case": "django__django-11211", "status": "ok", "MRR": 0.0, "R@20": 0.0, "lat_ms": 4074}
{"i": 34, "n": 98, "case": "django__django-13786", "status": "ok", "MRR": 1.0, "R@20": 1.0, "lat_ms": 4282}
{"i": 35, "n": 98, "case": "django__django-16527", "status": "ok", "MRR": 1.0, "R@20": 1.0, "lat_ms": 4547}
{"i": 36, "n": 98, "case": "django__django-15375", "status": "ok", "MRR": 0.083, "R@20": 1.0, "lat_ms": 4853}
{"i": 37, "n": 98, "case": "django__django-13670", "status": "ok", "MRR": 0.05, "R@20": 1.0, "lat_ms": 4348}
{"i": 38, "n": 98, "case": "django__django-11138", "status": "ok", "MRR": 0.25, "R@20": 0.25, "lat_ms": 4625}
{"i": 39, "n": 98, "case": "django__django-14089", "status": "ok", "MRR": 0.167, "R@20": 1.0, "lat_ms": 4141}
{"i": 40, "n": 98, "case": "django__django-11099", "status": "ok", "MRR": 0.5, "R@20": 1.0, "lat_ms": 4007}
{"i": 41, "n": 98, "case": "django__django-11119", "status": "ok", "MRR": 0.167, "R@20": 1.0, "lat_ms": 3787}
{"i": 42, "n": 98, "case": "django__django-15103", "status": "ok", "MRR": 0.5, "R@20": 1.0, "lat_ms": 4311}
{"i": 43, "n": 98, "case": "django__django-14404", "status": "ok", "MRR": 0.25, "R@20": 1.0, "lat_ms": 4237}
{"i": 44, "n": 98, "case": "django__django-11149", "status": "ok", "MRR": 1.0, "R@20": 1.0, "lat_ms": 4034}
{"i": 45, "n": 98, "case": "django__django-11477", "status": "ok", "MRR": 0.5, "R@20": 1.0, "lat_ms": 3822}
{"i": 46, "n": 98, "case": "django__django-16493", "status": "ok", "MRR": 0.5, "R@20": 1.0, "lat_ms": 4885}
{"i": 47, "n": 98, "case": "django__django-11292", "status": "ok", "MRR": 0.05, "R@20": 1.0, "lat_ms": 3828}
{"i": 48, "n": 98, "case": "django__django-12858", "status": "ok", "MRR": 0.333, "R@20": 1.0, "lat_ms": 4205}
{"i": 49, "n": 98, "case": "django__django-13964", "status": "ok", "MRR": 0.0, "R@20": 0.0, "lat_ms": 4555}
{"i": 50, "n": 98, "case": "matplotlib__matplotlib-20676", "status": "ok", "MRR": 0.0, "R@20": 0.0, "lat_ms": 2363}
{"i": 51, "n": 98, "case": "matplotlib__matplotlib-25479", "status": "ok", "MRR": 0.143, "R@20": 1.0, "lat_ms": 3052}
{"i": 52, "n": 98, "case": "matplotlib__matplotlib-23314", "status": "ok", "MRR": 0.0, "R@20": 0.0, "lat_ms": 2254}
{"i": 53, "n": 98, "case": "matplotlib__matplotlib-24627", "status": "ok", "MRR": 0.0, "R@20": 0.0, "lat_ms": 2132}
{"i": 54, "n": 98, "case": "matplotlib__matplotlib-24637", "status": "ok", "MRR": 0.0, "R@20": 0.0, "lat_ms": 2564}
{"i": 55, "n": 98, "case": "matplotlib__matplotlib-24149", "status": "ok", "MRR": 0.5, "R@20": 1.0, "lat_ms": 2716}
{"i": 56, "n": 98, "case": "matplotlib__matplotlib-23412", "status": "ok", "MRR": 0.0, "R@20": 0.0, "lat_ms": 2471}
{"i": 57, "n": 98, "case": "mwaskom__seaborn-3187", "status": "ok", "MRR": 0.5, "R@20": 1.0, "lat_ms": 388}
{"i": 58, "n": 98, "case": "psf__requests-1142", "status": "ok", "MRR": 0.143, "R@20": 1.0, "lat_ms": 88}
{"i": 59, "n": 98, "case": "psf__requests-1921", "status": "ok", "MRR": 0.071, "R@20": 1.0, "lat_ms": 110}
{"i": 60, "n": 98, "case": "pydata__xarray-4075", "status": "ok", "MRR": 0.0, "R@20": 0.0, "lat_ms": 754}
{"i": 61, "n": 98, "case": "pydata__xarray-4966", "status": "ok", "MRR": 0.5, "R@20": 1.0, "lat_ms": 836}
{"i": 62, "n": 98, "case": "pydata__xarray-6992", "status": "ok", "MRR": 0.5, "R@20": 1.0, "lat_ms": 1019}
{"i": 63, "n": 98, "case": "pydata__xarray-6744", "status": "ok", "MRR": 0.25, "R@20": 1.0, "lat_ms": 950}
{"i": 64, "n": 98, "case": "pylint-dev__pylint-4661", "status": "ok", "MRR": 0.333, "R@20": 0.5, "lat_ms": 647}
{"i": 65, "n": 98, "case": "pylint-dev__pylint-7080", "status": "ok", "MRR": 0.0, "R@20": 0.0, "lat_ms": 1124}
{"i": 66, "n": 98, "case": "pytest-dev__pytest-7571", "status": "ok", "MRR": 0.2, "R@20": 1.0, "lat_ms": 593}
{"i": 67, "n": 98, "case": "pytest-dev__pytest-5809", "status": "ok", "MRR": 1.0, "R@20": 1.0, "lat_ms": 533}
{"i": 68, "n": 98, "case": "pytest-dev__pytest-10051", "status": "ok", "MRR": 1.0, "R@20": 1.0, "lat_ms": 712}
{"i": 69, "n": 98, "case": "pytest-dev__pytest-7432", "status": "ok", "MRR": 1.0, "R@20": 1.0, "lat_ms": 615}
{"i": 70, "n": 98, "case": "scikit-learn__scikit-learn-10908", "status": "ok", "MRR": 0.333, "R@20": 1.0, "lat_ms": 1967}
{"i": 71, "n": 98, "case": "scikit-learn__scikit-learn-10844", "status": "ok", "MRR": 0.125, "R@20": 1.0, "lat_ms": 2277}
{"i": 72, "n": 98, "case": "scikit-learn__scikit-learn-15100", "status": "ok", "MRR": 0.5, "R@20": 1.0, "lat_ms": 2252}
{"i": 73, "n": 98, "case": "scikit-learn__scikit-learn-12682", "status": "ok", "MRR": 1.0, "R@20": 1.0, "lat_ms": 1974}
{"i": 74, "n": 98, "case": "scikit-learn__scikit-learn-25931", "status": "ok", "MRR": 0.25, "R@20": 1.0, "lat_ms": 3015}
{"i": 75, "n": 98, "case": "sphinx-doc__sphinx-8269", "status": "ok", "MRR": 0.056, "R@20": 1.0, "lat_ms": 1134}
{"i": 76, "n": 98, "case": "sphinx-doc__sphinx-10449", "status": "ok", "MRR": 0.0, "R@20": 0.0, "lat_ms": 1342}
{"i": 77, "n": 98, "case": "sphinx-doc__sphinx-8459", "status": "ok", "MRR": 0.167, "R@20": 1.0, "lat_ms": 1115}
{"i": 78, "n": 98, "case": "sphinx-doc__sphinx-11510", "status": "ok", "MRR": 0.0, "R@20": 0.0, "lat_ms": 1249}
{"i": 79, "n": 98, "case": "sphinx-doc__sphinx-8120", "status": "ok", "MRR": 0.067, "R@20": 0.5, "lat_ms": 1142}
{"i": 80, "n": 98, "case": "sphinx-doc__sphinx-7748", "status": "ok", "MRR": 0.5, "R@20": 1.0, "lat_ms": 1024}
{"i": 81, "n": 98, "case": "sphinx-doc__sphinx-9591", "status": "ok", "MRR": 0.0, "R@20": 0.0, "lat_ms": 1128}
{"i": 82, "n": 98, "case": "sphinx-doc__sphinx-8548", "status": "ok", "MRR": 1.0, "R@20": 1.0, "lat_ms": 1053}
{"i": 83, "n": 98, "case": "sphinx-doc__sphinx-8056", "status": "ok", "MRR": 0.111, "R@20": 1.0, "lat_ms": 1116}
{"i": 84, "n": 98, "case": "sympy__sympy-13372", "status": "ok", "MRR": 1.0, "R@20": 1.0, "lat_ms": 4934}
{"i": 85, "n": 98, "case": "sympy__sympy-23824", "status": "ok", "MRR": 0.5, "R@20": 1.0, "lat_ms": 8073}
{"i": 86, "n": 98, "case": "sympy__sympy-22080", "status": "ok", "MRR": 0.0, "R@20": 0.0, "lat_ms": 6894}
{"i": 87, "n": 98, "case": "sympy__sympy-24066", "status": "ok", "MRR": 1.0, "R@20": 1.0, "lat_ms": 7236}
{"i": 88, "n": 98, "case": "sympy__sympy-17630", "status": "ok", "MRR": 0.125, "R@20": 1.0, "lat_ms": 7455}
{"i": 89, "n": 98, "case": "sympy__sympy-21379", "status": "ok", "MRR": 0.0, "R@20": 0.0, "lat_ms": 8016}
{"i": 90, "n": 98, "case": "sympy__sympy-13878", "status": "ok", "MRR": 0.5, "R@20": 1.0, "lat_ms": 5854}
{"i": 91, "n": 98, "case": "sympy__sympy-24443", "status": "ok", "MRR": 0.5, "R@20": 1.0, "lat_ms": 6239}
{"i": 92, "n": 98, "case": "sympy__sympy-22456", "status": "ok", "MRR": 0.5, "R@20": 1.0, "lat_ms": 6642}
{"i": 93, "n": 98, "case": "sympy__sympy-13757", "status": "ok", "MRR": 1.0, "R@20": 1.0, "lat_ms": 4578}
{"i": 94, "n": 98, "case": "sympy__sympy-12489", "status": "ok", "MRR": 1.0, "R@20": 1.0, "lat_ms": 4478}
{"i": 95, "n": 98, "case": "sympy__sympy-24562", "status": "ok", "MRR": 1.0, "R@20": 1.0, "lat_ms": 5947}
{"i": 96, "n": 98, "case": "sympy__sympy-12481", "status": "ok", "MRR": 0.5, "R@20": 1.0, "lat_ms": 3954}
{"i": 97, "n": 98, "case": "sympy__sympy-20590", "status": "ok", "MRR": 0.0, "R@20": 0.0, "lat_ms": 6875}
{"i": 98, "n": 98, "case": "sympy__sympy-23262", "status": "ok", "MRR": 0.071, "R@20": 1.0, "lat_ms": 7758}
{"run_id": "D2-final-lexical_bm25-r4-v1", "MRR": 0.382897336423747, "R@20": 0.7891156462585034, "BCY": 0.35034013605442177, "skipped": 0}
