Warning: You are sending unauthenticated requests to the HF Hub. Please set a HF_TOKEN to enable higher rate limits and faster downloads.
Loading weights:   0%|          | 0/105 [00:00<?, ?it/s]Loading weights: 100%|██████████| 105/105 [00:00<00:00, 9655.82it/s]
run_id=D2-final-hybrid_rerank-r4-v1 cases=98
{"i": 1, "n": 98, "case": "astropy__astropy-7606", "status": "ok", "MRR": 1.0, "R@20": 1.0, "lat_ms": 5298}
{"i": 2, "n": 98, "case": "astropy__astropy-13398", "status": "ok", "MRR": 1.0, "R@20": 1.0, "lat_ms": 4988}
{"i": 3, "n": 98, "case": "astropy__astropy-14309", "status": "ok", "MRR": 0.0, "R@20": 0.0, "lat_ms": 3771}
{"i": 4, "n": 98, "case": "astropy__astropy-14369", "status": "ok", "MRR": 0.25, "R@20": 0.5, "lat_ms": 4057}
{"i": 5, "n": 98, "case": "django__django-14672", "status": "ok", "MRR": 0.0, "R@20": 0.0, "lat_ms": 3769}
{"i": 6, "n": 98, "case": "django__django-16819", "status": "ok", "MRR": 0.111, "R@20": 1.0, "lat_ms": 4721}
{"i": 7, "n": 98, "case": "django__django-15572", "status": "ok", "MRR": 1.0, "R@20": 1.0, "lat_ms": 5049}
{"i": 8, "n": 98, "case": "django__django-16662", "status": "ok", "MRR": 1.0, "R@20": 1.0, "lat_ms": 4212}
{"i": 9, "n": 98, "case": "django__django-16938", "status": "ok", "MRR": 0.0, "R@20": 0.0, "lat_ms": 4915}
{"i": 10, "n": 98, "case": "django__django-14315", "status": "ok", "MRR": 1.0, "R@20": 1.0, "lat_ms": 5004}
{"i": 11, "n": 98, "case": "django__django-14238", "status": "ok", "MRR": 0.167, "R@20": 1.0, "lat_ms": 5678}
{"i": 12, "n": 98, "case": "django__django-16263", "status": "ok", "MRR": 1.0, "R@20": 0.5, "lat_ms": 4570}
{"i": 13, "n": 98, "case": "django__django-13315", "status": "ok", "MRR": 0.25, "R@20": 1.0, "lat_ms": 4211}
{"i": 14, "n": 98, "case": "django__django-13837", "status": "ok", "MRR": 1.0, "R@20": 1.0, "lat_ms": 4049}
{"i": 15, "n": 98, "case": "django__django-13810", "status": "ok", "MRR": 1.0, "R@20": 1.0, "lat_ms": 5343}
{"i": 16, "n": 98, "case": "django__django-16255", "status": "ok", "MRR": 1.0, "R@20": 1.0, "lat_ms": 4963}
{"i": 17, "n": 98, "case": "django__django-14017", "status": "ok", "MRR": 0.0, "R@20": 0.0, "lat_ms": 3575}
{"i": 18, "n": 98, "case": "django__django-14765", "status": "ok", "MRR": 1.0, "R@20": 1.0, "lat_ms": 3789}
{"i": 19, "n": 98, "case": "django__django-12276", "status": "ok", "MRR": 1.0, "R@20": 1.0, "lat_ms": 3707}
{"i": 20, "n": 98, "case": "django__django-12143", "status": "ok", "MRR": 0.0, "R@20": 0.0, "lat_ms": 3693}
{"i": 21, "n": 98, "case": "django__django-11206", "status": "ok", "MRR": 1.0, "R@20": 1.0, "lat_ms": 3455}
{"i": 22, "n": 98, "case": "django__django-15554", "status": "ok", "MRR": 1.0, "R@20": 1.0, "lat_ms": 5090}
{"i": 23, "n": 98, "case": "django__django-15814", "status": "ok", "MRR": 0.0, "R@20": 0.0, "lat_ms": 4869}
{"i": 24, "n": 98, "case": "django__django-13513", "status": "ok", "MRR": 1.0, "R@20": 1.0, "lat_ms": 5113}
{"i": 25, "n": 98, "case": "django__django-13363", "status": "ok", "MRR": 1.0, "R@20": 1.0, "lat_ms": 4628}
{"i": 26, "n": 98, "case": "django__django-13158", "status": "ok", "MRR": 0.0, "R@20": 0.0, "lat_ms": 5193}
{"i": 27, "n": 98, "case": "django__django-9296", "status": "ok", "MRR": 1.0, "R@20": 1.0, "lat_ms": 3269}
{"i": 28, "n": 98, "case": "django__django-11555", "status": "ok", "MRR": 1.0, "R@20": 1.0, "lat_ms": 3730}
{"i": 29, "n": 98, "case": "django__django-17029", "status": "ok", "MRR": 1.0, "R@20": 1.0, "lat_ms": 5082}
{"i": 30, "n": 98, "case": "django__django-11734", "status": "ok", "MRR": 0.062, "R@20": 0.333, "lat_ms": 3296}
{"i": 31, "n": 98, "case": "django__django-16631", "status": "ok", "MRR": 0.071, "R@20": 0.5, "lat_ms": 4446}
{"i": 32, "n": 98, "case": "django__django-13033", "status": "ok", "MRR": 1.0, "R@20": 1.0, "lat_ms": 5658}
{"i": 33, "n": 98, "case": "django__django-11211", "status": "ok", "MRR": 0.0, "R@20": 0.0, "lat_ms": 4974}
{"i": 34, "n": 98, "case": "django__django-13786", "status": "ok", "MRR": 1.0, "R@20": 1.0, "lat_ms": 3763}
{"i": 35, "n": 98, "case": "django__django-16527", "status": "ok", "MRR": 1.0, "R@20": 1.0, "lat_ms": 4538}
{"i": 36, "n": 98, "case": "django__django-15375", "status": "ok", "MRR": 0.0, "R@20": 0.0, "lat_ms": 4717}
{"i": 37, "n": 98, "case": "django__django-13670", "status": "ok", "MRR": 0.0, "R@20": 0.0, "lat_ms": 4593}
{"i": 38, "n": 98, "case": "django__django-11138", "status": "ok", "MRR": 1.0, "R@20": 0.5, "lat_ms": 4877}
{"i": 39, "n": 98, "case": "django__django-14089", "status": "ok", "MRR": 1.0, "R@20": 1.0, "lat_ms": 3347}
{"i": 40, "n": 98, "case": "django__django-11099", "status": "ok", "MRR": 1.0, "R@20": 1.0, "lat_ms": 3457}
{"i": 41, "n": 98, "case": "django__django-11119", "status": "ok", "MRR": 0.0, "R@20": 0.0, "lat_ms": 3557}
{"i": 42, "n": 98, "case": "django__django-15103", "status": "ok", "MRR": 1.0, "R@20": 1.0, "lat_ms": 5510}
{"i": 43, "n": 98, "case": "django__django-14404", "status": "ok", "MRR": 1.0, "R@20": 1.0, "lat_ms": 4322}
{"i": 44, "n": 98, "case": "django__django-11149", "status": "ok", "MRR": 0.333, "R@20": 1.0, "lat_ms": 4043}
{"i": 45, "n": 98, "case": "django__django-11477", "status": "ok", "MRR": 0.333, "R@20": 1.0, "lat_ms": 3896}
{"i": 46, "n": 98, "case": "django__django-16493", "status": "ok", "MRR": 1.0, "R@20": 1.0, "lat_ms": 4633}
{"i": 47, "n": 98, "case": "django__django-11292", "status": "ok", "MRR": 0.5, "R@20": 1.0, "lat_ms": 4404}
{"i": 48, "n": 98, "case": "django__django-12858", "status": "ok", "MRR": 1.0, "R@20": 1.0, "lat_ms": 4832}
{"i": 49, "n": 98, "case": "django__django-13964", "status": "ok", "MRR": 1.0, "R@20": 1.0, "lat_ms": 4421}
{"i": 50, "n": 98, "case": "matplotlib__matplotlib-20676", "status": "ok", "MRR": 0.0, "R@20": 0.0, "lat_ms": 3089}
{"i": 51, "n": 98, "case": "matplotlib__matplotlib-25479", "status": "ok", "MRR": 1.0, "R@20": 1.0, "lat_ms": 3340}
{"i": 52, "n": 98, "case": "matplotlib__matplotlib-23314", "status": "ok", "MRR": 0.0, "R@20": 0.0, "lat_ms": 2759}
{"i": 53, "n": 98, "case": "matplotlib__matplotlib-24627", "status": "ok", "MRR": 0.333, "R@20": 1.0, "lat_ms": 2606}
{"i": 54, "n": 98, "case": "matplotlib__matplotlib-24637", "status": "ok", "MRR": 0.0, "R@20": 0.0, "lat_ms": 2998}
{"i": 55, "n": 98, "case": "matplotlib__matplotlib-24149", "status": "ok", "MRR": 1.0, "R@20": 1.0, "lat_ms": 3041}
{"i": 56, "n": 98, "case": "matplotlib__matplotlib-23412", "status": "ok", "MRR": 0.0, "R@20": 0.0, "lat_ms": 3073}
{"i": 57, "n": 98, "case": "mwaskom__seaborn-3187", "status": "ok", "MRR": 0.0, "R@20": 0.0, "lat_ms": 1866}
{"i": 58, "n": 98, "case": "psf__requests-1142", "status": "ok", "MRR": 1.0, "R@20": 1.0, "lat_ms": 3081}
{"i": 59, "n": 98, "case": "psf__requests-1921", "status": "ok", "MRR": 1.0, "R@20": 1.0, "lat_ms": 2527}
{"i": 60, "n": 98, "case": "pydata__xarray-4075", "status": "ok", "MRR": 1.0, "R@20": 1.0, "lat_ms": 2099}
{"i": 61, "n": 98, "case": "pydata__xarray-4966", "status": "ok", "MRR": 0.0, "R@20": 0.0, "lat_ms": 2008}
{"i": 62, "n": 98, "case": "pydata__xarray-6992", "status": "ok", "MRR": 1.0, "R@20": 0.5, "lat_ms": 2634}
{"i": 63, "n": 98, "case": "pydata__xarray-6744", "status": "ok", "MRR": 1.0, "R@20": 1.0, "lat_ms": 2334}
{"i": 64, "n": 98, "case": "pylint-dev__pylint-4661", "status": "ok", "MRR": 1.0, "R@20": 0.5, "lat_ms": 1709}
{"i": 65, "n": 98, "case": "pylint-dev__pylint-7080", "status": "ok", "MRR": 0.0, "R@20": 0.0, "lat_ms": 1878}
{"i": 66, "n": 98, "case": "pytest-dev__pytest-7571", "status": "ok", "MRR": 1.0, "R@20": 1.0, "lat_ms": 1774}
{"i": 67, "n": 98, "case": "pytest-dev__pytest-5809", "status": "ok", "MRR": 1.0, "R@20": 1.0, "lat_ms": 1810}
{"i": 68, "n": 98, "case": "pytest-dev__pytest-10051", "status": "ok", "MRR": 1.0, "R@20": 1.0, "lat_ms": 1872}
{"i": 69, "n": 98, "case": "pytest-dev__pytest-7432", "status": "ok", "MRR": 1.0, "R@20": 1.0, "lat_ms": 1741}
{"i": 70, "n": 98, "case": "scikit-learn__scikit-learn-10908", "status": "ok", "MRR": 1.0, "R@20": 1.0, "lat_ms": 2544}
{"i": 71, "n": 98, "case": "scikit-learn__scikit-learn-10844", "status": "ok", "MRR": 0.0, "R@20": 0.0, "lat_ms": 2562}
{"i": 72, "n": 98, "case": "scikit-learn__scikit-learn-15100", "status": "ok", "MRR": 1.0, "R@20": 1.0, "lat_ms": 2637}
{"i": 73, "n": 98, "case": "scikit-learn__scikit-learn-12682", "status": "ok", "MRR": 1.0, "R@20": 1.0, "lat_ms": 2632}
{"i": 74, "n": 98, "case": "scikit-learn__scikit-learn-25931", "status": "ok", "MRR": 0.0, "R@20": 0.0, "lat_ms": 2849}
{"i": 75, "n": 98, "case": "sphinx-doc__sphinx-8269", "status": "ok", "MRR": 1.0, "R@20": 1.0, "lat_ms": 2221}
{"i": 76, "n": 98, "case": "sphinx-doc__sphinx-10449", "status": "ok", "MRR": 0.0, "R@20": 0.0, "lat_ms": 2219}
{"i": 77, "n": 98, "case": "sphinx-doc__sphinx-8459", "status": "ok", "MRR": 1.0, "R@20": 1.0, "lat_ms": 2222}
{"i": 78, "n": 98, "case": "sphinx-doc__sphinx-11510", "status": "ok", "MRR": 0.0, "R@20": 0.0, "lat_ms": 1832}
{"i": 79, "n": 98, "case": "sphinx-doc__sphinx-8120", "status": "ok", "MRR": 0.0, "R@20": 0.0, "lat_ms": 1832}
{"i": 80, "n": 98, "case": "sphinx-doc__sphinx-7748", "status": "ok", "MRR": 1.0, "R@20": 1.0, "lat_ms": 2320}
{"i": 81, "n": 98, "case": "sphinx-doc__sphinx-9591", "status": "ok", "MRR": 0.0, "R@20": 0.0, "lat_ms": 2075}
{"i": 82, "n": 98, "case": "sphinx-doc__sphinx-8548", "status": "ok", "MRR": 1.0, "R@20": 1.0, "lat_ms": 2061}
{"i": 83, "n": 98, "case": "sphinx-doc__sphinx-8056", "status": "ok", "MRR": 0.0, "R@20": 0.0, "lat_ms": 2937}
{"i": 84, "n": 98, "case": "sympy__sympy-13372", "status": "ok", "MRR": 1.0, "R@20": 1.0, "lat_ms": 4091}
{"i": 85, "n": 98, "case": "sympy__sympy-23824", "status": "ok", "MRR": 1.0, "R@20": 1.0, "lat_ms": 6656}
{"i": 86, "n": 98, "case": "sympy__sympy-22080", "status": "ok", "MRR": 0.0, "R@20": 0.0, "lat_ms": 5649}
{"i": 87, "n": 98, "case": "sympy__sympy-24066", "status": "ok", "MRR": 0.167, "R@20": 1.0, "lat_ms": 5867}
{"i": 88, "n": 98, "case": "sympy__sympy-17630", "status": "ok", "MRR": 0.333, "R@20": 1.0, "lat_ms": 6680}
{"i": 89, "n": 98, "case": "sympy__sympy-21379", "status": "ok", "MRR": 0.0, "R@20": 0.0, "lat_ms": 6859}
{"i": 90, "n": 98, "case": "sympy__sympy-13878", "status": "ok", "MRR": 1.0, "R@20": 1.0, "lat_ms": 4100}
{"i": 91, "n": 98, "case": "sympy__sympy-24443", "status": "ok", "MRR": 1.0, "R@20": 1.0, "lat_ms": 5954}
{"i": 92, "n": 98, "case": "sympy__sympy-22456", "status": "ok", "MRR": 1.0, "R@20": 1.0, "lat_ms": 5942}
{"i": 93, "n": 98, "case": "sympy__sympy-13757", "status": "ok", "MRR": 1.0, "R@20": 1.0, "lat_ms": 3920}
{"i": 94, "n": 98, "case": "sympy__sympy-12489", "status": "ok", "MRR": 1.0, "R@20": 1.0, "lat_ms": 3668}
{"i": 95, "n": 98, "case": "sympy__sympy-24562", "status": "ok", "MRR": 1.0, "R@20": 1.0, "lat_ms": 5688}
{"i": 96, "n": 98, "case": "sympy__sympy-12481", "status": "ok", "MRR": 1.0, "R@20": 1.0, "lat_ms": 3262}
{"i": 97, "n": 98, "case": "sympy__sympy-20590", "status": "ok", "MRR": 0.0, "R@20": 0.0, "lat_ms": 5610}
{"i": 98, "n": 98, "case": "sympy__sympy-23262", "status": "ok", "MRR": 0.0, "R@20": 0.0, "lat_ms": 6841}
{"run_id": "D2-final-hybrid_rerank-r4-v1", "MRR": 0.6113439423388403, "R@20": 0.6666666666666666, "BCY": 0.5756802721088435, "skipped": 0}
