run_id=D2-final-hybrid-r4-v1 cases=98
{"i": 1, "n": 98, "case": "astropy__astropy-7606", "status": "ok", "MRR": 0.5, "R@20": 1.0, "lat_ms": 2004}
{"i": 2, "n": 98, "case": "astropy__astropy-13398", "status": "ok", "MRR": 1.0, "R@20": 1.0, "lat_ms": 3038}
{"i": 3, "n": 98, "case": "astropy__astropy-14309", "status": "ok", "MRR": 0.0, "R@20": 0.0, "lat_ms": 2227}
{"i": 4, "n": 98, "case": "astropy__astropy-14369", "status": "ok", "MRR": 0.0, "R@20": 0.0, "lat_ms": 2050}
{"i": 5, "n": 98, "case": "django__django-14672", "status": "ok", "MRR": 0.0, "R@20": 0.0, "lat_ms": 2388}
{"i": 6, "n": 98, "case": "django__django-16819", "status": "ok", "MRR": 0.2, "R@20": 1.0, "lat_ms": 2083}
{"i": 7, "n": 98, "case": "django__django-15572", "status": "ok", "MRR": 0.333, "R@20": 1.0, "lat_ms": 2292}
{"i": 8, "n": 98, "case": "django__django-16662", "status": "ok", "MRR": 0.333, "R@20": 1.0, "lat_ms": 2259}
{"i": 9, "n": 98, "case": "django__django-16938", "status": "ok", "MRR": 0.0, "R@20": 0.0, "lat_ms": 2598}
{"i": 10, "n": 98, "case": "django__django-14315", "status": "ok", "MRR": 1.0, "R@20": 1.0, "lat_ms": 2054}
{"i": 11, "n": 98, "case": "django__django-14238", "status": "ok", "MRR": 0.0, "R@20": 0.0, "lat_ms": 2220}
{"i": 12, "n": 98, "case": "django__django-16263", "status": "ok", "MRR": 0.167, "R@20": 0.5, "lat_ms": 2191}
{"i": 13, "n": 98, "case": "django__django-13315", "status": "ok", "MRR": 0.5, "R@20": 1.0, "lat_ms": 1978}
{"i": 14, "n": 98, "case": "django__django-13837", "status": "ok", "MRR": 1.0, "R@20": 1.0, "lat_ms": 2252}
{"i": 15, "n": 98, "case": "django__django-13810", "status": "ok", "MRR": 0.333, "R@20": 1.0, "lat_ms": 2381}
{"i": 16, "n": 98, "case": "django__django-16255", "status": "ok", "MRR": 0.2, "R@20": 1.0, "lat_ms": 2330}
{"i": 17, "n": 98, "case": "django__django-14017", "status": "ok", "MRR": 0.0, "R@20": 0.0, "lat_ms": 2146}
{"i": 18, "n": 98, "case": "django__django-14765", "status": "ok", "MRR": 0.333, "R@20": 1.0, "lat_ms": 2097}
{"i": 19, "n": 98, "case": "django__django-12276", "status": "ok", "MRR": 0.5, "R@20": 1.0, "lat_ms": 1948}
{"i": 20, "n": 98, "case": "django__django-12143", "status": "ok", "MRR": 0.0, "R@20": 0.0, "lat_ms": 2221}
{"i": 21, "n": 98, "case": "django__django-11206", "status": "ok", "MRR": 0.333, "R@20": 1.0, "lat_ms": 1924}
{"i": 22, "n": 98, "case": "django__django-15554", "status": "ok", "MRR": 1.0, "R@20": 1.0, "lat_ms": 2341}
{"i": 23, "n": 98, "case": "django__django-15814", "status": "ok", "MRR": 0.0, "R@20": 0.0, "lat_ms": 2466}
{"i": 24, "n": 98, "case": "django__django-13513", "status": "ok", "MRR": 1.0, "R@20": 1.0, "lat_ms": 2086}
{"i": 25, "n": 98, "case": "django__django-13363", "status": "ok", "MRR": 0.125, "R@20": 1.0, "lat_ms": 2275}
{"i": 26, "n": 98, "case": "django__django-13158", "status": "ok", "MRR": 0.0, "R@20": 0.0, "lat_ms": 2101}
{"i": 27, "n": 98, "case": "django__django-9296", "status": "ok", "MRR": 0.25, "R@20": 1.0, "lat_ms": 1983}
{"i": 28, "n": 98, "case": "django__django-11555", "status": "ok", "MRR": 0.333, "R@20": 1.0, "lat_ms": 2016}
{"i": 29, "n": 98, "case": "django__django-17029", "status": "ok", "MRR": 0.333, "R@20": 1.0, "lat_ms": 2372}
{"i": 30, "n": 98, "case": "django__django-11734", "status": "ok", "MRR": 0.062, "R@20": 0.333, "lat_ms": 1933}
{"i": 31, "n": 98, "case": "django__django-16631", "status": "ok", "MRR": 0.062, "R@20": 0.5, "lat_ms": 2389}
{"i": 32, "n": 98, "case": "django__django-13033", "status": "ok", "MRR": 0.125, "R@20": 1.0, "lat_ms": 2297}
{"i": 33, "n": 98, "case": "django__django-11211", "status": "ok", "MRR": 0.0, "R@20": 0.0, "lat_ms": 2027}
{"i": 34, "n": 98, "case": "django__django-13786", "status": "ok", "MRR": 0.333, "R@20": 1.0, "lat_ms": 2192}
{"i": 35, "n": 98, "case": "django__django-16527", "status": "ok", "MRR": 1.0, "R@20": 1.0, "lat_ms": 2287}
{"i": 36, "n": 98, "case": "django__django-15375", "status": "ok", "MRR": 0.0, "R@20": 0.0, "lat_ms": 2367}
{"i": 37, "n": 98, "case": "django__django-13670", "status": "ok", "MRR": 0.0, "R@20": 0.0, "lat_ms": 2067}
{"i": 38, "n": 98, "case": "django__django-11138", "status": "ok", "MRR": 0.091, "R@20": 0.5, "lat_ms": 2281}
{"i": 39, "n": 98, "case": "django__django-14089", "status": "ok", "MRR": 0.5, "R@20": 1.0, "lat_ms": 2081}
{"i": 40, "n": 98, "case": "django__django-11099", "status": "ok", "MRR": 0.5, "R@20": 1.0, "lat_ms": 1974}
{"i": 41, "n": 98, "case": "django__django-11119", "status": "ok", "MRR": 0.0, "R@20": 0.0, "lat_ms": 1901}
{"i": 42, "n": 98, "case": "django__django-15103", "status": "ok", "MRR": 0.5, "R@20": 1.0, "lat_ms": 2137}
{"i": 43, "n": 98, "case": "django__django-14404", "status": "ok", "MRR": 0.2, "R@20": 1.0, "lat_ms": 2088}
{"i": 44, "n": 98, "case": "django__django-11149", "status": "ok", "MRR": 0.25, "R@20": 1.0, "lat_ms": 2005}
{"i": 45, "n": 98, "case": "django__django-11477", "status": "ok", "MRR": 1.0, "R@20": 1.0, "lat_ms": 1890}
{"i": 46, "n": 98, "case": "django__django-16493", "status": "ok", "MRR": 0.2, "R@20": 1.0, "lat_ms": 2443}
{"i": 47, "n": 98, "case": "django__django-11292", "status": "ok", "MRR": 0.5, "R@20": 1.0, "lat_ms": 1902}
{"i": 48, "n": 98, "case": "django__django-12858", "status": "ok", "MRR": 0.333, "R@20": 1.0, "lat_ms": 2037}
{"i": 49, "n": 98, "case": "django__django-13964", "status": "ok", "MRR": 0.083, "R@20": 1.0, "lat_ms": 2268}
{"i": 50, "n": 98, "case": "matplotlib__matplotlib-20676", "status": "ok", "MRR": 0.0, "R@20": 0.0, "lat_ms": 1134}
{"i": 51, "n": 98, "case": "matplotlib__matplotlib-25479", "status": "ok", "MRR": 0.167, "R@20": 1.0, "lat_ms": 1520}
{"i": 52, "n": 98, "case": "matplotlib__matplotlib-23314", "status": "ok", "MRR": 0.0, "R@20": 0.0, "lat_ms": 1089}
{"i": 53, "n": 98, "case": "matplotlib__matplotlib-24627", "status": "ok", "MRR": 0.167, "R@20": 1.0, "lat_ms": 1056}
{"i": 54, "n": 98, "case": "matplotlib__matplotlib-24637", "status": "ok", "MRR": 0.0, "R@20": 0.0, "lat_ms": 1285}
{"i": 55, "n": 98, "case": "matplotlib__matplotlib-24149", "status": "ok", "MRR": 0.167, "R@20": 1.0, "lat_ms": 1333}
{"i": 56, "n": 98, "case": "matplotlib__matplotlib-23412", "status": "ok", "MRR": 0.0, "R@20": 0.0, "lat_ms": 1226}
{"i": 57, "n": 98, "case": "mwaskom__seaborn-3187", "status": "ok", "MRR": 0.0, "R@20": 0.0, "lat_ms": 196}
{"i": 58, "n": 98, "case": "psf__requests-1142", "status": "ok", "MRR": 0.25, "R@20": 1.0, "lat_ms": 39}
{"i": 59, "n": 98, "case": "psf__requests-1921", "status": "ok", "MRR": 0.333, "R@20": 1.0, "lat_ms": 54}
{"i": 60, "n": 98, "case": "pydata__xarray-4075", "status": "ok", "MRR": 0.05, "R@20": 1.0, "lat_ms": 392}
{"i": 61, "n": 98, "case": "pydata__xarray-4966", "status": "ok", "MRR": 0.0, "R@20": 0.0, "lat_ms": 422}
{"i": 62, "n": 98, "case": "pydata__xarray-6992", "status": "ok", "MRR": 0.333, "R@20": 0.5, "lat_ms": 526}
{"i": 63, "n": 98, "case": "pydata__xarray-6744", "status": "ok", "MRR": 0.1, "R@20": 1.0, "lat_ms": 461}
{"i": 64, "n": 98, "case": "pylint-dev__pylint-4661", "status": "ok", "MRR": 1.0, "R@20": 0.5, "lat_ms": 305}
{"i": 65, "n": 98, "case": "pylint-dev__pylint-7080", "status": "ok", "MRR": 0.0, "R@20": 0.0, "lat_ms": 511}
{"i": 66, "n": 98, "case": "pytest-dev__pytest-7571", "status": "ok", "MRR": 0.2, "R@20": 1.0, "lat_ms": 300}
{"i": 67, "n": 98, "case": "pytest-dev__pytest-5809", "status": "ok", "MRR": 1.0, "R@20": 1.0, "lat_ms": 254}
{"i": 68, "n": 98, "case": "pytest-dev__pytest-10051", "status": "ok", "MRR": 0.2, "R@20": 1.0, "lat_ms": 354}
{"i": 69, "n": 98, "case": "pytest-dev__pytest-7432", "status": "ok", "MRR": 1.0, "R@20": 1.0, "lat_ms": 316}
{"i": 70, "n": 98, "case": "scikit-learn__scikit-learn-10908", "status": "ok", "MRR": 0.25, "R@20": 1.0, "lat_ms": 956}
{"i": 71, "n": 98, "case": "scikit-learn__scikit-learn-10844", "status": "ok", "MRR": 0.0, "R@20": 0.0, "lat_ms": 1068}
{"i": 72, "n": 98, "case": "scikit-learn__scikit-learn-15100", "status": "ok", "MRR": 0.333, "R@20": 1.0, "lat_ms": 1151}
{"i": 73, "n": 98, "case": "scikit-learn__scikit-learn-12682", "status": "ok", "MRR": 0.5, "R@20": 1.0, "lat_ms": 971}
{"i": 74, "n": 98, "case": "scikit-learn__scikit-learn-25931", "status": "ok", "MRR": 0.0, "R@20": 0.0, "lat_ms": 1549}
{"i": 75, "n": 98, "case": "sphinx-doc__sphinx-8269", "status": "ok", "MRR": 0.083, "R@20": 1.0, "lat_ms": 570}
{"i": 76, "n": 98, "case": "sphinx-doc__sphinx-10449", "status": "ok", "MRR": 0.0, "R@20": 0.0, "lat_ms": 685}
{"i": 77, "n": 98, "case": "sphinx-doc__sphinx-8459", "status": "ok", "MRR": 0.143, "R@20": 1.0, "lat_ms": 565}
{"i": 78, "n": 98, "case": "sphinx-doc__sphinx-11510", "status": "ok", "MRR": 0.0, "R@20": 0.0, "lat_ms": 624}
{"i": 79, "n": 98, "case": "sphinx-doc__sphinx-8120", "status": "ok", "MRR": 0.0, "R@20": 0.0, "lat_ms": 554}
{"i": 80, "n": 98, "case": "sphinx-doc__sphinx-7748", "status": "ok", "MRR": 0.5, "R@20": 1.0, "lat_ms": 489}
{"i": 81, "n": 98, "case": "sphinx-doc__sphinx-9591", "status": "ok", "MRR": 0.0, "R@20": 0.0, "lat_ms": 543}
{"i": 82, "n": 98, "case": "sphinx-doc__sphinx-8548", "status": "ok", "MRR": 1.0, "R@20": 1.0, "lat_ms": 524}
{"i": 83, "n": 98, "case": "sphinx-doc__sphinx-8056", "status": "ok", "MRR": 0.0, "R@20": 0.0, "lat_ms": 564}
{"i": 84, "n": 98, "case": "sympy__sympy-13372", "status": "ok", "MRR": 1.0, "R@20": 1.0, "lat_ms": 2557}
{"i": 85, "n": 98, "case": "sympy__sympy-23824", "status": "ok", "MRR": 0.5, "R@20": 1.0, "lat_ms": 4095}
{"i": 86, "n": 98, "case": "sympy__sympy-22080", "status": "ok", "MRR": 0.0, "R@20": 0.0, "lat_ms": 3613}
{"i": 87, "n": 98, "case": "sympy__sympy-24066", "status": "ok", "MRR": 0.333, "R@20": 1.0, "lat_ms": 3604}
{"i": 88, "n": 98, "case": "sympy__sympy-17630", "status": "ok", "MRR": 0.067, "R@20": 1.0, "lat_ms": 3630}
{"i": 89, "n": 98, "case": "sympy__sympy-21379", "status": "ok", "MRR": 0.0, "R@20": 0.0, "lat_ms": 3977}
{"i": 90, "n": 98, "case": "sympy__sympy-13878", "status": "ok", "MRR": 0.5, "R@20": 1.0, "lat_ms": 2913}
{"i": 91, "n": 98, "case": "sympy__sympy-24443", "status": "ok", "MRR": 0.25, "R@20": 1.0, "lat_ms": 3150}
{"i": 92, "n": 98, "case": "sympy__sympy-22456", "status": "ok", "MRR": 0.5, "R@20": 1.0, "lat_ms": 3230}
{"i": 93, "n": 98, "case": "sympy__sympy-13757", "status": "ok", "MRR": 0.5, "R@20": 1.0, "lat_ms": 2215}
{"i": 94, "n": 98, "case": "sympy__sympy-12489", "status": "ok", "MRR": 1.0, "R@20": 1.0, "lat_ms": 2265}
{"i": 95, "n": 98, "case": "sympy__sympy-24562", "status": "ok", "MRR": 1.0, "R@20": 1.0, "lat_ms": 3043}
{"i": 96, "n": 98, "case": "sympy__sympy-12481", "status": "ok", "MRR": 1.0, "R@20": 1.0, "lat_ms": 1967}
{"i": 97, "n": 98, "case": "sympy__sympy-20590", "status": "ok", "MRR": 0.0, "R@20": 0.0, "lat_ms": 3464}
{"i": 98, "n": 98, "case": "sympy__sympy-23262", "status": "ok", "MRR": 0.0, "R@20": 0.0, "lat_ms": 3893}
{"run_id": "D2-final-hybrid-r4-v1", "MRR": 0.3055316282357099, "R@20": 0.6513605442176871, "BCY": 0.2227891156462585, "skipped": 0}
