run_id=D3-ablation-delphi-norerank-no_path_affinity-v1 cases=60
{"i": 1, "n": 60, "case": "astropy__astropy-14096", "status": "ok", "MRR": 1.0, "R@20": 1.0, "lat_ms": 666}
{"i": 2, "n": 60, "case": "astropy__astropy-13033", "status": "ok", "MRR": 0.125, "R@20": 1.0, "lat_ms": 969}
{"i": 3, "n": 60, "case": "astropy__astropy-7671", "status": "ok", "MRR": 1.0, "R@20": 1.0, "lat_ms": 600}
{"i": 4, "n": 60, "case": "django__django-16667", "status": "ok", "MRR": 0.5, "R@20": 1.0, "lat_ms": 725}
{"i": 5, "n": 60, "case": "django__django-11880", "status": "ok", "MRR": 0.5, "R@20": 1.0, "lat_ms": 250}
{"i": 6, "n": 60, "case": "django__django-13925", "status": "ok", "MRR": 1.0, "R@20": 1.0, "lat_ms": 284}
{"i": 7, "n": 60, "case": "django__django-11179", "status": "ok", "MRR": 0.05, "R@20": 1.0, "lat_ms": 153}
{"i": 8, "n": 60, "case": "django__django-13012", "status": "ok", "MRR": 1.0, "R@20": 1.0, "lat_ms": 255}
{"i": 9, "n": 60, "case": "django__django-13128", "status": "ok", "MRR": 0.143, "R@20": 1.0, "lat_ms": 267}
{"i": 10, "n": 60, "case": "django__django-12193", "status": "ok", "MRR": 0.25, "R@20": 1.0, "lat_ms": 194}
{"i": 11, "n": 60, "case": "django__django-14855", "status": "ok", "MRR": 0.167, "R@20": 1.0, "lat_ms": 356}
{"i": 12, "n": 60, "case": "django__django-14434", "status": "ok", "MRR": 1.0, "R@20": 1.0, "lat_ms": 171}
{"i": 13, "n": 60, "case": "django__django-15629", "status": "ok", "MRR": 0.143, "R@20": 0.5, "lat_ms": 382}
{"i": 14, "n": 60, "case": "django__django-13279", "status": "ok", "MRR": 0.25, "R@20": 1.0, "lat_ms": 241}
{"i": 15, "n": 60, "case": "django__django-14608", "status": "ok", "MRR": 1.0, "R@20": 1.0, "lat_ms": 273}
{"i": 16, "n": 60, "case": "django__django-12419", "status": "ok", "MRR": 0.0, "R@20": 0.0, "lat_ms": 401}
{"i": 17, "n": 60, "case": "django__django-14631", "status": "ok", "MRR": 1.0, "R@20": 1.0, "lat_ms": 395}
{"i": 18, "n": 60, "case": "django__django-13406", "status": "ok", "MRR": 0.2, "R@20": 1.0, "lat_ms": 1228}
{"i": 19, "n": 60, "case": "django__django-15503", "status": "ok", "MRR": 0.5, "R@20": 1.0, "lat_ms": 660}
{"i": 20, "n": 60, "case": "django__django-15916", "status": "ok", "MRR": 1.0, "R@20": 1.0, "lat_ms": 559}
{"i": 21, "n": 60, "case": "django__django-13297", "status": "ok", "MRR": 0.0, "R@20": 0.0, "lat_ms": 544}
{"i": 22, "n": 60, "case": "django__django-14534", "status": "ok", "MRR": 1.0, "R@20": 1.0, "lat_ms": 374}
{"i": 23, "n": 60, "case": "django__django-15127", "status": "ok", "MRR": 0.0, "R@20": 0.0, "lat_ms": 266}
{"i": 24, "n": 60, "case": "django__django-11790", "status": "ok", "MRR": 1.0, "R@20": 1.0, "lat_ms": 236}
{"i": 25, "n": 60, "case": "django__django-12050", "status": "ok", "MRR": 1.0, "R@20": 1.0, "lat_ms": 355}
{"i": 26, "n": 60, "case": "django__django-14122", "status": "ok", "MRR": 0.0, "R@20": 0.0, "lat_ms": 359}
{"i": 27, "n": 60, "case": "django__django-16899", "status": "ok", "MRR": 0.5, "R@20": 1.0, "lat_ms": 231}
{"i": 28, "n": 60, "case": "django__django-13821", "status": "ok", "MRR": 1.0, "R@20": 1.0, "lat_ms": 253}
{"i": 29, "n": 60, "case": "django__django-11163", "status": "ok", "MRR": 1.0, "R@20": 1.0, "lat_ms": 138}
{"i": 30, "n": 60, "case": "django__django-10914", "status": "ok", "MRR": 0.0, "R@20": 0.0, "lat_ms": 210}
{"i": 31, "n": 60, "case": "django__django-13023", "status": "ok", "MRR": 1.0, "R@20": 1.0, "lat_ms": 356}
{"i": 32, "n": 60, "case": "matplotlib__matplotlib-24026", "status": "ok", "MRR": 0.0, "R@20": 0.0, "lat_ms": 779}
{"i": 33, "n": 60, "case": "matplotlib__matplotlib-25775", "status": "ok", "MRR": 1.0, "R@20": 0.333, "lat_ms": 328}
{"i": 34, "n": 60, "case": "matplotlib__matplotlib-20826", "status": "ok", "MRR": 0.056, "R@20": 1.0, "lat_ms": 402}
{"i": 35, "n": 60, "case": "matplotlib__matplotlib-26291", "status": "ok", "MRR": 1.0, "R@20": 1.0, "lat_ms": 1379}
{"i": 36, "n": 60, "case": "psf__requests-1766", "status": "ok", "MRR": 1.0, "R@20": 1.0, "lat_ms": 36}
{"i": 37, "n": 60, "case": "pydata__xarray-3151", "status": "ok", "MRR": 1.0, "R@20": 1.0, "lat_ms": 259}
{"i": 38, "n": 60, "case": "pydata__xarray-4695", "status": "ok", "MRR": 0.143, "R@20": 1.0, "lat_ms": 241}
{"i": 39, "n": 60, "case": "pydata__xarray-4356", "status": "ok", "MRR": 0.25, "R@20": 1.0, "lat_ms": 254}
{"i": 40, "n": 60, "case": "pylint-dev__pylint-8898", "status": "ok", "MRR": 0.067, "R@20": 0.333, "lat_ms": 806}
{"i": 41, "n": 60, "case": "pytest-dev__pytest-7324", "status": "ok", "MRR": 0.091, "R@20": 1.0, "lat_ms": 235}
{"i": 42, "n": 60, "case": "pytest-dev__pytest-7236", "status": "ok", "MRR": 0.111, "R@20": 1.0, "lat_ms": 562}
{"i": 43, "n": 60, "case": "scikit-learn__scikit-learn-14983", "status": "ok", "MRR": 1.0, "R@20": 1.0, "lat_ms": 522}
{"i": 44, "n": 60, "case": "scikit-learn__scikit-learn-13328", "status": "ok", "MRR": 1.0, "R@20": 1.0, "lat_ms": 1199}
{"i": 45, "n": 60, "case": "scikit-learn__scikit-learn-13135", "status": "ok", "MRR": 1.0, "R@20": 1.0, "lat_ms": 856}
{"i": 46, "n": 60, "case": "scikit-learn__scikit-learn-12585", "status": "ok", "MRR": 1.0, "R@20": 1.0, "lat_ms": 364}
{"i": 47, "n": 60, "case": "sphinx-doc__sphinx-10323", "status": "ok", "MRR": 0.5, "R@20": 1.0, "lat_ms": 209}
{"i": 48, "n": 60, "case": "sphinx-doc__sphinx-9461", "status": "ok", "MRR": 0.5, "R@20": 0.667, "lat_ms": 284}
{"i": 49, "n": 60, "case": "sphinx-doc__sphinx-10614", "status": "ok", "MRR": 0.067, "R@20": 1.0, "lat_ms": 214}
{"i": 50, "n": 60, "case": "sphinx-doc__sphinx-7462", "status": "ok", "MRR": 0.0, "R@20": 0.0, "lat_ms": 267}
{"i": 51, "n": 60, "case": "sphinx-doc__sphinx-10466", "status": "ok", "MRR": 0.5, "R@20": 1.0, "lat_ms": 475}
{"i": 52, "n": 60, "case": "sympy__sympy-19495", "status": "ok", "MRR": 0.5, "R@20": 1.0, "lat_ms": 525}
{"i": 53, "n": 60, "case": "sympy__sympy-12419", "status": "ok", "MRR": 0.5, "R@20": 1.0, "lat_ms": 293}
{"i": 54, "n": 60, "case": "sympy__sympy-20916", "status": "ok", "MRR": 0.0, "R@20": 0.0, "lat_ms": 381}
{"i": 55, "n": 60, "case": "sympy__sympy-23534", "status": "ok", "MRR": 1.0, "R@20": 1.0, "lat_ms": 588}
{"i": 56, "n": 60, "case": "sympy__sympy-23950", "status": "ok", "MRR": 1.0, "R@20": 1.0, "lat_ms": 521}
{"i": 57, "n": 60, "case": "sympy__sympy-19346", "status": "ok", "MRR": 1.0, "R@20": 1.0, "lat_ms": 260}
{"i": 58, "n": 60, "case": "sympy__sympy-16450", "status": "ok", "MRR": 0.5, "R@20": 1.0, "lat_ms": 406}
{"i": 59, "n": 60, "case": "sympy__sympy-20154", "status": "ok", "MRR": 1.0, "R@20": 1.0, "lat_ms": 354}
{"i": 60, "n": 60, "case": "sympy__sympy-14711", "status": "ok", "MRR": 1.0, "R@20": 1.0, "lat_ms": 398}
{"run_id": "D3-ablation-delphi-norerank-no_path_affinity-v1", "MRR": 0.5685191197691197, "R@20": 0.8305555555555556, "BCY": 0.46944444444444444, "skipped": 0}
