run_id=D3-ablation-delphi-norerank-vector_only-v1 cases=60
{"i": 1, "n": 60, "case": "astropy__astropy-14096", "status": "ok", "MRR": 0.071, "R@20": 1.0, "lat_ms": 624}
{"i": 2, "n": 60, "case": "astropy__astropy-13033", "status": "ok", "MRR": 0.5, "R@20": 1.0, "lat_ms": 977}
{"i": 3, "n": 60, "case": "astropy__astropy-7671", "status": "ok", "MRR": 1.0, "R@20": 1.0, "lat_ms": 547}
{"i": 4, "n": 60, "case": "django__django-16667", "status": "ok", "MRR": 1.0, "R@20": 1.0, "lat_ms": 718}
{"i": 5, "n": 60, "case": "django__django-11880", "status": "ok", "MRR": 0.25, "R@20": 1.0, "lat_ms": 246}
{"i": 6, "n": 60, "case": "django__django-13925", "status": "ok", "MRR": 1.0, "R@20": 1.0, "lat_ms": 279}
{"i": 7, "n": 60, "case": "django__django-11179", "status": "ok", "MRR": 0.059, "R@20": 1.0, "lat_ms": 158}
{"i": 8, "n": 60, "case": "django__django-13012", "status": "ok", "MRR": 0.5, "R@20": 1.0, "lat_ms": 265}
{"i": 9, "n": 60, "case": "django__django-13128", "status": "ok", "MRR": 0.25, "R@20": 1.0, "lat_ms": 258}
{"i": 10, "n": 60, "case": "django__django-12193", "status": "ok", "MRR": 0.333, "R@20": 1.0, "lat_ms": 188}
{"i": 11, "n": 60, "case": "django__django-14855", "status": "ok", "MRR": 0.333, "R@20": 1.0, "lat_ms": 327}
{"i": 12, "n": 60, "case": "django__django-14434", "status": "ok", "MRR": 1.0, "R@20": 1.0, "lat_ms": 197}
{"i": 13, "n": 60, "case": "django__django-15629", "status": "ok", "MRR": 0.333, "R@20": 0.5, "lat_ms": 387}
{"i": 14, "n": 60, "case": "django__django-13279", "status": "ok", "MRR": 0.125, "R@20": 1.0, "lat_ms": 256}
{"i": 15, "n": 60, "case": "django__django-14608", "status": "ok", "MRR": 1.0, "R@20": 1.0, "lat_ms": 277}
{"i": 16, "n": 60, "case": "django__django-12419", "status": "ok", "MRR": 0.0, "R@20": 0.0, "lat_ms": 344}
{"i": 17, "n": 60, "case": "django__django-14631", "status": "ok", "MRR": 0.5, "R@20": 1.0, "lat_ms": 417}
{"i": 18, "n": 60, "case": "django__django-13406", "status": "ok", "MRR": 0.167, "R@20": 1.0, "lat_ms": 1200}
{"i": 19, "n": 60, "case": "django__django-15503", "status": "ok", "MRR": 0.333, "R@20": 1.0, "lat_ms": 639}
{"i": 20, "n": 60, "case": "django__django-15916", "status": "ok", "MRR": 0.125, "R@20": 1.0, "lat_ms": 573}
{"i": 21, "n": 60, "case": "django__django-13297", "status": "ok", "MRR": 0.059, "R@20": 1.0, "lat_ms": 529}
{"i": 22, "n": 60, "case": "django__django-14534", "status": "ok", "MRR": 1.0, "R@20": 1.0, "lat_ms": 380}
{"i": 23, "n": 60, "case": "django__django-15127", "status": "ok", "MRR": 0.0, "R@20": 0.0, "lat_ms": 254}
{"i": 24, "n": 60, "case": "django__django-11790", "status": "ok", "MRR": 0.167, "R@20": 1.0, "lat_ms": 241}
{"i": 25, "n": 60, "case": "django__django-12050", "status": "ok", "MRR": 0.167, "R@20": 1.0, "lat_ms": 340}
{"i": 26, "n": 60, "case": "django__django-14122", "status": "ok", "MRR": 0.0, "R@20": 0.0, "lat_ms": 354}
{"i": 27, "n": 60, "case": "django__django-16899", "status": "ok", "MRR": 0.167, "R@20": 1.0, "lat_ms": 241}
{"i": 28, "n": 60, "case": "django__django-13821", "status": "ok", "MRR": 1.0, "R@20": 1.0, "lat_ms": 259}
{"i": 29, "n": 60, "case": "django__django-11163", "status": "ok", "MRR": 0.5, "R@20": 1.0, "lat_ms": 150}
{"i": 30, "n": 60, "case": "django__django-10914", "status": "ok", "MRR": 0.0, "R@20": 0.0, "lat_ms": 213}
{"i": 31, "n": 60, "case": "django__django-13023", "status": "ok", "MRR": 1.0, "R@20": 1.0, "lat_ms": 378}
{"i": 32, "n": 60, "case": "matplotlib__matplotlib-24026", "status": "ok", "MRR": 0.0, "R@20": 0.0, "lat_ms": 768}
{"i": 33, "n": 60, "case": "matplotlib__matplotlib-25775", "status": "ok", "MRR": 1.0, "R@20": 0.333, "lat_ms": 321}
{"i": 34, "n": 60, "case": "matplotlib__matplotlib-20826", "status": "ok", "MRR": 0.05, "R@20": 1.0, "lat_ms": 390}
{"i": 35, "n": 60, "case": "matplotlib__matplotlib-26291", "status": "ok", "MRR": 0.333, "R@20": 1.0, "lat_ms": 1378}
{"i": 36, "n": 60, "case": "psf__requests-1766", "status": "ok", "MRR": 1.0, "R@20": 1.0, "lat_ms": 37}
{"i": 37, "n": 60, "case": "pydata__xarray-3151", "status": "ok", "MRR": 0.5, "R@20": 1.0, "lat_ms": 254}
{"i": 38, "n": 60, "case": "pydata__xarray-4695", "status": "ok", "MRR": 0.071, "R@20": 1.0, "lat_ms": 250}
{"i": 39, "n": 60, "case": "pydata__xarray-4356", "status": "ok", "MRR": 0.5, "R@20": 1.0, "lat_ms": 266}
{"i": 40, "n": 60, "case": "pylint-dev__pylint-8898", "status": "ok", "MRR": 0.0, "R@20": 0.0, "lat_ms": 812}
{"i": 41, "n": 60, "case": "pytest-dev__pytest-7324", "status": "ok", "MRR": 0.0, "R@20": 0.0, "lat_ms": 237}
{"i": 42, "n": 60, "case": "pytest-dev__pytest-7236", "status": "ok", "MRR": 0.0, "R@20": 0.0, "lat_ms": 553}
{"i": 43, "n": 60, "case": "scikit-learn__scikit-learn-14983", "status": "ok", "MRR": 1.0, "R@20": 1.0, "lat_ms": 510}
{"i": 44, "n": 60, "case": "scikit-learn__scikit-learn-13328", "status": "ok", "MRR": 1.0, "R@20": 1.0, "lat_ms": 1157}
{"i": 45, "n": 60, "case": "scikit-learn__scikit-learn-13135", "status": "ok", "MRR": 1.0, "R@20": 1.0, "lat_ms": 858}
{"i": 46, "n": 60, "case": "scikit-learn__scikit-learn-12585", "status": "ok", "MRR": 1.0, "R@20": 1.0, "lat_ms": 353}
{"i": 47, "n": 60, "case": "sphinx-doc__sphinx-10323", "status": "ok", "MRR": 1.0, "R@20": 1.0, "lat_ms": 218}
{"i": 48, "n": 60, "case": "sphinx-doc__sphinx-9461", "status": "ok", "MRR": 0.167, "R@20": 0.667, "lat_ms": 289}
{"i": 49, "n": 60, "case": "sphinx-doc__sphinx-10614", "status": "ok", "MRR": 0.0, "R@20": 0.0, "lat_ms": 222}
{"i": 50, "n": 60, "case": "sphinx-doc__sphinx-7462", "status": "ok", "MRR": 0.0, "R@20": 0.0, "lat_ms": 267}
{"i": 51, "n": 60, "case": "sphinx-doc__sphinx-10466", "status": "ok", "MRR": 1.0, "R@20": 1.0, "lat_ms": 478}
{"i": 52, "n": 60, "case": "sympy__sympy-19495", "status": "ok", "MRR": 1.0, "R@20": 1.0, "lat_ms": 521}
{"i": 53, "n": 60, "case": "sympy__sympy-12419", "status": "ok", "MRR": 0.143, "R@20": 1.0, "lat_ms": 299}
{"i": 54, "n": 60, "case": "sympy__sympy-20916", "status": "ok", "MRR": 0.0, "R@20": 0.0, "lat_ms": 386}
{"i": 55, "n": 60, "case": "sympy__sympy-23534", "status": "ok", "MRR": 0.143, "R@20": 1.0, "lat_ms": 591}
{"i": 56, "n": 60, "case": "sympy__sympy-23950", "status": "ok", "MRR": 1.0, "R@20": 1.0, "lat_ms": 514}
{"i": 57, "n": 60, "case": "sympy__sympy-19346", "status": "ok", "MRR": 0.5, "R@20": 1.0, "lat_ms": 247}
{"i": 58, "n": 60, "case": "sympy__sympy-16450", "status": "ok", "MRR": 0.167, "R@20": 1.0, "lat_ms": 402}
{"i": 59, "n": 60, "case": "sympy__sympy-20154", "status": "ok", "MRR": 1.0, "R@20": 1.0, "lat_ms": 326}
{"i": 60, "n": 60, "case": "sympy__sympy-14711", "status": "ok", "MRR": 0.5, "R@20": 1.0, "lat_ms": 388}
{"run_id": "D3-ablation-delphi-norerank-vector_only-v1", "MRR": 0.4502147525676937, "R@20": 0.7916666666666666, "BCY": 0.3888888888888889, "skipped": 0}
