run_id=D3-final-lexical_bm25-r5-v1 cases=60
{"i": 1, "n": 60, "case": "astropy__astropy-14096", "status": "ok", "MRR": 0.125, "R@20": 1.0, "lat_ms": 4733}
{"i": 2, "n": 60, "case": "astropy__astropy-13033", "status": "ok", "MRR": 0.0, "R@20": 0.0, "lat_ms": 5200}
{"i": 3, "n": 60, "case": "astropy__astropy-7671", "status": "ok", "MRR": 0.5, "R@20": 1.0, "lat_ms": 4235}
{"i": 4, "n": 60, "case": "django__django-16667", "status": "ok", "MRR": 0.5, "R@20": 1.0, "lat_ms": 4746}
{"i": 5, "n": 60, "case": "django__django-11880", "status": "ok", "MRR": 0.333, "R@20": 1.0, "lat_ms": 3894}
{"i": 6, "n": 60, "case": "django__django-13925", "status": "ok", "MRR": 0.5, "R@20": 1.0, "lat_ms": 4369}
{"i": 7, "n": 60, "case": "django__django-11179", "status": "ok", "MRR": 1.0, "R@20": 1.0, "lat_ms": 3645}
{"i": 8, "n": 60, "case": "django__django-13012", "status": "ok", "MRR": 0.333, "R@20": 1.0, "lat_ms": 4065}
{"i": 9, "n": 60, "case": "django__django-13128", "status": "ok", "MRR": 0.25, "R@20": 1.0, "lat_ms": 3821}
{"i": 10, "n": 60, "case": "django__django-12193", "status": "ok", "MRR": 0.5, "R@20": 1.0, "lat_ms": 3917}
{"i": 11, "n": 60, "case": "django__django-14855", "status": "ok", "MRR": 1.0, "R@20": 1.0, "lat_ms": 4390}
{"i": 12, "n": 60, "case": "django__django-14434", "status": "ok", "MRR": 0.5, "R@20": 1.0, "lat_ms": 4013}
{"i": 13, "n": 60, "case": "django__django-15629", "status": "ok", "MRR": 0.333, "R@20": 0.5, "lat_ms": 4696}
{"i": 14, "n": 60, "case": "django__django-13279", "status": "ok", "MRR": 0.059, "R@20": 1.0, "lat_ms": 3968}
{"i": 15, "n": 60, "case": "django__django-14608", "status": "ok", "MRR": 0.143, "R@20": 1.0, "lat_ms": 4135}
{"i": 16, "n": 60, "case": "django__django-12419", "status": "ok", "MRR": 0.0, "R@20": 0.0, "lat_ms": 4001}
{"i": 17, "n": 60, "case": "django__django-14631", "status": "ok", "MRR": 0.2, "R@20": 1.0, "lat_ms": 4539}
{"i": 18, "n": 60, "case": "django__django-13406", "status": "ok", "MRR": 0.25, "R@20": 1.0, "lat_ms": 4724}
{"i": 19, "n": 60, "case": "django__django-15503", "status": "ok", "MRR": 0.333, "R@20": 1.0, "lat_ms": 4843}
{"i": 20, "n": 60, "case": "django__django-15916", "status": "ok", "MRR": 0.5, "R@20": 1.0, "lat_ms": 4855}
{"i": 21, "n": 60, "case": "django__django-13297", "status": "ok", "MRR": 0.0, "R@20": 0.0, "lat_ms": 4253}
{"i": 22, "n": 60, "case": "django__django-14534", "status": "ok", "MRR": 1.0, "R@20": 1.0, "lat_ms": 4476}
{"i": 23, "n": 60, "case": "django__django-15127", "status": "ok", "MRR": 0.0, "R@20": 0.0, "lat_ms": 4143}
{"i": 24, "n": 60, "case": "django__django-11790", "status": "ok", "MRR": 0.0, "R@20": 0.0, "lat_ms": 3793}
{"i": 25, "n": 60, "case": "django__django-12050", "status": "ok", "MRR": 0.333, "R@20": 1.0, "lat_ms": 3763}
{"i": 26, "n": 60, "case": "django__django-14122", "status": "ok", "MRR": 0.083, "R@20": 1.0, "lat_ms": 4042}
{"i": 27, "n": 60, "case": "django__django-16899", "status": "ok", "MRR": 0.5, "R@20": 1.0, "lat_ms": 4566}
{"i": 28, "n": 60, "case": "django__django-13821", "status": "ok", "MRR": 0.0, "R@20": 0.0, "lat_ms": 4092}
{"i": 29, "n": 60, "case": "django__django-11163", "status": "ok", "MRR": 1.0, "R@20": 1.0, "lat_ms": 3839}
{"i": 30, "n": 60, "case": "django__django-10914", "status": "ok", "MRR": 0.0, "R@20": 0.0, "lat_ms": 4046}
{"i": 31, "n": 60, "case": "django__django-13023", "status": "ok", "MRR": 0.083, "R@20": 1.0, "lat_ms": 4197}
{"i": 32, "n": 60, "case": "matplotlib__matplotlib-24026", "status": "ok", "MRR": 0.083, "R@20": 1.0, "lat_ms": 2528}
{"i": 33, "n": 60, "case": "matplotlib__matplotlib-25775", "status": "ok", "MRR": 0.25, "R@20": 0.333, "lat_ms": 2518}
{"i": 34, "n": 60, "case": "matplotlib__matplotlib-20826", "status": "ok", "MRR": 0.0, "R@20": 0.0, "lat_ms": 2553}
{"i": 35, "n": 60, "case": "matplotlib__matplotlib-26291", "status": "ok", "MRR": 1.0, "R@20": 1.0, "lat_ms": 3051}
{"i": 36, "n": 60, "case": "psf__requests-1766", "status": "ok", "MRR": 0.083, "R@20": 1.0, "lat_ms": 111}
{"i": 37, "n": 60, "case": "pydata__xarray-3151", "status": "ok", "MRR": 0.143, "R@20": 1.0, "lat_ms": 709}
{"i": 38, "n": 60, "case": "pydata__xarray-4695", "status": "ok", "MRR": 0.2, "R@20": 1.0, "lat_ms": 862}
{"i": 39, "n": 60, "case": "pydata__xarray-4356", "status": "ok", "MRR": 0.125, "R@20": 1.0, "lat_ms": 757}
{"i": 40, "n": 60, "case": "pylint-dev__pylint-8898", "status": "ok", "MRR": 0.1, "R@20": 0.333, "lat_ms": 1260}
{"i": 41, "n": 60, "case": "pytest-dev__pytest-7324", "status": "ok", "MRR": 0.0, "R@20": 0.0, "lat_ms": 610}
{"i": 42, "n": 60, "case": "pytest-dev__pytest-7236", "status": "ok", "MRR": 0.333, "R@20": 1.0, "lat_ms": 690}
{"i": 43, "n": 60, "case": "scikit-learn__scikit-learn-14983", "status": "ok", "MRR": 0.5, "R@20": 1.0, "lat_ms": 2065}
{"i": 44, "n": 60, "case": "scikit-learn__scikit-learn-13328", "status": "ok", "MRR": 0.5, "R@20": 1.0, "lat_ms": 2644}
{"i": 45, "n": 60, "case": "scikit-learn__scikit-learn-13135", "status": "ok", "MRR": 0.5, "R@20": 1.0, "lat_ms": 2537}
{"i": 46, "n": 60, "case": "scikit-learn__scikit-learn-12585", "status": "ok", "MRR": 1.0, "R@20": 1.0, "lat_ms": 2177}
{"i": 47, "n": 60, "case": "sphinx-doc__sphinx-10323", "status": "ok", "MRR": 0.5, "R@20": 1.0, "lat_ms": 1280}
{"i": 48, "n": 60, "case": "sphinx-doc__sphinx-9461", "status": "ok", "MRR": 0.083, "R@20": 0.667, "lat_ms": 1278}
{"i": 49, "n": 60, "case": "sphinx-doc__sphinx-10614", "status": "ok", "MRR": 0.0, "R@20": 0.0, "lat_ms": 1220}
{"i": 50, "n": 60, "case": "sphinx-doc__sphinx-7462", "status": "ok", "MRR": 0.053, "R@20": 0.5, "lat_ms": 1120}
{"i": 51, "n": 60, "case": "sphinx-doc__sphinx-10466", "status": "ok", "MRR": 1.0, "R@20": 1.0, "lat_ms": 1346}
{"i": 52, "n": 60, "case": "sympy__sympy-19495", "status": "ok", "MRR": 0.091, "R@20": 1.0, "lat_ms": 7118}
{"i": 53, "n": 60, "case": "sympy__sympy-12419", "status": "ok", "MRR": 0.0, "R@20": 0.0, "lat_ms": 4436}
{"i": 54, "n": 60, "case": "sympy__sympy-20916", "status": "ok", "MRR": 0.0, "R@20": 0.0, "lat_ms": 6315}
{"i": 55, "n": 60, "case": "sympy__sympy-23534", "status": "ok", "MRR": 1.0, "R@20": 1.0, "lat_ms": 7289}
{"i": 56, "n": 60, "case": "sympy__sympy-23950", "status": "ok", "MRR": 0.091, "R@20": 1.0, "lat_ms": 7275}
{"i": 57, "n": 60, "case": "sympy__sympy-19346", "status": "ok", "MRR": 0.053, "R@20": 1.0, "lat_ms": 6275}
{"i": 58, "n": 60, "case": "sympy__sympy-16450", "status": "ok", "MRR": 0.125, "R@20": 1.0, "lat_ms": 6550}
{"i": 59, "n": 60, "case": "sympy__sympy-20154", "status": "ok", "MRR": 1.0, "R@20": 1.0, "lat_ms": 6935}
{"i": 60, "n": 60, "case": "sympy__sympy-14711", "status": "ok", "MRR": 1.0, "R@20": 1.0, "lat_ms": 5184}
{"run_id": "D3-final-lexical_bm25-r5-v1", "MRR": 0.3362214303584273, "R@20": 0.7555555555555556, "BCY": 0.2875, "skipped": 0}
