run_id=D3-final-lexical-r5-v1 cases=60
{"i": 1, "n": 60, "case": "astropy__astropy-14096", "status": "ok", "MRR": 1.0, "R@20": 1.0, "lat_ms": 2556}
{"i": 2, "n": 60, "case": "astropy__astropy-13033", "status": "ok", "MRR": 0.0, "R@20": 0.0, "lat_ms": 2720}
{"i": 3, "n": 60, "case": "astropy__astropy-7671", "status": "ok", "MRR": 1.0, "R@20": 1.0, "lat_ms": 2198}
{"i": 4, "n": 60, "case": "django__django-16667", "status": "ok", "MRR": 1.0, "R@20": 1.0, "lat_ms": 2448}
{"i": 5, "n": 60, "case": "django__django-11880", "status": "ok", "MRR": 1.0, "R@20": 1.0, "lat_ms": 1994}
{"i": 6, "n": 60, "case": "django__django-13925", "status": "ok", "MRR": 0.5, "R@20": 1.0, "lat_ms": 2300}
{"i": 7, "n": 60, "case": "django__django-11179", "status": "ok", "MRR": 1.0, "R@20": 1.0, "lat_ms": 1833}
{"i": 8, "n": 60, "case": "django__django-13012", "status": "ok", "MRR": 0.333, "R@20": 1.0, "lat_ms": 2057}
{"i": 9, "n": 60, "case": "django__django-13128", "status": "ok", "MRR": 0.25, "R@20": 1.0, "lat_ms": 1940}
{"i": 10, "n": 60, "case": "django__django-12193", "status": "ok", "MRR": 1.0, "R@20": 1.0, "lat_ms": 1975}
{"i": 11, "n": 60, "case": "django__django-14855", "status": "ok", "MRR": 1.0, "R@20": 1.0, "lat_ms": 2229}
{"i": 12, "n": 60, "case": "django__django-14434", "status": "ok", "MRR": 1.0, "R@20": 1.0, "lat_ms": 2028}
{"i": 13, "n": 60, "case": "django__django-15629", "status": "ok", "MRR": 0.333, "R@20": 0.5, "lat_ms": 2441}
{"i": 14, "n": 60, "case": "django__django-13279", "status": "ok", "MRR": 0.077, "R@20": 1.0, "lat_ms": 2027}
{"i": 15, "n": 60, "case": "django__django-14608", "status": "ok", "MRR": 0.111, "R@20": 1.0, "lat_ms": 2056}
{"i": 16, "n": 60, "case": "django__django-12419", "status": "ok", "MRR": 0.0, "R@20": 0.0, "lat_ms": 2020}
{"i": 17, "n": 60, "case": "django__django-14631", "status": "ok", "MRR": 0.1, "R@20": 1.0, "lat_ms": 2196}
{"i": 18, "n": 60, "case": "django__django-13406", "status": "ok", "MRR": 0.333, "R@20": 1.0, "lat_ms": 2418}
{"i": 19, "n": 60, "case": "django__django-15503", "status": "ok", "MRR": 0.5, "R@20": 1.0, "lat_ms": 2441}
{"i": 20, "n": 60, "case": "django__django-15916", "status": "ok", "MRR": 0.5, "R@20": 1.0, "lat_ms": 2418}
{"i": 21, "n": 60, "case": "django__django-13297", "status": "ok", "MRR": 0.0, "R@20": 0.0, "lat_ms": 2178}
{"i": 22, "n": 60, "case": "django__django-14534", "status": "ok", "MRR": 1.0, "R@20": 1.0, "lat_ms": 2219}
{"i": 23, "n": 60, "case": "django__django-15127", "status": "ok", "MRR": 0.0, "R@20": 0.0, "lat_ms": 2112}
{"i": 24, "n": 60, "case": "django__django-11790", "status": "ok", "MRR": 0.0, "R@20": 0.0, "lat_ms": 1885}
{"i": 25, "n": 60, "case": "django__django-12050", "status": "ok", "MRR": 0.5, "R@20": 1.0, "lat_ms": 1877}
{"i": 26, "n": 60, "case": "django__django-14122", "status": "ok", "MRR": 0.0, "R@20": 0.0, "lat_ms": 2080}
{"i": 27, "n": 60, "case": "django__django-16899", "status": "ok", "MRR": 0.333, "R@20": 1.0, "lat_ms": 2321}
{"i": 28, "n": 60, "case": "django__django-13821", "status": "ok", "MRR": 0.0, "R@20": 0.0, "lat_ms": 2095}
{"i": 29, "n": 60, "case": "django__django-11163", "status": "ok", "MRR": 1.0, "R@20": 1.0, "lat_ms": 1875}
{"i": 30, "n": 60, "case": "django__django-10914", "status": "ok", "MRR": 0.0, "R@20": 0.0, "lat_ms": 2023}
{"i": 31, "n": 60, "case": "django__django-13023", "status": "ok", "MRR": 0.0, "R@20": 0.0, "lat_ms": 2067}
{"i": 32, "n": 60, "case": "matplotlib__matplotlib-24026", "status": "ok", "MRR": 0.067, "R@20": 1.0, "lat_ms": 1265}
{"i": 33, "n": 60, "case": "matplotlib__matplotlib-25775", "status": "ok", "MRR": 0.1, "R@20": 0.667, "lat_ms": 1180}
{"i": 34, "n": 60, "case": "matplotlib__matplotlib-20826", "status": "ok", "MRR": 0.0, "R@20": 0.0, "lat_ms": 1205}
{"i": 35, "n": 60, "case": "matplotlib__matplotlib-26291", "status": "ok", "MRR": 1.0, "R@20": 1.0, "lat_ms": 1495}
{"i": 36, "n": 60, "case": "psf__requests-1766", "status": "ok", "MRR": 0.125, "R@20": 1.0, "lat_ms": 59}
{"i": 37, "n": 60, "case": "pydata__xarray-3151", "status": "ok", "MRR": 0.5, "R@20": 1.0, "lat_ms": 348}
{"i": 38, "n": 60, "case": "pydata__xarray-4695", "status": "ok", "MRR": 0.2, "R@20": 1.0, "lat_ms": 444}
{"i": 39, "n": 60, "case": "pydata__xarray-4356", "status": "ok", "MRR": 1.0, "R@20": 1.0, "lat_ms": 342}
{"i": 40, "n": 60, "case": "pylint-dev__pylint-8898", "status": "ok", "MRR": 0.5, "R@20": 0.333, "lat_ms": 615}
{"i": 41, "n": 60, "case": "pytest-dev__pytest-7324", "status": "ok", "MRR": 0.0, "R@20": 0.0, "lat_ms": 294}
{"i": 42, "n": 60, "case": "pytest-dev__pytest-7236", "status": "ok", "MRR": 0.25, "R@20": 1.0, "lat_ms": 347}
{"i": 43, "n": 60, "case": "scikit-learn__scikit-learn-14983", "status": "ok", "MRR": 0.5, "R@20": 1.0, "lat_ms": 999}
{"i": 44, "n": 60, "case": "scikit-learn__scikit-learn-13328", "status": "ok", "MRR": 1.0, "R@20": 1.0, "lat_ms": 1256}
{"i": 45, "n": 60, "case": "scikit-learn__scikit-learn-13135", "status": "ok", "MRR": 0.5, "R@20": 1.0, "lat_ms": 1224}
{"i": 46, "n": 60, "case": "scikit-learn__scikit-learn-12585", "status": "ok", "MRR": 1.0, "R@20": 1.0, "lat_ms": 1027}
{"i": 47, "n": 60, "case": "sphinx-doc__sphinx-10323", "status": "ok", "MRR": 1.0, "R@20": 1.0, "lat_ms": 622}
{"i": 48, "n": 60, "case": "sphinx-doc__sphinx-9461", "status": "ok", "MRR": 0.083, "R@20": 0.667, "lat_ms": 591}
{"i": 49, "n": 60, "case": "sphinx-doc__sphinx-10614", "status": "ok", "MRR": 0.0, "R@20": 0.0, "lat_ms": 610}
{"i": 50, "n": 60, "case": "sphinx-doc__sphinx-7462", "status": "ok", "MRR": 0.077, "R@20": 0.5, "lat_ms": 574}
{"i": 51, "n": 60, "case": "sphinx-doc__sphinx-10466", "status": "ok", "MRR": 1.0, "R@20": 1.0, "lat_ms": 663}
{"i": 52, "n": 60, "case": "sympy__sympy-19495", "status": "ok", "MRR": 0.25, "R@20": 1.0, "lat_ms": 3549}
{"i": 53, "n": 60, "case": "sympy__sympy-12419", "status": "ok", "MRR": 0.0, "R@20": 0.0, "lat_ms": 2214}
{"i": 54, "n": 60, "case": "sympy__sympy-20916", "status": "ok", "MRR": 0.0, "R@20": 0.0, "lat_ms": 3165}
{"i": 55, "n": 60, "case": "sympy__sympy-23534", "status": "ok", "MRR": 1.0, "R@20": 1.0, "lat_ms": 3661}
{"i": 56, "n": 60, "case": "sympy__sympy-23950", "status": "ok", "MRR": 0.111, "R@20": 1.0, "lat_ms": 3734}
{"i": 57, "n": 60, "case": "sympy__sympy-19346", "status": "ok", "MRR": 0.125, "R@20": 1.0, "lat_ms": 3201}
{"i": 58, "n": 60, "case": "sympy__sympy-16450", "status": "ok", "MRR": 0.167, "R@20": 1.0, "lat_ms": 3261}
{"i": 59, "n": 60, "case": "sympy__sympy-20154", "status": "ok", "MRR": 0.5, "R@20": 1.0, "lat_ms": 3451}
{"i": 60, "n": 60, "case": "sympy__sympy-14711", "status": "ok", "MRR": 1.0, "R@20": 1.0, "lat_ms": 2496}
{"run_id": "D3-final-lexical-r5-v1", "MRR": 0.4321011396011396, "R@20": 0.7277777777777777, "BCY": 0.4097222222222222, "skipped": 0}
