Warning: You are sending unauthenticated requests to the HF Hub. Please set a HF_TOKEN to enable higher rate limits and faster downloads.
Loading weights:   0%|          | 0/105 [00:00<?, ?it/s]Loading weights: 100%|██████████| 105/105 [00:00<00:00, 7616.38it/s]
run_id=D3-final-hybrid_rerank-r5-v1 cases=60
{"i": 1, "n": 60, "case": "astropy__astropy-14096", "status": "ok", "MRR": 1.0, "R@20": 1.0, "lat_ms": 5918}
{"i": 2, "n": 60, "case": "astropy__astropy-13033", "status": "ok", "MRR": 1.0, "R@20": 1.0, "lat_ms": 4883}
{"i": 3, "n": 60, "case": "astropy__astropy-7671", "status": "ok", "MRR": 1.0, "R@20": 1.0, "lat_ms": 4266}
{"i": 4, "n": 60, "case": "django__django-16667", "status": "ok", "MRR": 1.0, "R@20": 1.0, "lat_ms": 4270}
{"i": 5, "n": 60, "case": "django__django-11880", "status": "ok", "MRR": 1.0, "R@20": 1.0, "lat_ms": 4313}
{"i": 6, "n": 60, "case": "django__django-13925", "status": "ok", "MRR": 1.0, "R@20": 1.0, "lat_ms": 7158}
{"i": 7, "n": 60, "case": "django__django-11179", "status": "ok", "MRR": 0.5, "R@20": 1.0, "lat_ms": 6488}
{"i": 8, "n": 60, "case": "django__django-13012", "status": "ok", "MRR": 0.333, "R@20": 1.0, "lat_ms": 7501}
{"i": 9, "n": 60, "case": "django__django-13128", "status": "ok", "MRR": 1.0, "R@20": 1.0, "lat_ms": 8068}
{"i": 10, "n": 60, "case": "django__django-12193", "status": "ok", "MRR": 1.0, "R@20": 1.0, "lat_ms": 7236}
{"i": 11, "n": 60, "case": "django__django-14855", "status": "ok", "MRR": 1.0, "R@20": 1.0, "lat_ms": 6917}
{"i": 12, "n": 60, "case": "django__django-14434", "status": "ok", "MRR": 1.0, "R@20": 1.0, "lat_ms": 4314}
{"i": 13, "n": 60, "case": "django__django-15629", "status": "ok", "MRR": 0.5, "R@20": 0.5, "lat_ms": 5719}
{"i": 14, "n": 60, "case": "django__django-13279", "status": "ok", "MRR": 1.0, "R@20": 1.0, "lat_ms": 4167}
{"i": 15, "n": 60, "case": "django__django-14608", "status": "ok", "MRR": 1.0, "R@20": 1.0, "lat_ms": 6129}
{"i": 16, "n": 60, "case": "django__django-12419", "status": "ok", "MRR": 0.0, "R@20": 0.0, "lat_ms": 5875}
{"i": 17, "n": 60, "case": "django__django-14631", "status": "ok", "MRR": 1.0, "R@20": 1.0, "lat_ms": 5992}
{"i": 18, "n": 60, "case": "django__django-13406", "status": "ok", "MRR": 0.2, "R@20": 1.0, "lat_ms": 4305}
{"i": 19, "n": 60, "case": "django__django-15503", "status": "ok", "MRR": 0.5, "R@20": 1.0, "lat_ms": 4639}
{"i": 20, "n": 60, "case": "django__django-15916", "status": "ok", "MRR": 1.0, "R@20": 1.0, "lat_ms": 4635}
{"i": 21, "n": 60, "case": "django__django-13297", "status": "ok", "MRR": 1.0, "R@20": 1.0, "lat_ms": 5387}
{"i": 22, "n": 60, "case": "django__django-14534", "status": "ok", "MRR": 1.0, "R@20": 1.0, "lat_ms": 4544}
{"i": 23, "n": 60, "case": "django__django-15127", "status": "ok", "MRR": 0.0, "R@20": 0.0, "lat_ms": 4853}
{"i": 24, "n": 60, "case": "django__django-11790", "status": "ok", "MRR": 0.0, "R@20": 0.0, "lat_ms": 4006}
{"i": 25, "n": 60, "case": "django__django-12050", "status": "ok", "MRR": 1.0, "R@20": 1.0, "lat_ms": 5353}
{"i": 26, "n": 60, "case": "django__django-14122", "status": "ok", "MRR": 0.0, "R@20": 0.0, "lat_ms": 6681}
{"i": 27, "n": 60, "case": "django__django-16899", "status": "ok", "MRR": 1.0, "R@20": 1.0, "lat_ms": 5850}
{"i": 28, "n": 60, "case": "django__django-13821", "status": "ok", "MRR": 1.0, "R@20": 1.0, "lat_ms": 4552}
{"i": 29, "n": 60, "case": "django__django-11163", "status": "ok", "MRR": 1.0, "R@20": 1.0, "lat_ms": 4255}
{"i": 30, "n": 60, "case": "django__django-10914", "status": "ok", "MRR": 0.0, "R@20": 0.0, "lat_ms": 4539}
{"i": 31, "n": 60, "case": "django__django-13023", "status": "ok", "MRR": 0.5, "R@20": 1.0, "lat_ms": 4015}
{"i": 32, "n": 60, "case": "matplotlib__matplotlib-24026", "status": "ok", "MRR": 1.0, "R@20": 1.0, "lat_ms": 3431}
{"i": 33, "n": 60, "case": "matplotlib__matplotlib-25775", "status": "ok", "MRR": 0.25, "R@20": 0.333, "lat_ms": 3715}
{"i": 34, "n": 60, "case": "matplotlib__matplotlib-20826", "status": "ok", "MRR": 0.0, "R@20": 0.0, "lat_ms": 3591}
{"i": 35, "n": 60, "case": "matplotlib__matplotlib-26291", "status": "ok", "MRR": 1.0, "R@20": 1.0, "lat_ms": 3495}
{"i": 36, "n": 60, "case": "psf__requests-1766", "status": "ok", "MRR": 1.0, "R@20": 1.0, "lat_ms": 2902}
{"i": 37, "n": 60, "case": "pydata__xarray-3151", "status": "ok", "MRR": 1.0, "R@20": 1.0, "lat_ms": 3063}
{"i": 38, "n": 60, "case": "pydata__xarray-4695", "status": "ok", "MRR": 1.0, "R@20": 1.0, "lat_ms": 2933}
{"i": 39, "n": 60, "case": "pydata__xarray-4356", "status": "ok", "MRR": 1.0, "R@20": 1.0, "lat_ms": 5140}
{"i": 40, "n": 60, "case": "pylint-dev__pylint-8898", "status": "ok", "MRR": 0.0, "R@20": 0.0, "lat_ms": 4384}
{"i": 41, "n": 60, "case": "pytest-dev__pytest-7324", "status": "ok", "MRR": 0.0, "R@20": 0.0, "lat_ms": 4266}
{"i": 42, "n": 60, "case": "pytest-dev__pytest-7236", "status": "ok", "MRR": 0.5, "R@20": 1.0, "lat_ms": 3006}
{"i": 43, "n": 60, "case": "scikit-learn__scikit-learn-14983", "status": "ok", "MRR": 1.0, "R@20": 1.0, "lat_ms": 4788}
{"i": 44, "n": 60, "case": "scikit-learn__scikit-learn-13328", "status": "ok", "MRR": 1.0, "R@20": 1.0, "lat_ms": 3333}
{"i": 45, "n": 60, "case": "scikit-learn__scikit-learn-13135", "status": "ok", "MRR": 1.0, "R@20": 1.0, "lat_ms": 3157}
{"i": 46, "n": 60, "case": "scikit-learn__scikit-learn-12585", "status": "ok", "MRR": 1.0, "R@20": 1.0, "lat_ms": 3388}
{"i": 47, "n": 60, "case": "sphinx-doc__sphinx-10323", "status": "ok", "MRR": 0.0, "R@20": 0.0, "lat_ms": 2474}
{"i": 48, "n": 60, "case": "sphinx-doc__sphinx-9461", "status": "ok", "MRR": 0.0, "R@20": 0.0, "lat_ms": 2644}
{"i": 49, "n": 60, "case": "sphinx-doc__sphinx-10614", "status": "ok", "MRR": 0.0, "R@20": 0.0, "lat_ms": 3406}
{"i": 50, "n": 60, "case": "sphinx-doc__sphinx-7462", "status": "ok", "MRR": 0.0, "R@20": 0.0, "lat_ms": 2558}
{"i": 51, "n": 60, "case": "sphinx-doc__sphinx-10466", "status": "ok", "MRR": 1.0, "R@20": 1.0, "lat_ms": 2683}
{"i": 52, "n": 60, "case": "sympy__sympy-19495", "status": "ok", "MRR": 0.5, "R@20": 1.0, "lat_ms": 6162}
{"i": 53, "n": 60, "case": "sympy__sympy-12419", "status": "ok", "MRR": 0.0, "R@20": 0.0, "lat_ms": 5995}
{"i": 54, "n": 60, "case": "sympy__sympy-20916", "status": "ok", "MRR": 0.0, "R@20": 0.0, "lat_ms": 6192}
{"i": 55, "n": 60, "case": "sympy__sympy-23534", "status": "ok", "MRR": 1.0, "R@20": 1.0, "lat_ms": 6490}
{"i": 56, "n": 60, "case": "sympy__sympy-23950", "status": "ok", "MRR": 1.0, "R@20": 1.0, "lat_ms": 6611}
{"i": 57, "n": 60, "case": "sympy__sympy-19346", "status": "ok", "MRR": 0.0, "R@20": 0.0, "lat_ms": 5504}
{"i": 58, "n": 60, "case": "sympy__sympy-16450", "status": "ok", "MRR": 1.0, "R@20": 1.0, "lat_ms": 5716}
{"i": 59, "n": 60, "case": "sympy__sympy-20154", "status": "ok", "MRR": 1.0, "R@20": 1.0, "lat_ms": 6476}
{"i": 60, "n": 60, "case": "sympy__sympy-14711", "status": "ok", "MRR": 1.0, "R@20": 1.0, "lat_ms": 4508}
{"run_id": "D3-final-hybrid_rerank-r5-v1", "MRR": 0.6630555555555555, "R@20": 0.7305555555555556, "BCY": 0.6208333333333333, "skipped": 0}
