Loading weights:   0%|          | 0/105 [00:00<?, ?it/s]Loading weights: 100%|██████████| 105/105 [00:00<00:00, 7091.70it/s]
Warning: You are sending unauthenticated requests to the HF Hub. Please set a HF_TOKEN to enable higher rate limits and faster downloads.
run_id=D3-final-hybrid_rerank_expand-r5-v1 cases=60
{"i": 1, "n": 60, "case": "astropy__astropy-14096", "status": "ok", "MRR": 1.0, "R@20": 1.0, "lat_ms": 5357}
{"i": 2, "n": 60, "case": "astropy__astropy-13033", "status": "ok", "MRR": 1.0, "R@20": 1.0, "lat_ms": 7257}
{"i": 3, "n": 60, "case": "astropy__astropy-7671", "status": "ok", "MRR": 1.0, "R@20": 1.0, "lat_ms": 4498}
{"i": 4, "n": 60, "case": "django__django-16667", "status": "ok", "MRR": 1.0, "R@20": 1.0, "lat_ms": 2893}
{"i": 5, "n": 60, "case": "django__django-11880", "status": "ok", "MRR": 1.0, "R@20": 1.0, "lat_ms": 5066}
{"i": 6, "n": 60, "case": "django__django-13925", "status": "ok", "MRR": 1.0, "R@20": 1.0, "lat_ms": 5893}
{"i": 7, "n": 60, "case": "django__django-11179", "status": "ok", "MRR": 0.5, "R@20": 1.0, "lat_ms": 4072}
{"i": 8, "n": 60, "case": "django__django-13012", "status": "ok", "MRR": 0.333, "R@20": 1.0, "lat_ms": 4425}
{"i": 9, "n": 60, "case": "django__django-13128", "status": "ok", "MRR": 1.0, "R@20": 1.0, "lat_ms": 1933}
{"i": 10, "n": 60, "case": "django__django-12193", "status": "ok", "MRR": 1.0, "R@20": 1.0, "lat_ms": 6909}
{"i": 11, "n": 60, "case": "django__django-14855", "status": "ok", "MRR": 1.0, "R@20": 1.0, "lat_ms": 5199}
{"i": 12, "n": 60, "case": "django__django-14434", "status": "ok", "MRR": 1.0, "R@20": 1.0, "lat_ms": 1945}
{"i": 13, "n": 60, "case": "django__django-15629", "status": "ok", "MRR": 0.5, "R@20": 0.5, "lat_ms": 5644}
{"i": 14, "n": 60, "case": "django__django-13279", "status": "ok", "MRR": 1.0, "R@20": 1.0, "lat_ms": 5003}
{"i": 15, "n": 60, "case": "django__django-14608", "status": "ok", "MRR": 1.0, "R@20": 1.0, "lat_ms": 4768}
{"i": 16, "n": 60, "case": "django__django-12419", "status": "ok", "MRR": 0.0, "R@20": 0.0, "lat_ms": 3687}
{"i": 17, "n": 60, "case": "django__django-14631", "status": "ok", "MRR": 1.0, "R@20": 1.0, "lat_ms": 4359}
{"i": 18, "n": 60, "case": "django__django-13406", "status": "ok", "MRR": 0.2, "R@20": 1.0, "lat_ms": 5016}
{"i": 19, "n": 60, "case": "django__django-15503", "status": "ok", "MRR": 0.5, "R@20": 1.0, "lat_ms": 2352}
{"i": 20, "n": 60, "case": "django__django-15916", "status": "ok", "MRR": 1.0, "R@20": 1.0, "lat_ms": 6261}
{"i": 21, "n": 60, "case": "django__django-13297", "status": "ok", "MRR": 1.0, "R@20": 1.0, "lat_ms": 3890}
{"i": 22, "n": 60, "case": "django__django-14534", "status": "ok", "MRR": 1.0, "R@20": 1.0, "lat_ms": 5065}
{"i": 23, "n": 60, "case": "django__django-15127", "status": "ok", "MRR": 0.0, "R@20": 0.0, "lat_ms": 2103}
{"i": 24, "n": 60, "case": "django__django-11790", "status": "ok", "MRR": 0.0, "R@20": 0.0, "lat_ms": 1957}
{"i": 25, "n": 60, "case": "django__django-12050", "status": "ok", "MRR": 1.0, "R@20": 1.0, "lat_ms": 4740}
{"i": 26, "n": 60, "case": "django__django-14122", "status": "ok", "MRR": 1.0, "R@20": 1.0, "lat_ms": 4372}
{"i": 27, "n": 60, "case": "django__django-16899", "status": "ok", "MRR": 0.333, "R@20": 1.0, "lat_ms": 4693}
{"i": 28, "n": 60, "case": "django__django-13821", "status": "ok", "MRR": 1.0, "R@20": 1.0, "lat_ms": 4626}
{"i": 29, "n": 60, "case": "django__django-11163", "status": "ok", "MRR": 1.0, "R@20": 1.0, "lat_ms": 4516}
{"i": 30, "n": 60, "case": "django__django-10914", "status": "ok", "MRR": 0.0, "R@20": 0.0, "lat_ms": 4734}
{"i": 31, "n": 60, "case": "django__django-13023", "status": "ok", "MRR": 0.5, "R@20": 1.0, "lat_ms": 5682}
{"i": 32, "n": 60, "case": "matplotlib__matplotlib-24026", "status": "ok", "MRR": 1.0, "R@20": 1.0, "lat_ms": 6225}
{"i": 33, "n": 60, "case": "matplotlib__matplotlib-25775", "status": "ok", "MRR": 1.0, "R@20": 0.667, "lat_ms": 3432}
{"i": 34, "n": 60, "case": "matplotlib__matplotlib-20826", "status": "ok", "MRR": 0.0, "R@20": 0.0, "lat_ms": 7106}
{"i": 35, "n": 60, "case": "matplotlib__matplotlib-26291", "status": "ok", "MRR": 1.0, "R@20": 1.0, "lat_ms": 4043}
{"i": 36, "n": 60, "case": "psf__requests-1766", "status": "ok", "MRR": 1.0, "R@20": 1.0, "lat_ms": 2466}
{"i": 37, "n": 60, "case": "pydata__xarray-3151", "status": "ok", "MRR": 0.5, "R@20": 1.0, "lat_ms": 4146}
{"i": 38, "n": 60, "case": "pydata__xarray-4695", "status": "ok", "MRR": 1.0, "R@20": 1.0, "lat_ms": 2604}
{"i": 39, "n": 60, "case": "pydata__xarray-4356", "status": "ok", "MRR": 1.0, "R@20": 1.0, "lat_ms": 2719}
{"i": 40, "n": 60, "case": "pylint-dev__pylint-8898", "status": "ok", "MRR": 0.0, "R@20": 0.0, "lat_ms": 4778}
{"i": 41, "n": 60, "case": "pytest-dev__pytest-7324", "status": "ok", "MRR": 0.0, "R@20": 0.0, "lat_ms": 2725}
{"i": 42, "n": 60, "case": "pytest-dev__pytest-7236", "status": "ok", "MRR": 0.167, "R@20": 1.0, "lat_ms": 3198}
{"i": 43, "n": 60, "case": "scikit-learn__scikit-learn-14983", "status": "ok", "MRR": 1.0, "R@20": 1.0, "lat_ms": 4579}
{"i": 44, "n": 60, "case": "scikit-learn__scikit-learn-13328", "status": "ok", "MRR": 1.0, "R@20": 1.0, "lat_ms": 5077}
{"i": 45, "n": 60, "case": "scikit-learn__scikit-learn-13135", "status": "ok", "MRR": 1.0, "R@20": 1.0, "lat_ms": 3355}
{"i": 46, "n": 60, "case": "scikit-learn__scikit-learn-12585", "status": "ok", "MRR": 1.0, "R@20": 1.0, "lat_ms": 4383}
{"i": 47, "n": 60, "case": "sphinx-doc__sphinx-10323", "status": "ok", "MRR": 1.0, "R@20": 1.0, "lat_ms": 4615}
{"i": 48, "n": 60, "case": "sphinx-doc__sphinx-9461", "status": "ok", "MRR": 0.0, "R@20": 0.0, "lat_ms": 5811}
{"i": 49, "n": 60, "case": "sphinx-doc__sphinx-10614", "status": "ok", "MRR": 0.0, "R@20": 0.0, "lat_ms": 5848}
{"i": 50, "n": 60, "case": "sphinx-doc__sphinx-7462", "status": "ok", "MRR": 0.0, "R@20": 0.0, "lat_ms": 5697}
{"i": 51, "n": 60, "case": "sphinx-doc__sphinx-10466", "status": "ok", "MRR": 1.0, "R@20": 1.0, "lat_ms": 3055}
{"i": 52, "n": 60, "case": "sympy__sympy-19495", "status": "ok", "MRR": 0.25, "R@20": 1.0, "lat_ms": 8384}
{"i": 53, "n": 60, "case": "sympy__sympy-12419", "status": "ok", "MRR": 0.0, "R@20": 0.0, "lat_ms": 4636}
{"i": 54, "n": 60, "case": "sympy__sympy-20916", "status": "ok", "MRR": 0.0, "R@20": 0.0, "lat_ms": 4884}
{"i": 55, "n": 60, "case": "sympy__sympy-23534", "status": "ok", "MRR": 1.0, "R@20": 1.0, "lat_ms": 6674}
{"i": 56, "n": 60, "case": "sympy__sympy-23950", "status": "ok", "MRR": 1.0, "R@20": 1.0, "lat_ms": 7863}
{"i": 57, "n": 60, "case": "sympy__sympy-19346", "status": "ok", "MRR": 1.0, "R@20": 1.0, "lat_ms": 5130}
{"i": 58, "n": 60, "case": "sympy__sympy-16450", "status": "ok", "MRR": 1.0, "R@20": 1.0, "lat_ms": 5212}
{"i": 59, "n": 60, "case": "sympy__sympy-20154", "status": "ok", "MRR": 1.0, "R@20": 1.0, "lat_ms": 6222}
{"i": 60, "n": 60, "case": "sympy__sympy-14711", "status": "ok", "MRR": 1.0, "R@20": 1.0, "lat_ms": 4546}
{"run_id": "D3-final-hybrid_rerank_expand-r5-v1", "MRR": 0.6963888888888888, "R@20": 0.7861111111111111, "BCY": 0.6263888888888889, "skipped": 0}
