run_id=D3-final-delphi-generated-source-exact-top20-v1 cases=60
{"i": 1, "n": 60, "case": "astropy__astropy-14096", "status": "ok", "MRR": 1.0, "R@20": 1.0, "lat_ms": 9392}
{"i": 2, "n": 60, "case": "astropy__astropy-13033", "status": "ok", "MRR": 0.333, "R@20": 1.0, "lat_ms": 9628}
{"i": 3, "n": 60, "case": "astropy__astropy-7671", "status": "ok", "MRR": 1.0, "R@20": 1.0, "lat_ms": 9726}
{"i": 4, "n": 60, "case": "django__django-16667", "status": "ok", "MRR": 1.0, "R@20": 1.0, "lat_ms": 7865}
{"i": 5, "n": 60, "case": "django__django-11880", "status": "ok", "MRR": 1.0, "R@20": 1.0, "lat_ms": 8742}
{"i": 6, "n": 60, "case": "django__django-13925", "status": "ok", "MRR": 0.25, "R@20": 1.0, "lat_ms": 7696}
{"i": 7, "n": 60, "case": "django__django-11179", "status": "ok", "MRR": 0.0, "R@20": 0.0, "lat_ms": 7088}
{"i": 8, "n": 60, "case": "django__django-13012", "status": "ok", "MRR": 1.0, "R@20": 1.0, "lat_ms": 9522}
{"i": 9, "n": 60, "case": "django__django-13128", "status": "ok", "MRR": 1.0, "R@20": 1.0, "lat_ms": 4834}
{"i": 10, "n": 60, "case": "django__django-12193", "status": "ok", "MRR": 1.0, "R@20": 1.0, "lat_ms": 7551}
{"i": 11, "n": 60, "case": "django__django-14855", "status": "ok", "MRR": 1.0, "R@20": 1.0, "lat_ms": 8332}
{"i": 12, "n": 60, "case": "django__django-14434", "status": "ok", "MRR": 0.333, "R@20": 1.0, "lat_ms": 4817}
{"i": 13, "n": 60, "case": "django__django-15629", "status": "ok", "MRR": 0.5, "R@20": 0.5, "lat_ms": 7616}
{"i": 14, "n": 60, "case": "django__django-13279", "status": "ok", "MRR": 1.0, "R@20": 1.0, "lat_ms": 7269}
{"i": 15, "n": 60, "case": "django__django-14608", "status": "ok", "MRR": 1.0, "R@20": 1.0, "lat_ms": 7511}
{"i": 16, "n": 60, "case": "django__django-12419", "status": "ok", "MRR": 0.0, "R@20": 0.0, "lat_ms": 6454}
{"i": 17, "n": 60, "case": "django__django-14631", "status": "ok", "MRR": 1.0, "R@20": 1.0, "lat_ms": 8732}
{"i": 18, "n": 60, "case": "django__django-13406", "status": "ok", "MRR": 0.5, "R@20": 1.0, "lat_ms": 13852}
{"i": 19, "n": 60, "case": "django__django-15503", "status": "ok", "MRR": 1.0, "R@20": 1.0, "lat_ms": 9080}
{"i": 20, "n": 60, "case": "django__django-15916", "status": "ok", "MRR": 1.0, "R@20": 1.0, "lat_ms": 10609}
{"i": 21, "n": 60, "case": "django__django-13297", "status": "ok", "MRR": 1.0, "R@20": 1.0, "lat_ms": 10335}
{"i": 22, "n": 60, "case": "django__django-14534", "status": "ok", "MRR": 1.0, "R@20": 1.0, "lat_ms": 8911}
{"i": 23, "n": 60, "case": "django__django-15127", "status": "ok", "MRR": 0.0, "R@20": 0.0, "lat_ms": 4796}
{"i": 24, "n": 60, "case": "django__django-11790", "status": "ok", "MRR": 1.0, "R@20": 1.0, "lat_ms": 5572}
{"i": 25, "n": 60, "case": "django__django-12050", "status": "ok", "MRR": 0.111, "R@20": 1.0, "lat_ms": 7737}
{"i": 26, "n": 60, "case": "django__django-14122", "status": "ok", "MRR": 0.0, "R@20": 0.0, "lat_ms": 7411}
{"i": 27, "n": 60, "case": "django__django-16899", "status": "ok", "MRR": 1.0, "R@20": 1.0, "lat_ms": 10906}
{"i": 28, "n": 60, "case": "django__django-13821", "status": "ok", "MRR": 1.0, "R@20": 1.0, "lat_ms": 7636}
{"i": 29, "n": 60, "case": "django__django-11163", "status": "ok", "MRR": 1.0, "R@20": 1.0, "lat_ms": 7358}
{"i": 30, "n": 60, "case": "django__django-10914", "status": "ok", "MRR": 0.0, "R@20": 0.0, "lat_ms": 6973}
{"i": 31, "n": 60, "case": "django__django-13023", "status": "ok", "MRR": 1.0, "R@20": 1.0, "lat_ms": 7141}
{"i": 32, "n": 60, "case": "matplotlib__matplotlib-24026", "status": "ok", "MRR": 0.0, "R@20": 0.0, "lat_ms": 9293}
{"i": 33, "n": 60, "case": "matplotlib__matplotlib-25775", "status": "ok", "MRR": 1.0, "R@20": 0.333, "lat_ms": 10228}
{"i": 34, "n": 60, "case": "matplotlib__matplotlib-20826", "status": "ok", "MRR": 0.067, "R@20": 1.0, "lat_ms": 7555}
{"i": 35, "n": 60, "case": "matplotlib__matplotlib-26291", "status": "ok", "MRR": 1.0, "R@20": 1.0, "lat_ms": 10691}
{"i": 36, "n": 60, "case": "psf__requests-1766", "status": "ok", "MRR": 1.0, "R@20": 1.0, "lat_ms": 8292}
{"i": 37, "n": 60, "case": "pydata__xarray-3151", "status": "ok", "MRR": 1.0, "R@20": 1.0, "lat_ms": 8411}
{"i": 38, "n": 60, "case": "pydata__xarray-4695", "status": "ok", "MRR": 1.0, "R@20": 1.0, "lat_ms": 7611}
{"i": 39, "n": 60, "case": "pydata__xarray-4356", "status": "ok", "MRR": 1.0, "R@20": 1.0, "lat_ms": 6639}
{"i": 40, "n": 60, "case": "pylint-dev__pylint-8898", "status": "ok", "MRR": 1.0, "R@20": 0.333, "lat_ms": 8310}
{"i": 41, "n": 60, "case": "pytest-dev__pytest-7324", "status": "ok", "MRR": 1.0, "R@20": 1.0, "lat_ms": 7305}
{"i": 42, "n": 60, "case": "pytest-dev__pytest-7236", "status": "ok", "MRR": 1.0, "R@20": 1.0, "lat_ms": 9724}
{"i": 43, "n": 60, "case": "scikit-learn__scikit-learn-14983", "status": "ok", "MRR": 1.0, "R@20": 1.0, "lat_ms": 8383}
{"i": 44, "n": 60, "case": "scikit-learn__scikit-learn-13328", "status": "ok", "MRR": 1.0, "R@20": 1.0, "lat_ms": 7794}
{"i": 45, "n": 60, "case": "scikit-learn__scikit-learn-13135", "status": "ok", "MRR": 1.0, "R@20": 1.0, "lat_ms": 8082}
{"i": 46, "n": 60, "case": "scikit-learn__scikit-learn-12585", "status": "ok", "MRR": 1.0, "R@20": 1.0, "lat_ms": 7449}
{"i": 47, "n": 60, "case": "sphinx-doc__sphinx-10323", "status": "ok", "MRR": 1.0, "R@20": 1.0, "lat_ms": 8250}
{"i": 48, "n": 60, "case": "sphinx-doc__sphinx-9461", "status": "ok", "MRR": 1.0, "R@20": 0.667, "lat_ms": 8377}
{"i": 49, "n": 60, "case": "sphinx-doc__sphinx-10614", "status": "ok", "MRR": 0.5, "R@20": 1.0, "lat_ms": 9774}
{"i": 50, "n": 60, "case": "sphinx-doc__sphinx-7462", "status": "ok", "MRR": 1.0, "R@20": 0.5, "lat_ms": 10375}
{"i": 51, "n": 60, "case": "sphinx-doc__sphinx-10466", "status": "ok", "MRR": 1.0, "R@20": 1.0, "lat_ms": 7613}
{"i": 52, "n": 60, "case": "sympy__sympy-19495", "status": "ok", "MRR": 1.0, "R@20": 1.0, "lat_ms": 6852}
{"i": 53, "n": 60, "case": "sympy__sympy-12419", "status": "ok", "MRR": 0.333, "R@20": 1.0, "lat_ms": 9792}
{"i": 54, "n": 60, "case": "sympy__sympy-20916", "status": "ok", "MRR": 0.0, "R@20": 0.0, "lat_ms": 7955}
{"i": 55, "n": 60, "case": "sympy__sympy-23534", "status": "ok", "MRR": 1.0, "R@20": 1.0, "lat_ms": 6665}
{"i": 56, "n": 60, "case": "sympy__sympy-23950", "status": "ok", "MRR": 1.0, "R@20": 1.0, "lat_ms": 7607}
{"i": 57, "n": 60, "case": "sympy__sympy-19346", "status": "ok", "MRR": 1.0, "R@20": 1.0, "lat_ms": 8350}
{"i": 58, "n": 60, "case": "sympy__sympy-16450", "status": "ok", "MRR": 1.0, "R@20": 1.0, "lat_ms": 10450}
{"i": 59, "n": 60, "case": "sympy__sympy-20154", "status": "ok", "MRR": 1.0, "R@20": 1.0, "lat_ms": 8172}
{"i": 60, "n": 60, "case": "sympy__sympy-14711", "status": "ok", "MRR": 1.0, "R@20": 1.0, "lat_ms": 6300}
{"run_id": "D3-final-delphi-generated-source-exact-top20-v1", "MRR": 0.7821296296296296, "R@20": 0.8388888888888889, "BCY": 0.7458333333333333, "skipped": 0}
