Warning: You are sending unauthenticated requests to the HF Hub. Please set a HF_TOKEN to enable higher rate limits and faster downloads.
Loading weights:   0%|          | 0/105 [00:00<?, ?it/s]Loading weights: 100%|██████████| 105/105 [00:00<00:00, 16900.18it/s]
run_id=I-final-hybrid_rerank-r4-v1 cases=18
{"i": 1, "n": 18, "case": "1657672f18b1ae8db09e8f87", "status": "ok", "MRR": 1.0, "R@20": 1.0, "lat_ms": 3277}
{"i": 2, "n": 18, "case": "455b91b1e9d7124a3a26b102", "status": "ok", "MRR": 0.0, "R@20": 0.0, "lat_ms": 400}
{"i": 3, "n": 18, "case": "88609952f86b5e229d3b8f1c", "status": "ok", "MRR": 0.143, "R@20": 1.0, "lat_ms": 1938}
{"i": 4, "n": 18, "case": "2ceb34913d6535d710e22093", "status": "ok", "MRR": 1.0, "R@20": 1.0, "lat_ms": 4929}
{"i": 5, "n": 18, "case": "242ed899d2bbb3b9e5bc009c", "status": "ok", "MRR": 1.0, "R@20": 1.0, "lat_ms": 1796}
{"i": 6, "n": 18, "case": "f88c7edfb3362e165bb7b6bb", "status": "ok", "MRR": 0.167, "R@20": 1.0, "lat_ms": 3273}
{"i": 7, "n": 18, "case": "432527aaa8e2e7b75853018f", "status": "ok", "MRR": 1.0, "R@20": 1.0, "lat_ms": 2236}
{"i": 8, "n": 18, "case": "691ad91233028c2043c8344b", "status": "ok", "MRR": 0.25, "R@20": 1.0, "lat_ms": 2272}
{"i": 9, "n": 18, "case": "1625327802273c059daab052", "status": "ok", "MRR": 1.0, "R@20": 1.0, "lat_ms": 3471}
{"i": 10, "n": 18, "case": "5719cc640eb913f60ef5f511", "status": "ok", "MRR": 0.25, "R@20": 1.0, "lat_ms": 2762}
{"i": 11, "n": 18, "case": "48a12056441c30e515be1cfd", "status": "ok", "MRR": 0.0, "R@20": 0.0, "lat_ms": 2618}
{"i": 12, "n": 18, "case": "6d6700d0f814184d9dfe793b", "status": "ok", "MRR": 1.0, "R@20": 1.0, "lat_ms": 3425}
{"i": 13, "n": 18, "case": "f878a06feee75f29690397d2", "status": "ok", "MRR": 0.333, "R@20": 0.667, "lat_ms": 1631}
{"i": 14, "n": 18, "case": "059b609c659c7bdcd50ce243", "status": "ok", "MRR": 1.0, "R@20": 1.0, "lat_ms": 1766}
{"i": 15, "n": 18, "case": "b66e29e02b053a063bf3b2cb", "status": "ok", "MRR": 0.25, "R@20": 1.0, "lat_ms": 2852}
{"i": 16, "n": 18, "case": "905cb984fcc398499266921f", "status": "ok", "MRR": 1.0, "R@20": 1.0, "lat_ms": 1803}
{"i": 17, "n": 18, "case": "ba0ebe0ae358bc3f0bad6bfb", "status": "ok", "MRR": 0.25, "R@20": 1.0, "lat_ms": 1929}
{"i": 18, "n": 18, "case": "87e49f6ef719d28a89d244a0", "status": "ok", "MRR": 0.167, "R@20": 1.0, "lat_ms": 1723}
{"run_id": "I-final-hybrid_rerank-r4-v1", "MRR": 0.544973544973545, "R@20": 0.8703703703703703, "BCY": 0.45370370370370366, "skipped": 0}
