18 snapshots, 0 done, 18 pending
{"repo": "aio-libs/aiohttp", "revision": "0b6c9170e0099768987cb22e5aeabdb4fba34f41", "source_id": "105e4442-ba26-4e94-aaa9-e053cfbfca32", "status": "indexed", "metadata": {"chunks_created": 4144, "files_indexed": 376}, "elapsed_s": 249.3}
{"repo": "aio-libs/aiohttp", "revision": "3f726162517dc7a0a44bd37c834b663a26deada8", "source_id": "4460623a-98e4-49e9-836c-5d881a55c3ad", "status": "indexed", "metadata": {"chunks_created": 4090, "files_indexed": 362}, "elapsed_s": 249.5}
{"repo": "gorilla/mux", "revision": "815b8c6a2641cd336000b3fb159b5741d0dc0113", "source_id": "9760b1a9-d917-4d65-89dc-6995c4aa14b8", "status": "indexed", "metadata": {"chunks_created": 216, "files_indexed": 22}, "elapsed_s": 13.3}
{"repo": "gorilla/mux", "revision": "3d80bc801bb034e17cae38591335b3b1110f1c47", "source_id": "dff35cf0-21e2-4837-a8f9-159158af916b", "status": "indexed", "metadata": {"chunks_created": 212, "files_indexed": 21}, "elapsed_s": 13.0}
{"repo": "gorilla/mux", "revision": "d83b6ffe499a29cc05fc977988d0392851779620", "source_id": "33bd73ba-012c-4aaa-aeeb-04a3091a634c", "status": "indexed", "metadata": {"chunks_created": 217, "files_indexed": 22}, "elapsed_s": 12.3}
{"repo": "helix-editor/helix", "revision": "afadf91f4c0bdd7b63b0cab5d08d0448539225c7", "source_id": "c9073e54-94f2-49a6-85ec-2970b83f1363", "status": "indexed", "metadata": {"chunks_created": 3309, "files_indexed": 551}, "elapsed_s": 196.0}
{"repo": "aio-libs/aiohttp", "revision": "bcfe363831f3360e2dbb59bffbd2721f2dbe063e", "source_id": "81644797-924b-4bce-8cc3-0b56d7829170", "status": "indexed", "metadata": {"chunks_created": 4072, "files_indexed": 371}, "elapsed_s": 241.3}
{"repo": "helix-editor/helix", "revision": "a8f85a5a638853de9c702756759aa532c2c1b3db", "source_id": "d1831211-f8e5-4cba-9a65-907742a7b971", "status": "indexed", "metadata": {"chunks_created": 3308, "files_indexed": 551}, "elapsed_s": 196.9}
{"repo": "helix-editor/helix", "revision": "9fa976f3b2f84e223880a40dcf6a606dba294fe5", "source_id": "560cb63a-7070-4ffa-a4f5-0864a5dd8669", "status": "indexed", "metadata": {"chunks_created": 3309, "files_indexed": 551}, "elapsed_s": 203.4}
{"repo": "junit-team/junit5", "revision": "c8198685bd2abe25a27aa200b57c1151040a5506", "source_id": "257e46ed-ed4c-4676-a3d0-731668b84f9b", "status": "indexed", "metadata": {"chunks_created": 4324, "files_indexed": 1980}, "elapsed_s": 415.7}
{"repo": "junit-team/junit5", "revision": "b2284a5ab4a0b3f66be5ee7e732ca7ec7ffbd5c6", "source_id": "f94f55be-57d5-4daa-ab03-0122799df39a", "status": "indexed", "metadata": {"chunks_created": 4400, "files_indexed": 2003}, "elapsed_s": 415.8}
{"repo": "preactjs/preact", "revision": "2b82799e3d4dbd6c9a791e4b319ac85cd1c99ea6", "source_id": "529896af-b664-4340-9594-086af04612bc", "status": "indexed", "metadata": {"chunks_created": 1104, "files_indexed": 298}, "elapsed_s": 59.5}
{"repo": "preactjs/preact", "revision": "cf6942dc229dcb16d8257a6aa01e7d4d673da58f", "source_id": "b0cd2f7b-6750-4298-a58f-213090e9f3c8", "status": "indexed", "metadata": {"chunks_created": 1238, "files_indexed": 338}, "elapsed_s": 65.2}
{"repo": "preactjs/preact", "revision": "2a788d638ecfe97fd88c52609c7d426bc50aa1c0", "source_id": "df7954c2-53f6-4cac-a9ac-957fbba8aae7", "status": "indexed", "metadata": {"chunks_created": 1108, "files_indexed": 298}, "elapsed_s": 56.4}
{"repo": "rs/zerolog", "revision": "6d6350a51143b5c0d0a6a3b736ee2b41315f7269", "source_id": "a3249c3f-b995-48ec-a904-3901c5c8946d", "status": "indexed", "metadata": {"chunks_created": 685, "files_indexed": 73}, "elapsed_s": 35.6}
{"repo": "rs/zerolog", "revision": "1170ccfb07953ca67a1d4754e43a9ce9f7b54738", "source_id": "b4607849-c32b-4db3-87a0-557d8a7bbeb0", "status": "indexed", "metadata": {"chunks_created": 1144, "files_indexed": 96}, "elapsed_s": 60.8}
{"repo": "junit-team/junit5", "revision": "e47b9bb4d3c1a03fe6b4c2df4c53540d14875b06", "source_id": "e923562b-b663-4cca-9c49-c42f2d438315", "status": "indexed", "metadata": {"chunks_created": 4358, "files_indexed": 1993}, "elapsed_s": 290.9}
{"repo": "rs/zerolog", "revision": "3543e9d94bc5ed088dd2d9ad1d19c7ccd0fa65f5", "source_id": "a0738f31-00e2-45eb-a72a-d5c9504534a3", "status": "indexed", "metadata": {"chunks_created": 800, "files_indexed": 84}, "elapsed_s": 43.6}
provisioning complete
