20 snapshots, 0 done, 20 pending
{"repo": "django/django", "revision": "e6588aa4e793b7f56f4cadbfa155b581e0efc59a", "source_id": "fdb827a6-e0fa-4465-96b2-8fa266ff748e", "status": "indexed", "metadata": {"chunks_created": 10758, "files_indexed": 3051}, "elapsed_s": 686.5}
{"repo": "astropy/astropy", "revision": "1a4462d72eb03f30dc83a879b1dd57aac8b2c18b", "source_id": "b1077ece-26e6-4dd6-84a9-dc44216726cc", "status": "indexed", "metadata": {"chunks_created": 12316, "files_indexed": 1549}, "elapsed_s": 894.7}
{"repo": "django/django", "revision": "06909fe084f87a65459a83bd69d7cdbe4fce9a7c", "source_id": "39c79910-5f27-4c41-ab9f-dd3c010d53f3", "status": "indexed", "metadata": {"chunks_created": 10947, "files_indexed": 3093}, "elapsed_s": 692.2}
{"repo": "django/django", "revision": "7fa1a93c6c8109010a6ff3f604fda83b604e0e97", "source_id": "5b4be3fa-3637-4337-89de-9baeffa0f525", "status": "indexed", "metadata": {"chunks_created": 11063, "files_indexed": 3114}, "elapsed_s": 650.2}
{"repo": "django/django", "revision": "2d67222472f80f251607ae1b720527afceba06ad", "source_id": "0224a91b-94a8-4aa0-ba45-b1e4f4474f98", "status": "indexed", "metadata": {"chunks_created": 11281, "files_indexed": 3174}, "elapsed_s": 710.8}
{"repo": "django/django", "revision": "84609b3205905097d7d3038d32e6101f012c0619", "source_id": "d15dab0d-0472-4444-979c-0badf2d9626e", "status": "indexed", "metadata": {"chunks_created": 11345, "files_indexed": 3201}, "elapsed_s": 668.3}
{"repo": "django/django", "revision": "bc04941bf811d1ea2c79fb7fc20457ed2c7e3410", "source_id": "5375f49a-3ffc-43bc-a5b7-3bd8d72f3c42", "status": "indexed", "metadata": {"chunks_created": 11479, "files_indexed": 3224}, "elapsed_s": 670.0}
{"repo": "django/django", "revision": "7f33c1e22dbc34a7afae7967783725b10f1f13b1", "source_id": "d9102211-d21a-4bc6-a628-c55bdf8cba57", "status": "indexed", "metadata": {"chunks_created": 11599, "files_indexed": 3246}, "elapsed_s": 714.4}
{"repo": "django/django", "revision": "9a6e2df3a8f01ea761529bec48e5a8dc0ea9575b", "source_id": "b12ea426-15f7-4b81-8972-21eea57a662a", "status": "indexed", "metadata": {"chunks_created": 11757, "files_indexed": 3301}, "elapsed_s": 706.1}
{"repo": "django/django", "revision": "88e67a54b7ed0210c11523a337b498aadb2f5187", "source_id": "5b9c4ec2-3d02-4555-950e-a6b157ffe675", "status": "indexed", "metadata": {"chunks_created": 12009, "files_indexed": 3343}, "elapsed_s": 717.6}
{"repo": "matplotlib/matplotlib", "revision": "a0d2e399729d36499a1924e5ca5bc067c8396810", "source_id": "7a9ee4fa-fb79-403e-83c7-7b9b218254e1", "status": "indexed", "metadata": {"chunks_created": 7419, "files_indexed": 1553}, "elapsed_s": 453.9}
{"repo": "pydata/xarray", "revision": "e05fddea852d08fc0845f954b79deb9e9f9ff883", "source_id": "b9c7ee22-9781-486c-bcec-6ef412a0d2f9", "status": "indexed", "metadata": {"chunks_created": 2262, "files_indexed": 223}, "elapsed_s": 137.2}
{"repo": "matplotlib/matplotlib", "revision": "fa68f46289adf4a8a4bc7ba97ded8258ec9d079c", "source_id": "0ce6e188-4afc-4ace-b408-00271632e09b", "status": "indexed", "metadata": {"chunks_created": 8778, "files_indexed": 1668}, "elapsed_s": 526.3}
{"repo": "pytest-dev/pytest", "revision": "c98bc4cd3d687fe9b392d8eecd905627191d4f06", "source_id": "1331f72d-927f-4915-98c6-5a08b9215071", "status": "indexed", "metadata": {"chunks_created": 2339, "files_indexed": 484}, "elapsed_s": 149.5}
{"repo": "sphinx-doc/sphinx", "revision": "31eba1a76dd485dc633cae48227b46879eda5df4", "source_id": "cb1f22cd-da70-485b-bda4-00ee7a3e87fe", "status": "indexed", "metadata": {"chunks_created": 4241, "files_indexed": 1023}, "elapsed_s": 246.9}
{"repo": "scikit-learn/scikit-learn", "revision": "a061ada48efccf0845acae17009553e01764452b", "source_id": "32f14f77-b034-42f2-86b7-96a2852c9f78", "status": "indexed", "metadata": {"chunks_created": 6743, "files_indexed": 975}, "elapsed_s": 393.7}
{"repo": "sphinx-doc/sphinx", "revision": "b3e26a6c851133b82b50f4b68b53692076574d13", "source_id": "707ded71-6769-4f5d-a590-3051a243d751", "status": "indexed", "metadata": {"chunks_created": 3839, "files_indexed": 899}, "elapsed_s": 286.9}
{"repo": "sympy/sympy", "revision": "c6753448b5c34f95e250105d76709fe4d349ca1f", "source_id": "467fc983-0bc4-4654-b8f6-7d273d8a6dfe", "status": "indexed", "metadata": {"chunks_created": 17039, "files_indexed": 1467}, "elapsed_s": 976.4}
{"repo": "sympy/sympy", "revision": "25fbcce5b1a4c7e3956e6062930f4a44ce95a632", "source_id": "a8fb2ff4-0c3d-42c8-8f5e-78e8d387cce3", "status": "indexed", "metadata": {"chunks_created": 26071, "files_indexed": 1669}, "elapsed_s": 1596.8}
{"repo": "sympy/sympy", "revision": "832c24fec1046eaa544a4cab4c69e3af3e651759", "source_id": "ac4e53ed-8d23-4ae8-bfe9-9d0c0b80626f", "status": "indexed", "metadata": {"chunks_created": 28526, "files_indexed": 1862}, "elapsed_s": 1751.9}
provisioning complete
