20 snapshots, 0 done, 20 pending
{"repo": "django/django", "revision": "e7fd69d051eaa67cb17f172a39b57253e9cb831a", "source_id": "1052bcbe-eb9d-4673-ad1f-1a9f8032c896", "status": "indexed", "metadata": {"chunks_created": 10706, "files_indexed": 3042}, "elapsed_s": 707.4}
{"repo": "astropy/astropy", "revision": "298ccb478e6bf092953bca67a3d29dc6c35f6752", "source_id": "55f69862-7f43-47bd-98f9-4446b4c86629", "status": "indexed", "metadata": {"chunks_created": 12032, "files_indexed": 1514}, "elapsed_s": 800.5}
{"repo": "django/django", "revision": "b1d6b35e146aea83b171c1b921178bbaae2795ed", "source_id": "6a818053-9fba-4433-97a9-3069bc3f26f9", "status": "indexed", "metadata": {"chunks_created": 10927, "files_indexed": 3091}, "elapsed_s": 660.9}
{"repo": "django/django", "revision": "3fb7c12158a2402f0f80824f6778112071235803", "source_id": "0adbe784-1303-49e8-a076-412f6ffd4756", "status": "indexed", "metadata": {"chunks_created": 11018, "files_indexed": 3106}, "elapsed_s": 704.0}
{"repo": "django/django", "revision": "f83b44075dafa429d59e8755aa47e15577cc49f9", "source_id": "b979a648-e154-4568-b6d1-18b0e323c6c0", "status": "indexed", "metadata": {"chunks_created": 11258, "files_indexed": 3168}, "elapsed_s": 659.8}
{"repo": "django/django", "revision": "8954f255bbf5f4ee997fd6de62cb50fc9b5dd697", "source_id": "65314bd9-f028-4507-a295-e8cf757576e5", "status": "indexed", "metadata": {"chunks_created": 11335, "files_indexed": 3200}, "elapsed_s": 683.2}
{"repo": "django/django", "revision": "0c42cdf0d2422f4c080e93594d5d15381d6e955e", "source_id": "e5896f55-62c9-4272-addf-3e800d0e1598", "status": "indexed", "metadata": {"chunks_created": 11427, "files_indexed": 3214}, "elapsed_s": 725.1}
{"repo": "django/django", "revision": "910ecd1b8df7678f45c3d507dde6bcb1faafa243", "source_id": "6a4f746c-99c2-4d40-9c92-9a5ce73bd787", "status": "indexed", "metadata": {"chunks_created": 11618, "files_indexed": 3246}, "elapsed_s": 716.0}
{"repo": "django/django", "revision": "475cffd1d64c690cdad16ede4d5e81985738ceb4", "source_id": "7922b30d-9fa4-4d74-8d50-9ed4acefa745", "status": "indexed", "metadata": {"chunks_created": 11684, "files_indexed": 3255}, "elapsed_s": 760.6}
{"repo": "django/django", "revision": "694cf458f16b8d340a3195244196980b2dec34fd", "source_id": "133100c4-a549-4f08-b362-526584d3c4b9", "status": "indexed", "metadata": {"chunks_created": 11953, "files_indexed": 3335}, "elapsed_s": 763.1}
{"repo": "matplotlib/matplotlib", "revision": "26224d96066b5c60882296c551f54ca7732c0af0", "source_id": "f5472f95-2928-4e63-9d9b-2a5a0c066fa7", "status": "indexed", "metadata": {"chunks_created": 8696, "files_indexed": 1636}, "elapsed_s": 540.1}
{"repo": "django/django", "revision": "d3d173425fc0a1107836da5b4567f1c88253191b", "source_id": "01f5434a-e1e8-4ea1-adfd-afeabf439084", "status": "indexed", "metadata": {"chunks_created": 12153, "files_indexed": 3352}, "elapsed_s": 765.5}
{"repo": "pydata/xarray", "revision": "118f4d996e7711c9aced916e6049af9f28d5ec66", "source_id": "0621e8ec-6a06-495d-b59c-0169212fa790", "status": "indexed", "metadata": {"chunks_created": 1831, "files_indexed": 195}, "elapsed_s": 116.4}
{"repo": "pylint-dev/pylint", "revision": "1f8c4d9eb185c16a2c1d881c054f015e1c2eb334", "source_id": "de59b240-74ed-46d2-842a-03cb976c0137", "status": "indexed", "metadata": {"chunks_created": 7506, "files_indexed": 2571}, "elapsed_s": 375.4}
{"repo": "scikit-learn/scikit-learn", "revision": "bfc4a566423e036fbdc9fb02765fd893e4860c85", "source_id": "c2303770-77c4-4c4e-973a-124b5e2b8d45", "status": "indexed", "metadata": {"chunks_created": 6651, "files_indexed": 970}, "elapsed_s": 398.8}
{"repo": "sphinx-doc/sphinx", "revision": "ac2b7599d212af7d04649959ce6926c63c3133fa", "source_id": "47b52700-b6be-435e-a9dd-8a6acf8124c9", "status": "indexed", "metadata": {"chunks_created": 4356, "files_indexed": 1079}, "elapsed_s": 262.2}
{"repo": "scikit-learn/scikit-learn", "revision": "06632c0d185128a53c57ccc73b25b6408e90bb89", "source_id": "06d5b8bf-2451-4687-b884-65f2cddb54de", "status": "indexed", "metadata": {"chunks_created": 6997, "files_indexed": 943}, "elapsed_s": 421.4}
{"repo": "sympy/sympy", "revision": "479939f8c65c8c2908bbedc959549a257a7c0b0b", "source_id": "656be3bb-cb54-4cff-b1fe-e656780ad53c", "status": "indexed", "metadata": {"chunks_created": 14429, "files_indexed": 1357}, "elapsed_s": 917.9}
{"repo": "sympy/sympy", "revision": "94fb720696f5f5d12bad8bc813699fd696afd2fb", "source_id": "82887a24-ef1b-4bff-8ad9-a2cea1924f99", "status": "indexed", "metadata": {"chunks_created": 25994, "files_indexed": 1663}, "elapsed_s": 1556.0}
{"repo": "sympy/sympy", "revision": "82298df6a51491bfaad0c6d1980e7e3ca808ae93", "source_id": "67198c14-ff01-4911-8012-9622fb5db425", "status": "indexed", "metadata": {"chunks_created": 27233, "files_indexed": 1755}, "elapsed_s": 1666.0}
provisioning complete
