20 snapshots, 0 done, 20 pending
{"repo": "astropy/astropy", "revision": "a7141cd90019b62688d507ae056298507678c058", "source_id": "c7a73766-9718-4de8-8d49-7662d181a327", "status": "indexed", "metadata": {"chunks_created": 10127, "files_indexed": 1453}, "elapsed_s": 679.3}
{"repo": "django/django", "revision": "19fc6376ce67d01ca37a91ef2f55ef769f50513a", "source_id": "f05b2f50-2f18-4981-9b75-22a2111e2e1b", "status": "indexed", "metadata": {"chunks_created": 10760, "files_indexed": 3051}, "elapsed_s": 724.4}
{"repo": "django/django", "revision": "b93a0e34d9b9b99d41103782b7e7aeabf47517e3", "source_id": "f54f9be2-997c-4b7f-90ce-5d8c5adaa299", "status": "indexed", "metadata": {"chunks_created": 10975, "files_indexed": 3098}, "elapsed_s": 654.4}
{"repo": "django/django", "revision": "22a59c01c00cf9fbefaee0e8e67fab82bbaf1fd2", "source_id": "a6a1683e-b9ec-4a6e-8015-dc5ff26a02fe", "status": "indexed", "metadata": {"chunks_created": 11250, "files_indexed": 3168}, "elapsed_s": 685.7}
{"repo": "django/django", "revision": "6e9c5ee88fc948e05b4a7d9f82a8861ed2b0343d", "source_id": "db636a7d-5475-4fa1-8321-7e935799ea50", "status": "indexed", "metadata": {"chunks_created": 11322, "files_indexed": 3196}, "elapsed_s": 678.4}
{"repo": "django/django", "revision": "e64c1d8055a3e476122633da141f16b50f0c4a2d", "source_id": "997ac655-1307-4207-b30f-64da86f574e7", "status": "indexed", "metadata": {"chunks_created": 11450, "files_indexed": 3223}, "elapsed_s": 663.1}
{"repo": "django/django", "revision": "5e04e84d67da8163f365e9f5fcd169e2630e2873", "source_id": "1d9a7fa0-8f48-4899-8178-7a27a1491c61", "status": "indexed", "metadata": {"chunks_created": 11532, "files_indexed": 3232}, "elapsed_s": 730.9}
{"repo": "django/django", "revision": "84400d2e9db7c51fee4e9bb04c028f665b8e7624", "source_id": "105f9f65-fb5b-4a04-b9cb-785ba3077343", "status": "indexed", "metadata": {"chunks_created": 11600, "files_indexed": 3246}, "elapsed_s": 753.7}
{"repo": "django/django", "revision": "859a87d873ce7152af73ab851653b4e1c3ffea4c", "source_id": "e070ec4f-9cb3-463a-9b84-c20891614639", "status": "indexed", "metadata": {"chunks_created": 11921, "files_indexed": 3326}, "elapsed_s": 759.8}
{"repo": "django/django", "revision": "02c356f2f3945b8075735d485c3cf48cad991011", "source_id": "42ffb045-f323-4c26-84f4-27cdf02caedd", "status": "indexed", "metadata": {"chunks_created": 12090, "files_indexed": 3341}, "elapsed_s": 717.6}
{"repo": "psf/requests", "revision": "847735553aeda6e6633f2b32e14ba14ba86887a4", "source_id": "2fcf682a-0bb2-4cf9-9a6b-02c7263fee1e", "status": "indexed", "metadata": {"chunks_created": 404, "files_indexed": 110}, "elapsed_s": 59.1}
{"repo": "pydata/xarray", "revision": "51ef2a66c4e0896eab7d2b03e3dfb3963e338e3c", "source_id": "661b998d-d6b1-460b-b62d-1ea892d10f1d", "status": "indexed", "metadata": {"chunks_created": 2347, "files_indexed": 229}, "elapsed_s": 142.3}
{"repo": "pytest-dev/pytest", "revision": "19ad5889353c7f5f2b65cc2acd346b7a9e95dfcd", "source_id": "dffcbfc2-b152-49b6-9679-4d67f0fb8472", "status": "indexed", "metadata": {"chunks_created": 2377, "files_indexed": 501}, "elapsed_s": 145.6}
{"repo": "matplotlib/matplotlib", "revision": "14c96b510ebeba40f573e512299b1976f35b620e", "source_id": "511b8473-6e28-4bcd-86c2-fba0a9cd5aa6", "status": "indexed", "metadata": {"chunks_created": 7815, "files_indexed": 1491}, "elapsed_s": 480.1}
{"repo": "sphinx-doc/sphinx", "revision": "cab2d93076d0cca7c53fac885f927dde3e2a5fec", "source_id": "3c65c070-4a53-49b9-a5f0-24c40f238a5b", "status": "indexed", "metadata": {"chunks_created": 4250, "files_indexed": 1032}, "elapsed_s": 258.1}
{"repo": "scikit-learn/scikit-learn", "revision": "37b0e66c871e8fb032a9c7086b2a1d5419838154", "source_id": "92543cae-d7f3-4add-a1f1-0efc8d742cd8", "status": "indexed", "metadata": {"chunks_created": 6837, "files_indexed": 936}, "elapsed_s": 429.5}
{"repo": "sphinx-doc/sphinx", "revision": "939c7bb7ff7c53a4d27df067cea637540f0e1dad", "source_id": "af53a965-16e3-4fe8-8ce2-1022455e3479", "status": "indexed", "metadata": {"chunks_created": 4142, "files_indexed": 994}, "elapsed_s": 248.5}
{"repo": "sympy/sympy", "revision": "aefdd023dc4f73c441953ed51f5f05a076f0862f", "source_id": "0c3b837f-4300-47aa-b792-b594d81fcf5c", "status": "indexed", "metadata": {"chunks_created": 18824, "files_indexed": 1560}, "elapsed_s": 1161.7}
{"repo": "sympy/sympy", "revision": "bdb49c4abfb35554a3c8ce761696ffff3bb837fe", "source_id": "4eb19dd3-6cb2-4b1b-8324-62b2f0619c6f", "status": "indexed", "metadata": {"chunks_created": 26588, "files_indexed": 1712}, "elapsed_s": 1607.5}
{"repo": "sympy/sympy", "revision": "88664e6e0b781d0a8b5347896af74b555e92891e", "source_id": "f04026ac-b5b7-4513-a8b8-6a67f17ec892", "status": "indexed", "metadata": {"chunks_created": 28611, "files_indexed": 1865}, "elapsed_s": 1722.2}
provisioning complete
