INFO:     Started server process [66123]
INFO:     Waiting for application startup.
INFO:     Application startup complete.
INFO:     Uvicorn running on http://127.0.0.1:8123 (Press CTRL+C to quit)
INFO:     127.0.0.1:53978 - "GET /api/runs HTTP/1.1" 500 Internal Server Error
ERROR:    Exception in ASGI application
Traceback (most recent call last):
  File "/Users/aayambansal/Desktop/syntheticsciences/delphi/new/round3/.venv/lib/python3.12/site-packages/uvicorn/protocols/http/h11_impl.py", line 416, in run_asgi
    result = await app(  # type: ignore[func-returns-value]
             ^^^^^^^^^^^^^^^^^^^^^^^^^^^^^^^^^^^^^^^^^^^^^^
  File "/Users/aayambansal/Desktop/syntheticsciences/delphi/new/round3/.venv/lib/python3.12/site-packages/uvicorn/middleware/proxy_headers.py", line 63, in __call__
    return await self.app(scope, receive, send)
           ^^^^^^^^^^^^^^^^^^^^^^^^^^^^^^^^^^^^
  File "/Users/aayambansal/Desktop/syntheticsciences/delphi/new/round3/.venv/lib/python3.12/site-packages/fastapi/applications.py", line 1163, in __call__
    await super().__call__(scope, receive, send)
  File "/Users/aayambansal/Desktop/syntheticsciences/delphi/new/round3/.venv/lib/python3.12/site-packages/starlette/applications.py", line 96, in __call__
    await self.middleware_stack(scope, receive, send)
  File "/Users/aayambansal/Desktop/syntheticsciences/delphi/new/round3/.venv/lib/python3.12/site-packages/starlette/middleware/errors.py", line 186, in __call__
    raise exc
  File "/Users/aayambansal/Desktop/syntheticsciences/delphi/new/round3/.venv/lib/python3.12/site-packages/starlette/middleware/errors.py", line 164, in __call__
    await self.app(scope, receive, _send)
  File "/Users/aayambansal/Desktop/syntheticsciences/delphi/new/round3/.venv/lib/python3.12/site-packages/starlette/middleware/exceptions.py", line 63, in __call__
    await wrap_app_handling_exceptions(self.app, conn)(scope, receive, send)
  File "/Users/aayambansal/Desktop/syntheticsciences/delphi/new/round3/.venv/lib/python3.12/site-packages/starlette/_exception_handler.py", line 53, in wrapped_app
    raise exc
  File "/Users/aayambansal/Desktop/syntheticsciences/delphi/new/round3/.venv/lib/python3.12/site-packages/starlette/_exception_handler.py", line 42, in wrapped_app
    await app(scope, receive, sender)
  File "/Users/aayambansal/Desktop/syntheticsciences/delphi/new/round3/.venv/lib/python3.12/site-packages/fastapi/middleware/asyncexitstack.py", line 18, in __call__
    await self.app(scope, receive, send)
  File "/Users/aayambansal/Desktop/syntheticsciences/delphi/new/round3/.venv/lib/python3.12/site-packages/starlette/routing.py", line 670, in __call__
    await self.middleware_stack(scope, receive, send)
  File "/Users/aayambansal/Desktop/syntheticsciences/delphi/new/round3/.venv/lib/python3.12/site-packages/fastapi/routing.py", line 2734, in app
    await route.handle(scope, receive, send)
  File "/Users/aayambansal/Desktop/syntheticsciences/delphi/new/round3/.venv/lib/python3.12/site-packages/fastapi/routing.py", line 1281, in handle
    await super().handle(scope, receive, send)
  File "/Users/aayambansal/Desktop/syntheticsciences/delphi/new/round3/.venv/lib/python3.12/site-packages/starlette/routing.py", line 280, in handle
    await self.app(scope, receive, send)
  File "/Users/aayambansal/Desktop/syntheticsciences/delphi/new/round3/.venv/lib/python3.12/site-packages/fastapi/routing.py", line 158, in app
    await wrap_app_handling_exceptions(app, request)(scope, receive, send)
  File "/Users/aayambansal/Desktop/syntheticsciences/delphi/new/round3/.venv/lib/python3.12/site-packages/starlette/_exception_handler.py", line 53, in wrapped_app
    raise exc
  File "/Users/aayambansal/Desktop/syntheticsciences/delphi/new/round3/.venv/lib/python3.12/site-packages/starlette/_exception_handler.py", line 42, in wrapped_app
    await app(scope, receive, sender)
  File "/Users/aayambansal/Desktop/syntheticsciences/delphi/new/round3/.venv/lib/python3.12/site-packages/fastapi/routing.py", line 144, in app
    response = await f(request)
               ^^^^^^^^^^^^^^^^
  File "/Users/aayambansal/Desktop/syntheticsciences/delphi/new/round3/.venv/lib/python3.12/site-packages/fastapi/routing.py", line 706, in app
    raw_response = await run_endpoint_function(
                   ^^^^^^^^^^^^^^^^^^^^^^^^^^^^
  File "/Users/aayambansal/Desktop/syntheticsciences/delphi/new/round3/.venv/lib/python3.12/site-packages/fastapi/routing.py", line 354, in run_endpoint_function
    return await run_in_threadpool(dependant.call, **values)
           ^^^^^^^^^^^^^^^^^^^^^^^^^^^^^^^^^^^^^^^^^^^^^^^^^
  File "/Users/aayambansal/Desktop/syntheticsciences/delphi/new/round3/.venv/lib/python3.12/site-packages/starlette/concurrency.py", line 34, in run_in_threadpool
    return await anyio.to_thread.run_sync(func)
           ^^^^^^^^^^^^^^^^^^^^^^^^^^^^^^^^^^^^
  File "/Users/aayambansal/Desktop/syntheticsciences/delphi/new/round3/.venv/lib/python3.12/site-packages/anyio/to_thread.py", line 65, in run_sync
    return await get_async_backend().run_sync_in_worker_thread(
           ^^^^^^^^^^^^^^^^^^^^^^^^^^^^^^^^^^^^^^^^^^^^^^^^^^^^
  File "/Users/aayambansal/Desktop/syntheticsciences/delphi/new/round3/.venv/lib/python3.12/site-packages/anyio/_backends/_asyncio.py", line 2641, in run_sync_in_worker_thread
    return await future
           ^^^^^^^^^^^^
  File "/Users/aayambansal/Desktop/syntheticsciences/delphi/new/round3/.venv/lib/python3.12/site-packages/anyio/_backends/_asyncio.py", line 1033, in run
    result = context.run(func, *args)
             ^^^^^^^^^^^^^^^^^^^^^^^^
  File "/Users/aayambansal/Desktop/syntheticsciences/delphi/new/round3/dashboard/app.py", line 246, in api_runs
    return JSONResponse([dict(r) for r in q("SELECT * FROM runs ORDER BY created_at DESC")])
                                          ^^^^^^^^^^^^^^^^^^^^^^^^^^^^^^^^^^^^^^^^^^^^^^^^
  File "/Users/aayambansal/Desktop/syntheticsciences/delphi/new/round3/dashboard/app.py", line 25, in q
    return conn.execute(sql, args).fetchall()
           ^^^^^^^^^^^^^^^^^^^^^^^
sqlite3.OperationalError: no such table: runs
